Archive member included to satisfy reference by file (symbol)

/home/gs-ms/Ac6/SystemWorkbench/plugins/fr.ac6.mcu.externaltools.arm-none.linux64_1.13.0.201701261201/tools/compiler/bin/../lib/gcc/arm-none-eabi/5.4.1/armv7e-m/fpu/libgcc.a(_arm_addsubdf3.o)
                              User_Drivers/Src/cc1101_routine.o (__aeabi_dsub)
/home/gs-ms/Ac6/SystemWorkbench/plugins/fr.ac6.mcu.externaltools.arm-none.linux64_1.13.0.201701261201/tools/compiler/bin/../lib/gcc/arm-none-eabi/5.4.1/armv7e-m/fpu/libgcc.a(_arm_muldivdf3.o)
                              User_Drivers/Src/cc1101_routine.o (__aeabi_dmul)
/home/gs-ms/Ac6/SystemWorkbench/plugins/fr.ac6.mcu.externaltools.arm-none.linux64_1.13.0.201701261201/tools/compiler/bin/../lib/gcc/arm-none-eabi/5.4.1/armv7e-m/fpu/libgcc.a(_arm_fixunsdfsi.o)
                              User_Drivers/Src/cc1101_routine.o (__aeabi_d2uiz)
/home/gs-ms/Ac6/SystemWorkbench/plugins/fr.ac6.mcu.externaltools.arm-none.linux64_1.13.0.201701261201/tools/compiler/bin/../lib/gcc/arm-none-eabi/5.4.1/armv7e-m/fpu/libgcc.a(_arm_truncdfsf2.o)
                              User_Drivers/Src/cc1101_routine.o (__aeabi_d2f)
/home/gs-ms/Ac6/SystemWorkbench/plugins/fr.ac6.mcu.externaltools.arm-none.linux64_1.13.0.201701261201/tools/compiler/bin/../lib/gcc/arm-none-eabi/5.4.1/armv7e-m/fpu/libgcc.a(_aeabi_uldivmod.o)
                              Drivers/STM32L4xx_HAL_Driver/Src/stm32l4xx_hal_uart.o (__aeabi_uldivmod)
/home/gs-ms/Ac6/SystemWorkbench/plugins/fr.ac6.mcu.externaltools.arm-none.linux64_1.13.0.201701261201/tools/compiler/bin/../lib/gcc/arm-none-eabi/5.4.1/armv7e-m/fpu/libgcc.a(_udivmoddi4.o)
                              /home/gs-ms/Ac6/SystemWorkbench/plugins/fr.ac6.mcu.externaltools.arm-none.linux64_1.13.0.201701261201/tools/compiler/bin/../lib/gcc/arm-none-eabi/5.4.1/armv7e-m/fpu/libgcc.a(_aeabi_uldivmod.o) (__udivmoddi4)
/home/gs-ms/Ac6/SystemWorkbench/plugins/fr.ac6.mcu.externaltools.arm-none.linux64_1.13.0.201701261201/tools/compiler/bin/../lib/gcc/arm-none-eabi/5.4.1/armv7e-m/fpu/libgcc.a(_dvmd_tls.o)
                              /home/gs-ms/Ac6/SystemWorkbench/plugins/fr.ac6.mcu.externaltools.arm-none.linux64_1.13.0.201701261201/tools/compiler/bin/../lib/gcc/arm-none-eabi/5.4.1/armv7e-m/fpu/libgcc.a(_aeabi_uldivmod.o) (__aeabi_ldiv0)
/home/gs-ms/Ac6/SystemWorkbench/plugins/fr.ac6.mcu.externaltools.arm-none.linux64_1.13.0.201701261201/tools/compiler/bin/../lib/gcc/arm-none-eabi/5.4.1/../../../../arm-none-eabi/lib/armv7e-m/fpu/libc_nano.a(lib_a-exit.o)
                              /home/gs-ms/Ac6/SystemWorkbench/plugins/fr.ac6.mcu.externaltools.arm-none.linux64_1.13.0.201701261201/tools/compiler/bin/../lib/gcc/arm-none-eabi/5.4.1/../../../../arm-none-eabi/lib/armv7e-m/fpu/crt0.o (exit)
/home/gs-ms/Ac6/SystemWorkbench/plugins/fr.ac6.mcu.externaltools.arm-none.linux64_1.13.0.201701261201/tools/compiler/bin/../lib/gcc/arm-none-eabi/5.4.1/../../../../arm-none-eabi/lib/armv7e-m/fpu/libc_nano.a(lib_a-impure.o)
                              /home/gs-ms/Ac6/SystemWorkbench/plugins/fr.ac6.mcu.externaltools.arm-none.linux64_1.13.0.201701261201/tools/compiler/bin/../lib/gcc/arm-none-eabi/5.4.1/../../../../arm-none-eabi/lib/armv7e-m/fpu/libc_nano.a(lib_a-exit.o) (_global_impure_ptr)
/home/gs-ms/Ac6/SystemWorkbench/plugins/fr.ac6.mcu.externaltools.arm-none.linux64_1.13.0.201701261201/tools/compiler/bin/../lib/gcc/arm-none-eabi/5.4.1/../../../../arm-none-eabi/lib/armv7e-m/fpu/libc_nano.a(lib_a-init.o)
                              /home/gs-ms/Ac6/SystemWorkbench/plugins/fr.ac6.mcu.externaltools.arm-none.linux64_1.13.0.201701261201/tools/compiler/bin/../lib/gcc/arm-none-eabi/5.4.1/../../../../arm-none-eabi/lib/armv7e-m/fpu/crt0.o (__libc_init_array)
/home/gs-ms/Ac6/SystemWorkbench/plugins/fr.ac6.mcu.externaltools.arm-none.linux64_1.13.0.201701261201/tools/compiler/bin/../lib/gcc/arm-none-eabi/5.4.1/../../../../arm-none-eabi/lib/armv7e-m/fpu/libc_nano.a(lib_a-memcmp.o)
                              User_Drivers/Src/galois_field_codes_utils/algebra_2_4.o (memcmp)
/home/gs-ms/Ac6/SystemWorkbench/plugins/fr.ac6.mcu.externaltools.arm-none.linux64_1.13.0.201701261201/tools/compiler/bin/../lib/gcc/arm-none-eabi/5.4.1/../../../../arm-none-eabi/lib/armv7e-m/fpu/libc_nano.a(lib_a-memcpy-stub.o)
                              User_Drivers/Src/cc1101_routine.o (memcpy)
/home/gs-ms/Ac6/SystemWorkbench/plugins/fr.ac6.mcu.externaltools.arm-none.linux64_1.13.0.201701261201/tools/compiler/bin/../lib/gcc/arm-none-eabi/5.4.1/../../../../arm-none-eabi/lib/armv7e-m/fpu/libc_nano.a(lib_a-memset.o)
                              /home/gs-ms/Ac6/SystemWorkbench/plugins/fr.ac6.mcu.externaltools.arm-none.linux64_1.13.0.201701261201/tools/compiler/bin/../lib/gcc/arm-none-eabi/5.4.1/../../../../arm-none-eabi/lib/armv7e-m/fpu/crt0.o (memset)
[...]
Memory Configuration

Name             Origin             Length             Attributes
RAM              0x20000000         0x00018000         xrw
RAM2             0x10000000         0x00008000         xrw
FLASH            0x08000000         0x00100000         xr
*default*        0x00000000         0xffffffff

Linker script and memory map

LOAD /home/gs-ms/Ac6/SystemWorkbench/plugins/fr.ac6.mcu.externaltools.arm-none.linux64_1.13.0.201701261201/tools/compiler/bin/../lib/gcc/arm-none-eabi/5.4.1/armv7e-m/fpu/crti.o
LOAD /home/gs-ms/Ac6/SystemWorkbench/plugins/fr.ac6.mcu.externaltools.arm-none.linux64_1.13.0.201701261201/tools/compiler/bin/../lib/gcc/arm-none-eabi/5.4.1/armv7e-m/fpu/crtbegin.o
LOAD /home/gs-ms/Ac6/SystemWorkbench/plugins/fr.ac6.mcu.externaltools.arm-none.linux64_1.13.0.201701261201/tools/compiler/bin/../lib/gcc/arm-none-eabi/5.4.1/../../../../arm-none-eabi/lib/armv7e-m/fpu/crt0.o
LOAD Drivers/STM32L4xx_HAL_Driver/Src/stm32l4xx_hal.o
LOAD Drivers/STM32L4xx_HAL_Driver/Src/stm32l4xx_hal_cortex.o
LOAD Drivers/STM32L4xx_HAL_Driver/Src/stm32l4xx_hal_dma.o
LOAD Drivers/STM32L4xx_HAL_Driver/Src/stm32l4xx_hal_flash.o
LOAD Drivers/STM32L4xx_HAL_Driver/Src/stm32l4xx_hal_flash_ex.o
LOAD Drivers/STM32L4xx_HAL_Driver/Src/stm32l4xx_hal_flash_ramfunc.o
LOAD Drivers/STM32L4xx_HAL_Driver/Src/stm32l4xx_hal_gpio.o
LOAD Drivers/STM32L4xx_HAL_Driver/Src/stm32l4xx_hal_i2c.o
LOAD Drivers/STM32L4xx_HAL_Driver/Src/stm32l4xx_hal_i2c_ex.o
LOAD Drivers/STM32L4xx_HAL_Driver/Src/stm32l4xx_hal_pwr.o
LOAD Drivers/STM32L4xx_HAL_Driver/Src/stm32l4xx_hal_pwr_ex.o
LOAD Drivers/STM32L4xx_HAL_Driver/Src/stm32l4xx_hal_rcc.o
LOAD Drivers/STM32L4xx_HAL_Driver/Src/stm32l4xx_hal_rcc_ex.o
LOAD Drivers/STM32L4xx_HAL_Driver/Src/stm32l4xx_hal_rng.o
LOAD Drivers/STM32L4xx_HAL_Driver/Src/stm32l4xx_hal_spi.o
LOAD Drivers/STM32L4xx_HAL_Driver/Src/stm32l4xx_hal_spi_ex.o
LOAD Drivers/STM32L4xx_HAL_Driver/Src/stm32l4xx_hal_tim.o
LOAD Drivers/STM32L4xx_HAL_Driver/Src/stm32l4xx_hal_tim_ex.o
LOAD Drivers/STM32L4xx_HAL_Driver/Src/stm32l4xx_hal_uart.o
LOAD Drivers/STM32L4xx_HAL_Driver/Src/stm32l4xx_hal_uart_ex.o
LOAD Src/dma.o
LOAD Src/gpio.o
LOAD Src/main.o
LOAD Src/rng.o
LOAD Src/spi.o
LOAD Src/stm32l4xx_hal_msp.o
LOAD Src/stm32l4xx_it.o
LOAD Src/system_stm32l4xx.o
LOAD Src/tim.o
LOAD Src/usart.o
LOAD User_Drivers/Src/cc1101_routine.o
LOAD User_Drivers/Src/circular_queue.o
LOAD User_Drivers/Src/command_parser.o
LOAD User_Drivers/Src/link_layer.o
LOAD User_Drivers/Src/of_reed-solomon_gf_2_m_api.o
LOAD User_Drivers/Src/rs_work.o
LOAD User_Drivers/Src/simple_link.o
LOAD User_Drivers/Src/utils.o
LOAD User_Drivers/Src/galois_field_codes_utils/algebra_2_4.o
LOAD User_Drivers/Src/galois_field_codes_utils/of_galois_field_code.o
LOAD startup/startup_stm32l476xx.o
START GROUP
LOAD /home/gs-ms/Ac6/SystemWorkbench/plugins/fr.ac6.mcu.externaltools.arm-none.linux64_1.13.0.201701261201/tools/compiler/bin/../lib/gcc/arm-none-eabi/5.4.1/armv7e-m/fpu/libgcc.a
LOAD /home/gs-ms/Ac6/SystemWorkbench/plugins/fr.ac6.mcu.externaltools.arm-none.linux64_1.13.0.201701261201/tools/compiler/bin/../lib/gcc/arm-none-eabi/5.4.1/../../../../arm-none-eabi/lib/armv7e-m/fpu/libc_nano.a
END GROUP
START GROUP
LOAD /home/gs-ms/Ac6/SystemWorkbench/plugins/fr.ac6.mcu.externaltools.arm-none.linux64_1.13.0.201701261201/tools/compiler/bin/../lib/gcc/arm-none-eabi/5.4.1/armv7e-m/fpu/libgcc.a
LOAD /home/gs-ms/Ac6/SystemWorkbench/plugins/fr.ac6.mcu.externaltools.arm-none.linux64_1.13.0.201701261201/tools/compiler/bin/../lib/gcc/arm-none-eabi/5.4.1/../../../../arm-none-eabi/lib/armv7e-m/fpu/libc_nano.a
LOAD /home/gs-ms/Ac6/SystemWorkbench/plugins/fr.ac6.mcu.externaltools.arm-none.linux64_1.13.0.201701261201/tools/compiler/bin/../lib/gcc/arm-none-eabi/5.4.1/../../../../arm-none-eabi/lib/armv7e-m/fpu/libnosys.a
END GROUP
START GROUP
LOAD /home/gs-ms/Ac6/SystemWorkbench/plugins/fr.ac6.mcu.externaltools.arm-none.linux64_1.13.0.201701261201/tools/compiler/bin/../lib/gcc/arm-none-eabi/5.4.1/armv7e-m/fpu/libgcc.a
LOAD /home/gs-ms/Ac6/SystemWorkbench/plugins/fr.ac6.mcu.externaltools.arm-none.linux64_1.13.0.201701261201/tools/compiler/bin/../lib/gcc/arm-none-eabi/5.4.1/../../../../arm-none-eabi/lib/armv7e-m/fpu/libc_nano.a
LOAD /home/gs-ms/Ac6/SystemWorkbench/plugins/fr.ac6.mcu.externaltools.arm-none.linux64_1.13.0.201701261201/tools/compiler/bin/../lib/gcc/arm-none-eabi/5.4.1/../../../../arm-none-eabi/lib/armv7e-m/fpu/libnosys.a
END GROUP
LOAD /home/gs-ms/Ac6/SystemWorkbench/plugins/fr.ac6.mcu.externaltools.arm-none.linux64_1.13.0.201701261201/tools/compiler/bin/../lib/gcc/arm-none-eabi/5.4.1/armv7e-m/fpu/crtend.o
LOAD /home/gs-ms/Ac6/SystemWorkbench/plugins/fr.ac6.mcu.externaltools.arm-none.linux64_1.13.0.201701261201/tools/compiler/bin/../lib/gcc/arm-none-eabi/5.4.1/armv7e-m/fpu/crtn.o
                0x20018000                _estack = 0x20018000
                0x00000200                _Min_Heap_Size = 0x200
                0x00000400                _Min_Stack_Size = 0x400

.isr_vector     0x08000000      0x188
                0x08000000                . = ALIGN (0x8)
 *(.isr_vector)
 .isr_vector    0x08000000      0x188 startup/startup_stm32l476xx.o
                0x08000000                g_pfnVectors
                0x08000188                . = ALIGN (0x8)

.text           0x08000188     0x9700
                0x08000188                . = ALIGN (0x8)
 *(.text)
 .text          0x08000188       0x5c /home/gs-ms/Ac6/SystemWorkbench/plugins/fr.ac6.mcu.externaltools.arm-none.linux64_1.13.0.201701261201/tools/compiler/bin/../lib/gcc/arm-none-eabi/5.4.1/armv7e-m/fpu/crtbegin.o
 .text          0x080001e4      0x370 /home/gs-ms/Ac6/SystemWorkbench/plugins/fr.ac6.mcu.externaltools.arm-none.linux64_1.13.0.201701261201/tools/compiler/bin/../lib/gcc/arm-none-eabi/5.4.1/armv7e-m/fpu/libgcc.a(_arm_addsubdf3.o)
                0x080001e4                __aeabi_drsub
                0x080001ec                __aeabi_dsub
                0x080001ec                __subdf3
                0x080001f0                __adddf3
                0x080001f0                __aeabi_dadd
                0x08000468                __aeabi_ui2d
                0x08000468                __floatunsidf
                0x08000488                __floatsidf
                0x08000488                __aeabi_i2d
                0x080004ac                __extendsfdf2
                0x080004ac                __aeabi_f2d
                0x080004e8                __aeabi_ul2d
                0x080004e8                __floatundidf
                0x080004f8                __floatdidf
                0x080004f8                __aeabi_l2d
 .text          0x08000554      0x424 /home/gs-ms/Ac6/SystemWorkbench/plugins/fr.ac6.mcu.externaltools.arm-none.linux64_1.13.0.201701261201/tools/compiler/bin/../lib/gcc/arm-none-eabi/5.4.1/armv7e-m/fpu/libgcc.a(_arm_muldivdf3.o)
                0x08000554                __aeabi_dmul
                0x08000554                __muldf3
                0x080007a8                __aeabi_ddiv
                0x080007a8                __divdf3
 .text          0x08000978       0x40 /home/gs-ms/Ac6/SystemWorkbench/plugins/fr.ac6.mcu.externaltools.arm-none.linux64_1.13.0.201701261201/tools/compiler/bin/../lib/gcc/arm-none-eabi/5.4.1/armv7e-m/fpu/libgcc.a(_arm_fixunsdfsi.o)
                0x08000978                __fixunsdfsi
                0x08000978                __aeabi_d2uiz
 .text          0x080009b8       0x30 /home/gs-ms/Ac6/SystemWorkbench/plugins/fr.ac6.mcu.externaltools.arm-none.linux64_1.13.0.201701261201/tools/compiler/bin/../lib/gcc/arm-none-eabi/5.4.1/armv7e-m/fpu/libgcc.a(_aeabi_uldivmod.o)
                0x080009b8                __aeabi_uldivmod
 .text          0x080009e8      0x2e4 /home/gs-ms/Ac6/SystemWorkbench/plugins/fr.ac6.mcu.externaltools.arm-none.linux64_1.13.0.201701261201/tools/compiler/bin/../lib/gcc/arm-none-eabi/5.4.1/armv7e-m/fpu/libgcc.a(_udivmoddi4.o)
                0x080009e8                __udivmoddi4
 .text          0x08000ccc        0x4 /home/gs-ms/Ac6/SystemWorkbench/plugins/fr.ac6.mcu.externaltools.arm-none.linux64_1.13.0.201701261201/tools/compiler/bin/../lib/gcc/arm-none-eabi/5.4.1/armv7e-m/fpu/libgcc.a(_dvmd_tls.o)
                0x08000ccc                __aeabi_ldiv0
                0x08000ccc                __aeabi_idiv0
 .text          0x08000cd0      0x110 /home/gs-ms/Ac6/SystemWorkbench/plugins/fr.ac6.mcu.externaltools.arm-none.linux64_1.13.0.201701261201/tools/compiler/bin/../lib/gcc/arm-none-eabi/5.4.1/armv7e-m/fpu/libgcc.a(_arm_cmpdf2.o)
                0x08000cd0                __gtdf2
                0x08000cd0                __gedf2
                0x08000cd8                __ltdf2
                0x08000cd8                __ledf2
                0x08000ce0                __cmpdf2
                0x08000ce0                __eqdf2
                0x08000ce0                __nedf2
                0x08000d5c                __aeabi_cdrcmple
                0x08000d6c                __aeabi_cdcmple
                0x08000d6c                __aeabi_cdcmpeq
                0x08000d7c                __aeabi_dcmpeq
                0x08000d90                __aeabi_dcmplt
                0x08000da4                __aeabi_dcmple
                0x08000db8                __aeabi_dcmpge
                0x08000dcc                __aeabi_dcmpgt
 .text          0x08000de0       0x2c /home/gs-ms/Ac6/SystemWorkbench/plugins/fr.ac6.mcu.externaltools.arm-none.linux64_1.13.0.201701261201/tools/compiler/bin/../lib/gcc/arm-none-eabi/5.4.1/armv7e-m/fpu/libgcc.a(_arm_unorddf2.o)
                0x08000de0                __aeabi_dcmpun
                0x08000de0                __unorddf2
 *(.text*)
 .text.HAL_Init
                0x08000e0c       0x1c Drivers/STM32L4xx_HAL_Driver/Src/stm32l4xx_hal.o
                0x08000e0c                HAL_Init
 .text.HAL_InitTick
                0x08000e28       0x38 Drivers/STM32L4xx_HAL_Driver/Src/stm32l4xx_hal.o
                0x08000e28                HAL_InitTick
 .text.HAL_IncTick
                0x08000e60       0x1c Drivers/STM32L4xx_HAL_Driver/Src/stm32l4xx_hal.o
                0x08000e60                HAL_IncTick
 .text.HAL_GetTick
                0x08000e7c       0x18 Drivers/STM32L4xx_HAL_Driver/Src/stm32l4xx_hal.o
                0x08000e7c                HAL_GetTick
 .text.HAL_Delay
                0x08000e94       0x3c Drivers/STM32L4xx_HAL_Driver/Src/stm32l4xx_hal.o
                0x08000e94                HAL_Delay
 .text.NVIC_SetPriorityGrouping
                0x08000ed0       0x48 Drivers/STM32L4xx_HAL_Driver/Src/stm32l4xx_hal_cortex.o
 .text.NVIC_GetPriorityGrouping
                0x08000f18       0x1c Drivers/STM32L4xx_HAL_Driver/Src/stm32l4xx_hal_cortex.o
 .text.NVIC_EnableIRQ
                0x08000f34       0x34 Drivers/STM32L4xx_HAL_Driver/Src/stm32l4xx_hal_cortex.o
 .text.NVIC_DisableIRQ
                0x08000f68       0x34 Drivers/STM32L4xx_HAL_Driver/Src/stm32l4xx_hal_cortex.o
 .text.NVIC_SetPriority
                0x08000f9c       0x54 Drivers/STM32L4xx_HAL_Driver/Src/stm32l4xx_hal_cortex.o
 .text.NVIC_EncodePriority
                0x08000ff0       0x64 Drivers/STM32L4xx_HAL_Driver/Src/stm32l4xx_hal_cortex.o
 .text.SysTick_Config
                0x08001054       0x44 Drivers/STM32L4xx_HAL_Driver/Src/stm32l4xx_hal_cortex.o
 .text.HAL_NVIC_SetPriorityGrouping
                0x08001098       0x18 Drivers/STM32L4xx_HAL_Driver/Src/stm32l4xx_hal_cortex.o
                0x08001098                HAL_NVIC_SetPriorityGrouping
 .text.HAL_NVIC_SetPriority
                0x080010b0       0x38 Drivers/STM32L4xx_HAL_Driver/Src/stm32l4xx_hal_cortex.o
                0x080010b0                HAL_NVIC_SetPriority
 .text.HAL_NVIC_EnableIRQ
                0x080010e8       0x1c Drivers/STM32L4xx_HAL_Driver/Src/stm32l4xx_hal_cortex.o
                0x080010e8                HAL_NVIC_EnableIRQ
 .text.HAL_NVIC_DisableIRQ
                0x08001104       0x1c Drivers/STM32L4xx_HAL_Driver/Src/stm32l4xx_hal_cortex.o
                0x08001104                HAL_NVIC_DisableIRQ
 .text.HAL_SYSTICK_Config
                0x08001120       0x18 Drivers/STM32L4xx_HAL_Driver/Src/stm32l4xx_hal_cortex.o
                0x08001120                HAL_SYSTICK_Config
 .text.HAL_SYSTICK_CLKSourceConfig
                0x08001138       0x38 Drivers/STM32L4xx_HAL_Driver/Src/stm32l4xx_hal_cortex.o
                0x08001138                HAL_SYSTICK_CLKSourceConfig
 .text.HAL_SYSTICK_IRQHandler
                0x08001170        0xc Drivers/STM32L4xx_HAL_Driver/Src/stm32l4xx_hal_cortex.o
                0x08001170                HAL_SYSTICK_IRQHandler
 .text.HAL_SYSTICK_Callback
                0x0800117c       0x10 Drivers/STM32L4xx_HAL_Driver/Src/stm32l4xx_hal_cortex.o
                0x0800117c                HAL_SYSTICK_Callback
 .text.HAL_DMA_Init
                0x0800118c      0x17c Drivers/STM32L4xx_HAL_Driver/Src/stm32l4xx_hal_dma.o
                0x0800118c                HAL_DMA_Init
 .text.HAL_DMA_Start_IT
                0x08001308       0xc0 Drivers/STM32L4xx_HAL_Driver/Src/stm32l4xx_hal_dma.o
                0x08001308                HAL_DMA_Start_IT
 .text.HAL_DMA_Abort_IT
                0x080013c8       0x80 Drivers/STM32L4xx_HAL_Driver/Src/stm32l4xx_hal_dma.o
                0x080013c8                HAL_DMA_Abort_IT
 .text.HAL_DMA_IRQHandler
                0x08001448      0x148 Drivers/STM32L4xx_HAL_Driver/Src/stm32l4xx_hal_dma.o
                0x08001448                HAL_DMA_IRQHandler
 .text.DMA_SetConfig
                0x08001590       0x5c Drivers/STM32L4xx_HAL_Driver/Src/stm32l4xx_hal_dma.o
 .text.HAL_GPIO_Init
                0x080015ec      0x358 Drivers/STM32L4xx_HAL_Driver/Src/stm32l4xx_hal_gpio.o
                0x080015ec                HAL_GPIO_Init
 .text.HAL_GPIO_ReadPin
                0x08001944       0x30 Drivers/STM32L4xx_HAL_Driver/Src/stm32l4xx_hal_gpio.o
                0x08001944                HAL_GPIO_ReadPin
 .text.HAL_GPIO_WritePin
                0x08001974       0x30 Drivers/STM32L4xx_HAL_Driver/Src/stm32l4xx_hal_gpio.o
                0x08001974                HAL_GPIO_WritePin
 .text.HAL_GPIO_EXTI_IRQHandler
                0x080019a4       0x30 Drivers/STM32L4xx_HAL_Driver/Src/stm32l4xx_hal_gpio.o
                0x080019a4                HAL_GPIO_EXTI_IRQHandler
 .text.HAL_PWREx_GetVoltageRange
                0x080019d4       0x1c Drivers/STM32L4xx_HAL_Driver/Src/stm32l4xx_hal_pwr_ex.o
                0x080019d4                HAL_PWREx_GetVoltageRange
 .text.HAL_PWREx_ControlVoltageScaling
                0x080019f0       0xa8 Drivers/STM32L4xx_HAL_Driver/Src/stm32l4xx_hal_pwr_ex.o
                0x080019f0                HAL_PWREx_ControlVoltageScaling
 .text.HAL_RCC_OscConfig
                0x08001a98      0x70c Drivers/STM32L4xx_HAL_Driver/Src/stm32l4xx_hal_rcc.o
                0x08001a98                HAL_RCC_OscConfig
 .text.HAL_RCC_ClockConfig
                0x080021a4      0x244 Drivers/STM32L4xx_HAL_Driver/Src/stm32l4xx_hal_rcc.o
                0x080021a4                HAL_RCC_ClockConfig
 .text.HAL_RCC_GetSysClockFreq
                0x080023e8      0x1f4 Drivers/STM32L4xx_HAL_Driver/Src/stm32l4xx_hal_rcc.o
                0x080023e8                HAL_RCC_GetSysClockFreq
 .text.HAL_RCC_GetHCLKFreq
                0x080025dc       0x18 Drivers/STM32L4xx_HAL_Driver/Src/stm32l4xx_hal_rcc.o
                0x080025dc                HAL_RCC_GetHCLKFreq
 .text.HAL_RCC_GetPCLK1Freq
                0x080025f4       0x44 Drivers/STM32L4xx_HAL_Driver/Src/stm32l4xx_hal_rcc.o
                0x080025f4                HAL_RCC_GetPCLK1Freq
 .text.HAL_RCC_GetPCLK2Freq
                0x08002638       0x44 Drivers/STM32L4xx_HAL_Driver/Src/stm32l4xx_hal_rcc.o
                0x08002638                HAL_RCC_GetPCLK2Freq
 .text.RCC_SetFlashLatencyFromMSIRange
                0x0800267c       0xc4 Drivers/STM32L4xx_HAL_Driver/Src/stm32l4xx_hal_rcc.o
 .text.HAL_RCCEx_PeriphCLKConfig
                0x08002740      0x5c8 Drivers/STM32L4xx_HAL_Driver/Src/stm32l4xx_hal_rcc_ex.o
                0x08002740                HAL_RCCEx_PeriphCLKConfig
 .text.RCCEx_PLLSAI1_Config
                0x08002d08      0x2a8 Drivers/STM32L4xx_HAL_Driver/Src/stm32l4xx_hal_rcc_ex.o
 .text.RCCEx_PLLSAI2_Config
                0x08002fb0      0x250 Drivers/STM32L4xx_HAL_Driver/Src/stm32l4xx_hal_rcc_ex.o
 .text.HAL_RNG_Init
                0x08003200       0x68 Drivers/STM32L4xx_HAL_Driver/Src/stm32l4xx_hal_rng.o
                0x08003200                HAL_RNG_Init
 .text.HAL_SPI_Init
                0x08003268      0x110 Drivers/STM32L4xx_HAL_Driver/Src/stm32l4xx_hal_spi.o
                0x08003268                HAL_SPI_Init
 .text.HAL_SPI_TransmitReceive
                0x08003378      0x400 Drivers/STM32L4xx_HAL_Driver/Src/stm32l4xx_hal_spi.o
                0x08003378                HAL_SPI_TransmitReceive
 .text.HAL_SPI_IRQHandler
                0x08003778      0x1b0 Drivers/STM32L4xx_HAL_Driver/Src/stm32l4xx_hal_spi.o
                0x08003778                HAL_SPI_IRQHandler
 .text.HAL_SPI_ErrorCallback
                0x08003928       0x14 Drivers/STM32L4xx_HAL_Driver/Src/stm32l4xx_hal_spi.o
                0x08003928                HAL_SPI_ErrorCallback
 .text.SPI_DMAAbortOnError
                0x0800393c       0x2c Drivers/STM32L4xx_HAL_Driver/Src/stm32l4xx_hal_spi.o
 .text.SPI_WaitFlagStateUntilTimeout
                0x08003968       0xd0 Drivers/STM32L4xx_HAL_Driver/Src/stm32l4xx_hal_spi.o
 .text.SPI_WaitFifoStateUntilTimeout
                0x08003a38       0xe0 Drivers/STM32L4xx_HAL_Driver/Src/stm32l4xx_hal_spi.o
 .text.SPI_EndRxTxTransaction
                0x08003b18       0x8c Drivers/STM32L4xx_HAL_Driver/Src/stm32l4xx_hal_spi.o
 .text.HAL_TIM_Base_Init
                0x08003ba4       0x58 Drivers/STM32L4xx_HAL_Driver/Src/stm32l4xx_hal_tim.o
                0x08003ba4                HAL_TIM_Base_Init
 .text.HAL_TIM_IRQHandler
                0x08003bfc      0x210 Drivers/STM32L4xx_HAL_Driver/Src/stm32l4xx_hal_tim.o
                0x08003bfc                HAL_TIM_IRQHandler
 .text.HAL_TIM_ConfigClockSource
                0x08003e0c      0x1c4 Drivers/STM32L4xx_HAL_Driver/Src/stm32l4xx_hal_tim.o
                0x08003e0c                HAL_TIM_ConfigClockSource
 .text.HAL_TIM_OC_DelayElapsedCallback
                0x08003fd0       0x14 Drivers/STM32L4xx_HAL_Driver/Src/stm32l4xx_hal_tim.o
                0x08003fd0                HAL_TIM_OC_DelayElapsedCallback
 .text.HAL_TIM_IC_CaptureCallback
                0x08003fe4       0x14 Drivers/STM32L4xx_HAL_Driver/Src/stm32l4xx_hal_tim.o
                0x08003fe4                HAL_TIM_IC_CaptureCallback
 .text.HAL_TIM_PWM_PulseFinishedCallback
                0x08003ff8       0x14 Drivers/STM32L4xx_HAL_Driver/Src/stm32l4xx_hal_tim.o
                0x08003ff8                HAL_TIM_PWM_PulseFinishedCallback
 .text.HAL_TIM_TriggerCallback
                0x0800400c       0x14 Drivers/STM32L4xx_HAL_Driver/Src/stm32l4xx_hal_tim.o
                0x0800400c                HAL_TIM_TriggerCallback
 .text.TIM_Base_SetConfig
                0x08004020      0x128 Drivers/STM32L4xx_HAL_Driver/Src/stm32l4xx_hal_tim.o
                0x08004020                TIM_Base_SetConfig
 .text.TIM_TI1_ConfigInputStage
                0x08004148       0x68 Drivers/STM32L4xx_HAL_Driver/Src/stm32l4xx_hal_tim.o
 .text.TIM_TI2_ConfigInputStage
                0x080041b0       0x68 Drivers/STM32L4xx_HAL_Driver/Src/stm32l4xx_hal_tim.o
 .text.TIM_ITRx_SetConfig
                0x08004218       0x40 Drivers/STM32L4xx_HAL_Driver/Src/stm32l4xx_hal_tim.o
 .text.TIM_ETR_SetConfig
                0x08004258       0x44 Drivers/STM32L4xx_HAL_Driver/Src/stm32l4xx_hal_tim.o
                0x08004258                TIM_ETR_SetConfig
 .text.HAL_TIMEx_MasterConfigSynchronization
                0x0800429c       0xa8 Drivers/STM32L4xx_HAL_Driver/Src/stm32l4xx_hal_tim_ex.o
                0x0800429c                HAL_TIMEx_MasterConfigSynchronization
 .text.HAL_TIMEx_CommutationCallback
                0x08004344       0x14 Drivers/STM32L4xx_HAL_Driver/Src/stm32l4xx_hal_tim_ex.o
                0x08004344                HAL_TIMEx_CommutationCallback
 .text.HAL_TIMEx_BreakCallback
                0x08004358       0x14 Drivers/STM32L4xx_HAL_Driver/Src/stm32l4xx_hal_tim_ex.o
                0x08004358                HAL_TIMEx_BreakCallback
 .text.HAL_UART_Init
                0x0800436c       0xa4 Drivers/STM32L4xx_HAL_Driver/Src/stm32l4xx_hal_uart.o
                0x0800436c                HAL_UART_Init
 .text.HAL_UART_Receive_DMA
                0x08004410       0xe8 Drivers/STM32L4xx_HAL_Driver/Src/stm32l4xx_hal_uart.o
                0x08004410                HAL_UART_Receive_DMA
 .text.HAL_UART_IRQHandler
                0x080044f8      0x24c Drivers/STM32L4xx_HAL_Driver/Src/stm32l4xx_hal_uart.o
                0x080044f8                HAL_UART_IRQHandler
 .text.HAL_UART_ErrorCallback
                0x08004744       0x14 Drivers/STM32L4xx_HAL_Driver/Src/stm32l4xx_hal_uart.o
                0x08004744                HAL_UART_ErrorCallback
 .text.UART_SetConfig
                0x08004758      0x648 Drivers/STM32L4xx_HAL_Driver/Src/stm32l4xx_hal_uart.o
                0x08004758                UART_SetConfig
 .text.UART_AdvFeatureConfig
                0x08004da0      0x144 Drivers/STM32L4xx_HAL_Driver/Src/stm32l4xx_hal_uart.o
                0x08004da0                UART_AdvFeatureConfig
 .text.UART_CheckIdleState
                0x08004ee4       0x94 Drivers/STM32L4xx_HAL_Driver/Src/stm32l4xx_hal_uart.o
                0x08004ee4                UART_CheckIdleState
 .text.UART_WaitOnFlagUntilTimeout
                0x08004f78       0x94 Drivers/STM32L4xx_HAL_Driver/Src/stm32l4xx_hal_uart.o
                0x08004f78                UART_WaitOnFlagUntilTimeout
 .text.UART_EndTxTransfer
                0x0800500c       0x2c Drivers/STM32L4xx_HAL_Driver/Src/stm32l4xx_hal_uart.o
 .text.UART_EndRxTransfer
                0x08005038       0x3c Drivers/STM32L4xx_HAL_Driver/Src/stm32l4xx_hal_uart.o
 .text.UART_DMAReceiveCplt
                0x08005074       0x6c Drivers/STM32L4xx_HAL_Driver/Src/stm32l4xx_hal_uart.o
 .text.UART_DMARxHalfCplt
                0x080050e0       0x1c Drivers/STM32L4xx_HAL_Driver/Src/stm32l4xx_hal_uart.o
 .text.UART_DMAError
                0x080050fc       0x78 Drivers/STM32L4xx_HAL_Driver/Src/stm32l4xx_hal_uart.o
 .text.UART_DMAAbortOnError
                0x08005174       0x2c Drivers/STM32L4xx_HAL_Driver/Src/stm32l4xx_hal_uart.o
 .text.UART_Transmit_IT
                0x080051a0       0xb0 Drivers/STM32L4xx_HAL_Driver/Src/stm32l4xx_hal_uart.o
 .text.UART_EndTransmit_IT
                0x08005250       0x30 Drivers/STM32L4xx_HAL_Driver/Src/stm32l4xx_hal_uart.o
 .text.UART_Receive_IT
                0x08005280       0xd8 Drivers/STM32L4xx_HAL_Driver/Src/stm32l4xx_hal_uart.o
 .text.HAL_UARTEx_WakeupCallback
                0x08005358       0x14 Drivers/STM32L4xx_HAL_Driver/Src/stm32l4xx_hal_uart_ex.o
                0x08005358                HAL_UARTEx_WakeupCallback
 .text.MX_DMA_Init
                0x0800536c       0x4c Src/dma.o
                0x0800536c                MX_DMA_Init
 .text.MX_GPIO_Init
                0x080053b8       0xdc Src/gpio.o
                0x080053b8                MX_GPIO_Init
 .text.main     0x08005494      0x248 Src/main.o
                0x08005494                main
 .text.SystemClock_Config
                0x080056dc      0x118 Src/main.o
                0x080056dc                SystemClock_Config
 .text.Error_Handler
                0x080057f4        0x8 Src/main.o
                0x080057f4                Error_Handler
 .text.MX_RNG_Init
                0x080057fc       0x28 Src/rng.o
                0x080057fc                MX_RNG_Init
 .text.HAL_RNG_MspInit
                0x08005824       0x40 Src/rng.o
                0x08005824                HAL_RNG_MspInit
 .text.MX_SPI1_Init
                0x08005864       0x7c Src/spi.o
                0x08005864                MX_SPI1_Init
 .text.HAL_SPI_MspInit
                0x080058e0       0x6c Src/spi.o
                0x080058e0                HAL_SPI_MspInit
 .text.spi_transfer
                0x0800594c       0x98 Src/spi.o
                0x0800594c                spi_transfer
 .text.HAL_MspInit
                0x080059e4       0x9c Src/stm32l4xx_hal_msp.o
                0x080059e4                HAL_MspInit
 .text.NMI_Handler
                0x08005a80       0x10 Src/stm32l4xx_it.o
                0x08005a80                NMI_Handler
 .text.HardFault_Handler
                0x08005a90        0x8 Src/stm32l4xx_it.o
                0x08005a90                HardFault_Handler
 .text.MemManage_Handler
                0x08005a98        0x8 Src/stm32l4xx_it.o
                0x08005a98                MemManage_Handler
 .text.BusFault_Handler
                0x08005aa0        0x8 Src/stm32l4xx_it.o
                0x08005aa0                BusFault_Handler
 .text.UsageFault_Handler
                0x08005aa8        0x8 Src/stm32l4xx_it.o
                0x08005aa8                UsageFault_Handler
 .text.SVC_Handler
                0x08005ab0       0x10 Src/stm32l4xx_it.o
                0x08005ab0                SVC_Handler
 .text.DebugMon_Handler
                0x08005ac0       0x10 Src/stm32l4xx_it.o
                0x08005ac0                DebugMon_Handler
 .text.PendSV_Handler
                0x08005ad0       0x10 Src/stm32l4xx_it.o
                0x08005ad0                PendSV_Handler
 .text.SysTick_Handler
                0x08005ae0       0x10 Src/stm32l4xx_it.o
                0x08005ae0                SysTick_Handler
 .text.EXTI0_IRQHandler
                0x08005af0       0x10 Src/stm32l4xx_it.o
                0x08005af0                EXTI0_IRQHandler
 .text.DMA1_Channel4_IRQHandler
                0x08005b00       0x14 Src/stm32l4xx_it.o
                0x08005b00                DMA1_Channel4_IRQHandler
 .text.DMA1_Channel5_IRQHandler
                0x08005b14       0x14 Src/stm32l4xx_it.o
                0x08005b14                DMA1_Channel5_IRQHandler
 .text.EXTI9_5_IRQHandler
                0x08005b28       0x10 Src/stm32l4xx_it.o
                0x08005b28                EXTI9_5_IRQHandler
 .text.TIM2_IRQHandler
                0x08005b38       0x14 Src/stm32l4xx_it.o
                0x08005b38                TIM2_IRQHandler
 .text.SPI1_IRQHandler
                0x08005b4c       0x14 Src/stm32l4xx_it.o
                0x08005b4c                SPI1_IRQHandler
 .text.USART1_IRQHandler
                0x08005b60       0x14 Src/stm32l4xx_it.o
                0x08005b60                USART1_IRQHandler
 .text.SystemInit
                0x08005b74       0x6c Src/system_stm32l4xx.o
                0x08005b74                SystemInit
 .text.MX_TIM2_Init
                0x08005be0       0x80 Src/tim.o
                0x08005be0                MX_TIM2_Init
 .text.HAL_TIM_Base_MspInit
                0x08005c60       0x48 Src/tim.o
                0x08005c60                HAL_TIM_Base_MspInit
 .text.MX_USART1_UART_Init
                0x08005ca8       0x60 Src/usart.o
                0x08005ca8                MX_USART1_UART_Init
 .text.HAL_UART_MspInit
                0x08005d08      0x124 Src/usart.o
                0x08005d08                HAL_UART_MspInit
 .text.usart_init_rx
                0x08005e2c       0x40 Src/usart.o
                0x08005e2c                usart_init_rx
 .text.HAL_UART_RxCpltCallback
                0x08005e6c       0x58 Src/usart.o
                0x08005e6c                HAL_UART_RxCpltCallback
 .text.HAL_UART_RxHalfCpltCallback
                0x08005ec4       0x58 Src/usart.o
                0x08005ec4                HAL_UART_RxHalfCpltCallback
 .text.HAL_UART_TxCpltCallback
                0x08005f1c       0x20 Src/usart.o
                0x08005f1c                HAL_UART_TxCpltCallback
 .text.cc1101_check
                0x08005f3c       0xc8 User_Drivers/Src/cc1101_routine.o
                0x08005f3c                cc1101_check
 .text.gdo0_isr
                0x08006004      0x1f0 User_Drivers/Src/cc1101_routine.o
                0x08006004                gdo0_isr
 .text.gdo2_isr
                0x080061f4      0x120 User_Drivers/Src/cc1101_routine.o
                0x080061f4                gdo2_isr
 .text.set_freq_parameters
                0x08006314       0x50 User_Drivers/Src/cc1101_routine.o
                0x08006314                set_freq_parameters
 .text.set_sync_parameters
                0x08006364       0x34 User_Drivers/Src/cc1101_routine.o
                0x08006364                set_sync_parameters
 .text.set_packet_parameters
                0x08006398       0x2c User_Drivers/Src/cc1101_routine.o
                0x08006398                set_packet_parameters
 .text.set_modulation_parameters
                0x080063c4       0x34 User_Drivers/Src/cc1101_routine.o
                0x080063c4                set_modulation_parameters
 .text.init_radio_config
                0x080063f8      0x2f0 User_Drivers/Src/cc1101_routine.o
                0x080063f8                init_radio_config
 .text.get_freq_word
                0x080066e8       0x3c User_Drivers/Src/cc1101_routine.o
 .text.get_if_word
                0x08006724       0x20 User_Drivers/Src/cc1101_routine.o
 .text.get_offset_word
                0x08006744       0x24 User_Drivers/Src/cc1101_routine.o
 .text.get_chanbw_words
                0x08006768       0x7c User_Drivers/Src/cc1101_routine.o
 *fill*         0x080067e4        0x4 
 .text.get_rate_words
                0x080067e8      0x250 User_Drivers/Src/cc1101_routine.o
 .text.reset_parameters
                0x08006a38       0x28 User_Drivers/Src/cc1101_routine.o
 .text.radio_turn_idle
                0x08006a60       0x8c User_Drivers/Src/cc1101_routine.o
 .text.radio_turn_rx_isr
                0x08006aec       0xc4 User_Drivers/Src/cc1101_routine.o
 .text.radio_turn_rx
                0x08006bb0       0x20 User_Drivers/Src/cc1101_routine.o
 .text.radio_turn_tx
                0x08006bd0       0x98 User_Drivers/Src/cc1101_routine.o
 .text.radio_flush_fifos
                0x08006c68       0x28 User_Drivers/Src/cc1101_routine.o
 .text.radio_send_block
                0x08006c90       0x80 User_Drivers/Src/cc1101_routine.o
 .text.radio_send_packet
                0x08006d10       0x6c User_Drivers/Src/cc1101_routine.o
                0x08006d10                radio_send_packet
 .text.enable_isr_routine
                0x08006d7c       0x6c User_Drivers/Src/cc1101_routine.o
                0x08006d7c                enable_isr_routine
 .text.CC_SPIWriteReg
                0x08006de8       0x74 User_Drivers/Src/cc1101_routine.o
 .text.CC_SPIWriteBurstReg
                0x08006e5c       0xc4 User_Drivers/Src/cc1101_routine.o
 .text.CC_SPIReadBurstReg
                0x08006f20       0xc8 User_Drivers/Src/cc1101_routine.o
 .text.CC_SPIReadStatus
                0x08006fe8       0x8c User_Drivers/Src/cc1101_routine.o
 .text.CC_SPIStrobe
                0x08007074       0x6c User_Drivers/Src/cc1101_routine.o
 .text.CC_PowerupResetCCxxxx
                0x080070e0       0x5c User_Drivers/Src/cc1101_routine.o
 .text.disable_IT
                0x0800713c       0x14 User_Drivers/Src/cc1101_routine.o
 .text.enable_IT
                0x08007150       0x28 User_Drivers/Src/cc1101_routine.o
 .text.HAL_TIM_PeriodElapsedCallback
                0x08007178       0x14 User_Drivers/Src/cc1101_routine.o
                0x08007178                HAL_TIM_PeriodElapsedCallback
 .text.HAL_GPIO_EXTI_Callback
                0x0800718c       0x28 User_Drivers/Src/cc1101_routine.o
                0x0800718c                HAL_GPIO_EXTI_Callback
 .text.allocate_memory
                0x080071b4       0x50 User_Drivers/Src/circular_queue.o
 .text.queue_init
                0x08007204       0x6c User_Drivers/Src/circular_queue.o
                0x08007204                queue_init
 .text.available_items
                0x08007270       0x1c User_Drivers/Src/circular_queue.o
                0x08007270                available_items
 .text.is_full  0x0800728c       0x28 User_Drivers/Src/circular_queue.o
                0x0800728c                is_full
 .text.is_empty
                0x080072b4       0x24 User_Drivers/Src/circular_queue.o
                0x080072b4                is_empty
 .text.enqueue  0x080072d8       0xa4 User_Drivers/Src/circular_queue.o
                0x080072d8                enqueue
 .text.dequeue  0x0800737c       0xa4 User_Drivers/Src/circular_queue.o
                0x0800737c                dequeue
 .text.init_command_handler
                0x08007420        0xc User_Drivers/Src/command_parser.o
                0x08007420                init_command_handler
 .text.build_llc_packet
                0x0800742c       0xb0 User_Drivers/Src/link_layer.o
                0x0800742c                build_llc_packet
 .text.init_chunk_handler
                0x080074dc       0x7c User_Drivers/Src/link_layer.o
                0x080074dc                init_chunk_handler
 .text.get_new_packet_from_chunk
                0x08007558      0x2ec User_Drivers/Src/link_layer.o
                0x08007558                get_new_packet_from_chunk
 .text.of_rs_2_m_create_codec_instance
                0x08007844       0x3c User_Drivers/Src/of_reed-solomon_gf_2_m_api.o
                0x08007844                of_rs_2_m_create_codec_instance
 .text.of_rs_2_m_set_fec_parameters
                0x08007880       0xe0 User_Drivers/Src/of_reed-solomon_gf_2_m_api.o
                0x08007880                of_rs_2_m_set_fec_parameters
 .text.of_rs_2_m_build_repair_symbol
                0x08007960       0x54 User_Drivers/Src/of_reed-solomon_gf_2_m_api.o
                0x08007960                of_rs_2_m_build_repair_symbol
 .text.Modified_Berlekamp_Massey
                0x080079b4      0x1d4 User_Drivers/Src/rs_work.o
 .text.compute_modified_omega
                0x08007b88       0x60 User_Drivers/Src/rs_work.o
 .text.mult_polys
                0x08007be8      0x190 User_Drivers/Src/rs_work.o
 .text.init_gamma
                0x08007d78       0x30 User_Drivers/Src/rs_work.o
 .text.compute_discrepancy
                0x08007da8       0x58 User_Drivers/Src/rs_work.o
 .text.copy_poly
                0x08007e00       0x3c User_Drivers/Src/rs_work.o
 .text.zero_poly
                0x08007e3c       0x34 User_Drivers/Src/rs_work.o
 .text.mul_z_poly
                0x08007e70       0x48 User_Drivers/Src/rs_work.o
 .text.Find_Roots
                0x08007eb8       0xac User_Drivers/Src/rs_work.o
 .text.correct_errors_erasures
                0x08007f64      0x17c User_Drivers/Src/rs_work.o
 .text.init_galois_tables
                0x080080e0        0xc User_Drivers/Src/rs_work.o
 .text.init_exp_table
                0x080080ec      0x11c User_Drivers/Src/rs_work.o
 .text.gmult    0x08008208       0x50 User_Drivers/Src/rs_work.o
 .text.ginv     0x08008258       0x30 User_Drivers/Src/rs_work.o
 .text.initialize_ecc
                0x08008288       0x18 User_Drivers/Src/rs_work.o
 .text.build_codeword
                0x080082a0       0x70 User_Drivers/Src/rs_work.o
 .text.decode_data
                0x08008310       0x70 User_Drivers/Src/rs_work.o
 .text.check_syndrome
                0x08008380       0x40 User_Drivers/Src/rs_work.o
 .text.compute_genpoly
                0x080083c0       0x90 User_Drivers/Src/rs_work.o
 .text.encode_data
                0x08008450      0x120 User_Drivers/Src/rs_work.o
 .text.encode_rs_message
                0x08008570       0x48 User_Drivers/Src/rs_work.o
                0x08008570                encode_rs_message
 .text.decode_rs_message
                0x080085b8       0x98 User_Drivers/Src/rs_work.o
                0x080085b8                decode_rs_message
 .text.swap_uint16
                0x08008650       0x28 User_Drivers/Src/simple_link.o
 .text._ntohs   0x08008678       0x1c User_Drivers/Src/simple_link.o
 .text.crc16_ccitt
                0x08008694       0x78 User_Drivers/Src/simple_link.o
 .text.prepare_simple_link
                0x0800870c       0x7c User_Drivers/Src/simple_link.o
                0x0800870c                prepare_simple_link
 .text.ms_count
                0x08008788       0x10 User_Drivers/Src/simple_link.o
                0x08008788                ms_count
 .text.get_simple_link_packet
                0x08008798      0x304 User_Drivers/Src/simple_link.o
                0x08008798                get_simple_link_packet
 .text.of_galois_field_2_4_addmul1_compact
                0x08008a9c      0x1a8 User_Drivers/Src/galois_field_codes_utils/algebra_2_4.o
                0x08008a9c                of_galois_field_2_4_addmul1_compact
 .text.of_galois_field_2_4_matmul
                0x08008c44       0xb8 User_Drivers/Src/galois_field_codes_utils/algebra_2_4.o
                0x08008c44                of_galois_field_2_4_matmul
 .text.of_galois_field_2_4_invert_vdm
                0x08008cfc      0x208 User_Drivers/Src/galois_field_codes_utils/algebra_2_4.o
                0x08008cfc                of_galois_field_2_4_invert_vdm
 .text.of_modnn
                0x08008f04       0x48 User_Drivers/Src/galois_field_codes_utils/of_galois_field_code.o
                0x08008f04                of_modnn
 .text.of_rs_2m_build_encoding_matrix
                0x08008f4c      0x13c User_Drivers/Src/galois_field_codes_utils/of_galois_field_code.o
                0x08008f4c                of_rs_2m_build_encoding_matrix
 .text.of_rs_2m_encode
                0x08009088       0xc4 User_Drivers/Src/galois_field_codes_utils/of_galois_field_code.o
                0x08009088                of_rs_2m_encode
 .text.Reset_Handler
                0x0800914c       0x50 startup/startup_stm32l476xx.o
                0x0800914c                Reset_Handler
 .text.Default_Handler
                0x0800919c        0x2 startup/startup_stm32l476xx.o
                0x0800919c                RTC_Alarm_IRQHandler
                0x0800919c                EXTI2_IRQHandler
                0x0800919c                TIM8_TRG_COM_IRQHandler
                0x0800919c                TIM8_CC_IRQHandler
                0x0800919c                TIM1_CC_IRQHandler
                0x0800919c                TSC_IRQHandler
                0x0800919c                TAMP_STAMP_IRQHandler
                0x0800919c                EXTI3_IRQHandler
                0x0800919c                LPTIM2_IRQHandler
                0x0800919c                DFSDM1_FLT1_IRQHandler
                0x0800919c                I2C3_ER_IRQHandler
                0x0800919c                DFSDM1_FLT2_IRQHandler
                0x0800919c                I2C2_EV_IRQHandler
                0x0800919c                CAN1_RX0_IRQHandler
                0x0800919c                FPU_IRQHandler
                0x0800919c                TIM1_UP_TIM16_IRQHandler
                0x0800919c                ADC1_2_IRQHandler
                0x0800919c                TIM6_DAC_IRQHandler
                0x0800919c                TIM8_UP_IRQHandler
                0x0800919c                DMA2_Channel2_IRQHandler
                0x0800919c                SAI2_IRQHandler
                0x0800919c                DFSDM1_FLT3_IRQHandler
                0x0800919c                USART3_IRQHandler
                0x0800919c                DMA1_Channel7_IRQHandler
                0x0800919c                CAN1_RX1_IRQHandler
                0x0800919c                LCD_IRQHandler
                0x0800919c                UART5_IRQHandler
                0x0800919c                ADC3_IRQHandler
                0x0800919c                TIM4_IRQHandler
                0x0800919c                DMA2_Channel1_IRQHandler
                0x0800919c                QUADSPI_IRQHandler
                0x0800919c                I2C1_EV_IRQHandler
                0x0800919c                DMA1_Channel6_IRQHandler
                0x0800919c                UART4_IRQHandler
                0x0800919c                DMA2_Channel4_IRQHandler
                0x0800919c                TIM3_IRQHandler
                0x0800919c                RCC_IRQHandler
                0x0800919c                DMA1_Channel1_IRQHandler
                0x0800919c                Default_Handler
                0x0800919c                DMA2_Channel7_IRQHandler
                0x0800919c                EXTI15_10_IRQHandler
                0x0800919c                TIM7_IRQHandler
                0x0800919c                SDMMC1_IRQHandler
                0x0800919c                TIM5_IRQHandler
                0x0800919c                I2C3_EV_IRQHandler
                0x0800919c                RTC_WKUP_IRQHandler
                0x0800919c                PVD_PVM_IRQHandler
                0x0800919c                SPI2_IRQHandler
                0x0800919c                CAN1_TX_IRQHandler
                0x0800919c                DMA2_Channel5_IRQHandler
                0x0800919c                EXTI4_IRQHandler
                0x0800919c                RNG_IRQHandler
                0x0800919c                TIM1_TRG_COM_TIM17_IRQHandler
                0x0800919c                DMA1_Channel3_IRQHandler
                0x0800919c                COMP_IRQHandler
                0x0800919c                WWDG_IRQHandler
                0x0800919c                LPUART1_IRQHandler
                0x0800919c                DMA2_Channel6_IRQHandler
                0x0800919c                EXTI1_IRQHandler
                0x0800919c                USART2_IRQHandler
                0x0800919c                DFSDM1_FLT0_IRQHandler
                0x0800919c                I2C2_ER_IRQHandler
                0x0800919c                DMA1_Channel2_IRQHandler
                0x0800919c                TIM8_BRK_IRQHandler
                0x0800919c                CAN1_SCE_IRQHandler
                0x0800919c                FLASH_IRQHandler
                0x0800919c                OTG_FS_IRQHandler
                0x0800919c                SPI3_IRQHandler
                0x0800919c                I2C1_ER_IRQHandler
                0x0800919c                FMC_IRQHandler
                0x0800919c                SWPMI1_IRQHandler
                0x0800919c                LPTIM1_IRQHandler
                0x0800919c                SAI1_IRQHandler
                0x0800919c                DMA2_Channel3_IRQHandler
                0x0800919c                TIM1_BRK_TIM15_IRQHandler
 *fill*         0x0800919e        0x2 
 .text.__libc_init_array
                0x080091a0       0x4c /home/gs-ms/Ac6/SystemWorkbench/plugins/fr.ac6.mcu.externaltools.arm-none.linux64_1.13.0.201701261201/tools/compiler/bin/../lib/gcc/arm-none-eabi/5.4.1/../../../../arm-none-eabi/lib/armv7e-m/fpu/libc_nano.a(lib_a-init.o)
                0x080091a0                __libc_init_array
 .text.memcpy   0x080091ec       0x16 /home/gs-ms/Ac6/SystemWorkbench/plugins/fr.ac6.mcu.externaltools.arm-none.linux64_1.13.0.201701261201/tools/compiler/bin/../lib/gcc/arm-none-eabi/5.4.1/../../../../arm-none-eabi/lib/armv7e-m/fpu/libc_nano.a(lib_a-memcpy-stub.o)
                0x080091ec                memcpy
 .text.memset   0x08009202       0x10 /home/gs-ms/Ac6/SystemWorkbench/plugins/fr.ac6.mcu.externaltools.arm-none.linux64_1.13.0.201701261201/tools/compiler/bin/../lib/gcc/arm-none-eabi/5.4.1/../../../../arm-none-eabi/lib/armv7e-m/fpu/libc_nano.a(lib_a-memset.o)
                0x08009202                memset
 *fill*         0x08009212        0x6 
 .text.floor    0x08009218      0x120 /home/gs-ms/Ac6/SystemWorkbench/plugins/fr.ac6.mcu.externaltools.arm-none.linux64_1.13.0.201701261201/tools/compiler/bin/../lib/gcc/arm-none-eabi/5.4.1/../../../../arm-none-eabi/lib/armv7e-m/fpu/libm.a(lib_a-s_floor.o)
                0x08009218                floor
 .text.log      0x08009338      0x110 /home/gs-ms/Ac6/SystemWorkbench/plugins/fr.ac6.mcu.externaltools.arm-none.linux64_1.13.0.201701261201/tools/compiler/bin/../lib/gcc/arm-none-eabi/5.4.1/../../../../arm-none-eabi/lib/armv7e-m/fpu/libm.a(lib_a-w_log.o)
                0x08009338                log
 .text.__ieee754_log
                0x08009448      0x408 /home/gs-ms/Ac6/SystemWorkbench/plugins/fr.ac6.mcu.externaltools.arm-none.linux64_1.13.0.201701261201/tools/compiler/bin/../lib/gcc/arm-none-eabi/5.4.1/../../../../arm-none-eabi/lib/armv7e-m/fpu/libm.a(lib_a-e_log.o)
                0x08009448                __ieee754_log
 .text.matherr  0x08009850        0x4 /home/gs-ms/Ac6/SystemWorkbench/plugins/fr.ac6.mcu.externaltools.arm-none.linux64_1.13.0.201701261201/tools/compiler/bin/../lib/gcc/arm-none-eabi/5.4.1/../../../../arm-none-eabi/lib/armv7e-m/fpu/libm.a(lib_a-s_matherr.o)
                0x08009850                matherr
 *fill*         0x08009854        0x4 
 .text.nan      0x08009858       0x10 /home/gs-ms/Ac6/SystemWorkbench/plugins/fr.ac6.mcu.externaltools.arm-none.linux64_1.13.0.201701261201/tools/compiler/bin/../lib/gcc/arm-none-eabi/5.4.1/../../../../arm-none-eabi/lib/armv7e-m/fpu/libm.a(lib_a-s_nan.o)
                0x08009858                nan
 *(.glue_7)
 .glue_7        0x08009868        0x0 linker stubs
 *(.glue_7t)
 .glue_7t       0x08009868        0x0 linker stubs
 *(.eh_frame)
 .eh_frame      0x08009868        0x0 /home/gs-ms/Ac6/SystemWorkbench/plugins/fr.ac6.mcu.externaltools.arm-none.linux64_1.13.0.201701261201/tools/compiler/bin/../lib/gcc/arm-none-eabi/5.4.1/armv7e-m/fpu/crtbegin.o
 *(.init)
 .init          0x08009868        0x4 /home/gs-ms/Ac6/SystemWorkbench/plugins/fr.ac6.mcu.externaltools.arm-none.linux64_1.13.0.201701261201/tools/compiler/bin/../lib/gcc/arm-none-eabi/5.4.1/armv7e-m/fpu/crti.o
                0x08009868                _init
 .init          0x0800986c        0x8 /home/gs-ms/Ac6/SystemWorkbench/plugins/fr.ac6.mcu.externaltools.arm-none.linux64_1.13.0.201701261201/tools/compiler/bin/../lib/gcc/arm-none-eabi/5.4.1/armv7e-m/fpu/crtn.o
 *(.fini)
 .fini          0x08009874        0x4 /home/gs-ms/Ac6/SystemWorkbench/plugins/fr.ac6.mcu.externaltools.arm-none.linux64_1.13.0.201701261201/tools/compiler/bin/../lib/gcc/arm-none-eabi/5.4.1/armv7e-m/fpu/crti.o
                0x08009874                _fini
 .fini          0x08009878        0x8 /home/gs-ms/Ac6/SystemWorkbench/plugins/fr.ac6.mcu.externaltools.arm-none.linux64_1.13.0.201701261201/tools/compiler/bin/../lib/gcc/arm-none-eabi/5.4.1/armv7e-m/fpu/crtn.o
 .fini.__stub   0x08009880        0x8 linker stubs
                0x08009888                . = ALIGN (0x8)
                0x08009888                _etext = .

.vfp11_veneer   0x08009888        0x0
 .vfp11_veneer  0x08009888        0x0 linker stubs

.v4_bx          0x08009888        0x0
 .v4_bx         0x08009888        0x0 linker stubs

.iplt           0x08009888        0x0
 .iplt          0x08009888        0x0 /home/gs-ms/Ac6/SystemWorkbench/plugins/fr.ac6.mcu.externaltools.arm-none.linux64_1.13.0.201701261201/tools/compiler/bin/../lib/gcc/arm-none-eabi/5.4.1/armv7e-m/fpu/crtbegin.o

.rodata         0x08009888     0x1188
                0x08009888                . = ALIGN (0x8)
 *(.rodata)
 .rodata        0x08009888        0x3 Src/main.o
 *fill*         0x0800988b        0x1 
 .rodata        0x0800988c       0x48 Src/system_stm32l4xx.o
                0x0800988c                AHBPrescTable
                0x0800989c                APBPrescTable
                0x080098a4                MSIRangeTable
 .rodata        0x080098d4     0x1130 User_Drivers/Src/galois_field_codes_utils/algebra_2_4.o
                0x080098d4                of_gf_2_4_log
                0x080098e4                of_gf_2_4_exp
                0x080098f4                of_gf_2_4_inv
                0x08009904                of_gf_2_4_mul_table
                0x08009a04                of_gf_2_4_opt_mul_table
 *(.rodata*)
 .rodata.str1.4
                0x0800aa04        0x8 /home/gs-ms/Ac6/SystemWorkbench/plugins/fr.ac6.mcu.externaltools.arm-none.linux64_1.13.0.201701261201/tools/compiler/bin/../lib/gcc/arm-none-eabi/5.4.1/../../../../arm-none-eabi/lib/armv7e-m/fpu/libm.a(lib_a-w_log.o)
                                  0x5 (size before relaxing)
                0x0800aa10                . = ALIGN (0x8)
 *fill*         0x0800aa0c        0x4 

.ARM.extab      0x0800aa10        0x0
                0x0800aa10                . = ALIGN (0x8)
 *(.ARM.extab* .gnu.linkonce.armextab.*)
                0x0800aa10                . = ALIGN (0x8)

.ARM            0x0800aa10        0x8
                0x0800aa10                . = ALIGN (0x8)
                0x0800aa10                __exidx_start = .
 *(.ARM.exidx*)
 .ARM.exidx     0x0800aa10        0x8 /home/gs-ms/Ac6/SystemWorkbench/plugins/fr.ac6.mcu.externaltools.arm-none.linux64_1.13.0.201701261201/tools/compiler/bin/../lib/gcc/arm-none-eabi/5.4.1/armv7e-m/fpu/libgcc.a(_udivmoddi4.o)
                0x0800aa18                __exidx_end = .
                0x0800aa18                . = ALIGN (0x8)

.rel.dyn        0x0800aa18        0x0
 .rel.iplt      0x0800aa18        0x0 /home/gs-ms/Ac6/SystemWorkbench/plugins/fr.ac6.mcu.externaltools.arm-none.linux64_1.13.0.201701261201/tools/compiler/bin/../lib/gcc/arm-none-eabi/5.4.1/armv7e-m/fpu/crtbegin.o

.preinit_array  0x0800aa18        0x0
                0x0800aa18                . = ALIGN (0x8)
                0x0800aa18                PROVIDE (__preinit_array_start, .)
 *(.preinit_array*)
                0x0800aa18                PROVIDE (__preinit_array_end, .)
                0x0800aa18                . = ALIGN (0x8)

.init_array     0x0800aa18        0x8
                0x0800aa18                . = ALIGN (0x8)
                0x0800aa18                PROVIDE (__init_array_start, .)
 *(SORT(.init_array.*))
 *(.init_array*)
 .init_array    0x0800aa18        0x4 /home/gs-ms/Ac6/SystemWorkbench/plugins/fr.ac6.mcu.externaltools.arm-none.linux64_1.13.0.201701261201/tools/compiler/bin/../lib/gcc/arm-none-eabi/5.4.1/armv7e-m/fpu/crtbegin.o
                0x0800aa1c                PROVIDE (__init_array_end, .)
                0x0800aa20                . = ALIGN (0x8)
 *fill*         0x0800aa1c        0x4 

.fini_array     0x0800aa20        0x8
                0x0800aa20                . = ALIGN (0x8)
                [!provide]                PROVIDE (__fini_array_start, .)
 *(SORT(.fini_array.*))
 *(.fini_array*)
 .fini_array    0x0800aa20        0x4 /home/gs-ms/Ac6/SystemWorkbench/plugins/fr.ac6.mcu.externaltools.arm-none.linux64_1.13.0.201701261201/tools/compiler/bin/../lib/gcc/arm-none-eabi/5.4.1/armv7e-m/fpu/crtbegin.o
                [!provide]                PROVIDE (__fini_array_end, .)
                0x0800aa28                . = ALIGN (0x8)
 *fill*         0x0800aa24        0x4 
                0x0800aa28                _sidata = LOADADDR (.data)

.data           0x20000000      0x288 load address 0x0800aa28
                0x20000000                . = ALIGN (0x8)
                0x20000000                _sdata = .
 *(.data)
 .data          0x20000000        0x4 Src/system_stm32l4xx.o
                0x20000000                SystemCoreClock
 .data          0x20000004       0x7c User_Drivers/Src/cc1101_routine.o
 .data          0x20000080      0x200 User_Drivers/Src/simple_link.o
 *(.data*)
 .data.__fdlib_version
                0x20000280        0x1 /home/gs-ms/Ac6/SystemWorkbench/plugins/fr.ac6.mcu.externaltools.arm-none.linux64_1.13.0.201701261201/tools/compiler/bin/../lib/gcc/arm-none-eabi/5.4.1/../../../../arm-none-eabi/lib/armv7e-m/fpu/libm.a(lib_a-s_lib_ver.o)
                0x20000280                __fdlib_version
                0x20000288                . = ALIGN (0x8)
 *fill*         0x20000281        0x7 
                0x20000288                _edata = .

.jcr            0x20000288        0x0 load address 0x0800acb0
 .jcr           0x20000288        0x0 /home/gs-ms/Ac6/SystemWorkbench/plugins/fr.ac6.mcu.externaltools.arm-none.linux64_1.13.0.201701261201/tools/compiler/bin/../lib/gcc/arm-none-eabi/5.4.1/armv7e-m/fpu/crtbegin.o

.igot.plt       0x20000288        0x0 load address 0x0800acb0
 .igot.plt      0x20000288        0x0 /home/gs-ms/Ac6/SystemWorkbench/plugins/fr.ac6.mcu.externaltools.arm-none.linux64_1.13.0.201701261201/tools/compiler/bin/../lib/gcc/arm-none-eabi/5.4.1/armv7e-m/fpu/crtbegin.o
                0x20000288                . = ALIGN (0x4)

.bss            0x20000288     0xbfb8 load address 0x0800acb0
                0x20000288                _sbss = .
                0x20000288                __bss_start__ = _sbss
 *(.bss)
 .bss           0x20000288       0x1c /home/gs-ms/Ac6/SystemWorkbench/plugins/fr.ac6.mcu.externaltools.arm-none.linux64_1.13.0.201701261201/tools/compiler/bin/../lib/gcc/arm-none-eabi/5.4.1/armv7e-m/fpu/crtbegin.o
 .bss           0x200002a4      0x334 Src/main.o
 .bss           0x200005d8        0x4 Src/usart.o
 .bss           0x200005dc      0x176 User_Drivers/Src/cc1101_routine.o
                0x2000074e                error_cnt
                0x20000750                spi_error_cnt
 *fill*         0x20000752        0x2 
 .bss           0x20000754     0xa008 User_Drivers/Src/circular_queue.o
                0x2000a758                aux_var
 .bss           0x2000a75c     0x160c User_Drivers/Src/rs_work.o
 *(.bss*)
 *(COMMON)
 COMMON         0x2000bd68        0x4 Drivers/STM32L4xx_HAL_Driver/Src/stm32l4xx_hal.o
                0x2000bd68                uwTick
 COMMON         0x2000bd6c        0xc Src/rng.o
                0x2000bd6c                hrng
 COMMON         0x2000bd78       0x64 Src/spi.o
                0x2000bd78                hspi1
 COMMON         0x2000bddc       0x3c Src/tim.o
                0x2000bddc                htim2
 COMMON         0x2000be18      0x114 Src/usart.o
                0x2000be18                hdma_usart1_tx
                0x2000be60                hdma_usart1_rx
                0x2000bea8                huart1
                0x2000bf18                uart_queue
 COMMON         0x2000bf2c      0x230 User_Drivers/Src/cc1101_routine.o
                0x2000bf2c                __errno
                0x2000bf30                circular_cc1101_queue
                0x2000bf44                radio_int_data
 COMMON         0x2000c15c       0xe1 User_Drivers/Src/galois_field_codes_utils/of_galois_field_code.o
                0x2000c15c                tmp_m
                0x2000c240                . = ALIGN (0x4)
 *fill*         0x2000c23d        0x3 
                0x2000c240                _ebss = .
                0x2000c240                __bss_end__ = _ebss

._user_heap_stack
                0x2000c240      0x600 load address 0x0800acb0
                0x2000c240                . = ALIGN (0x8)
                0x2000c240                PROVIDE (end, .)
                [!provide]                PROVIDE (_end, .)
                0x2000c440                . = (. + _Min_Heap_Size)
 *fill*         0x2000c240      0x200 
                0x2000c840                . = (. + _Min_Stack_Size)
 *fill*         0x2000c440      0x400 
                0x2000c840                . = ALIGN (0x8)

/DISCARD/
 libc.a(*)
 libm.a(*)
 libgcc.a(*)

.ARM.attributes
                0x00000000       0x30
 *(.ARM.attributes)
 .ARM.attributes
                0x00000000       0x22 /home/gs-ms/Ac6/SystemWorkbench/plugins/fr.ac6.mcu.externaltools.arm-none.linux64_1.13.0.201701261201/tools/compiler/bin/../lib/gcc/arm-none-eabi/5.4.1/armv7e-m/fpu/crti.o
 .ARM.attributes
                0x00000022       0x34 /home/gs-ms/Ac6/SystemWorkbench/plugins/fr.ac6.mcu.externaltools.arm-none.linux64_1.13.0.201701261201/tools/compiler/bin/../lib/gcc/arm-none-eabi/5.4.1/armv7e-m/fpu/crtbegin.o
 .ARM.attributes
                0x00000056       0x39 Drivers/STM32L4xx_HAL_Driver/Src/stm32l4xx_hal.o
 .ARM.attributes
                0x0000008f       0x39 Drivers/STM32L4xx_HAL_Driver/Src/stm32l4xx_hal_cortex.o
 .ARM.attributes
                0x000000c8       0x39 Drivers/STM32L4xx_HAL_Driver/Src/stm32l4xx_hal_dma.o
 .ARM.attributes
                0x00000101       0x39 Drivers/STM32L4xx_HAL_Driver/Src/stm32l4xx_hal_gpio.o
 .ARM.attributes
                0x0000013a       0x39 Drivers/STM32L4xx_HAL_Driver/Src/stm32l4xx_hal_pwr_ex.o
 .ARM.attributes
                0x00000173       0x39 Drivers/STM32L4xx_HAL_Driver/Src/stm32l4xx_hal_rcc.o
 .ARM.attributes
                0x000001ac       0x39 Drivers/STM32L4xx_HAL_Driver/Src/stm32l4xx_hal_rcc_ex.o
 .ARM.attributes
                0x000001e5       0x39 Drivers/STM32L4xx_HAL_Driver/Src/stm32l4xx_hal_rng.o
 .ARM.attributes
                0x0000021e       0x39 Drivers/STM32L4xx_HAL_Driver/Src/stm32l4xx_hal_spi.o
 .ARM.attributes
                0x00000257       0x39 Drivers/STM32L4xx_HAL_Driver/Src/stm32l4xx_hal_tim.o
 .ARM.attributes
                0x00000290       0x39 Drivers/STM32L4xx_HAL_Driver/Src/stm32l4xx_hal_tim_ex.o
 .ARM.attributes
                0x000002c9       0x39 Drivers/STM32L4xx_HAL_Driver/Src/stm32l4xx_hal_uart.o
 .ARM.attributes
                0x00000302       0x39 Drivers/STM32L4xx_HAL_Driver/Src/stm32l4xx_hal_uart_ex.o
 .ARM.attributes
                0x0000033b       0x39 Src/dma.o
 .ARM.attributes
                0x00000374       0x39 Src/gpio.o
 .ARM.attributes
                0x000003ad       0x39 Src/main.o
 .ARM.attributes
                0x000003e6       0x39 Src/rng.o
 .ARM.attributes
                0x0000041f       0x39 Src/spi.o
 .ARM.attributes
                0x00000458       0x39 Src/stm32l4xx_hal_msp.o
 .ARM.attributes
                0x00000491       0x39 Src/stm32l4xx_it.o
 .ARM.attributes
                0x000004ca       0x39 Src/system_stm32l4xx.o
 .ARM.attributes
                0x00000503       0x39 Src/tim.o
 .ARM.attributes
                0x0000053c       0x39 Src/usart.o
 .ARM.attributes
                0x00000575       0x39 User_Drivers/Src/cc1101_routine.o
 .ARM.attributes
                0x000005ae       0x39 User_Drivers/Src/circular_queue.o
 .ARM.attributes
                0x000005e7       0x39 User_Drivers/Src/command_parser.o
 .ARM.attributes
                0x00000620       0x39 User_Drivers/Src/link_layer.o
 .ARM.attributes
                0x00000659       0x39 User_Drivers/Src/of_reed-solomon_gf_2_m_api.o
 .ARM.attributes
                0x00000692       0x39 User_Drivers/Src/rs_work.o
 .ARM.attributes
                0x000006cb       0x39 User_Drivers/Src/simple_link.o
 .ARM.attributes
                0x00000704       0x39 User_Drivers/Src/galois_field_codes_utils/algebra_2_4.o
 .ARM.attributes
                0x0000073d       0x39 User_Drivers/Src/galois_field_codes_utils/of_galois_field_code.o
 .ARM.attributes
                0x00000776       0x21 startup/startup_stm32l476xx.o
 .ARM.attributes
                0x00000797       0x22 /home/gs-ms/Ac6/SystemWorkbench/plugins/fr.ac6.mcu.externaltools.arm-none.linux64_1.13.0.201701261201/tools/compiler/bin/../lib/gcc/arm-none-eabi/5.4.1/armv7e-m/fpu/libgcc.a(_arm_addsubdf3.o)
 .ARM.attributes
                0x000007b9       0x22 /home/gs-ms/Ac6/SystemWorkbench/plugins/fr.ac6.mcu.externaltools.arm-none.linux64_1.13.0.201701261201/tools/compiler/bin/../lib/gcc/arm-none-eabi/5.4.1/armv7e-m/fpu/libgcc.a(_arm_muldivdf3.o)
 .ARM.attributes
                0x000007db       0x22 /home/gs-ms/Ac6/SystemWorkbench/plugins/fr.ac6.mcu.externaltools.arm-none.linux64_1.13.0.201701261201/tools/compiler/bin/../lib/gcc/arm-none-eabi/5.4.1/armv7e-m/fpu/libgcc.a(_arm_fixunsdfsi.o)
 .ARM.attributes
                0x000007fd       0x22 /home/gs-ms/Ac6/SystemWorkbench/plugins/fr.ac6.mcu.externaltools.arm-none.linux64_1.13.0.201701261201/tools/compiler/bin/../lib/gcc/arm-none-eabi/5.4.1/armv7e-m/fpu/libgcc.a(_aeabi_uldivmod.o)
 .ARM.attributes
                0x0000081f       0x34 /home/gs-ms/Ac6/SystemWorkbench/plugins/fr.ac6.mcu.externaltools.arm-none.linux64_1.13.0.201701261201/tools/compiler/bin/../lib/gcc/arm-none-eabi/5.4.1/armv7e-m/fpu/libgcc.a(_udivmoddi4.o)
 .ARM.attributes
                0x00000853       0x22 /home/gs-ms/Ac6/SystemWorkbench/plugins/fr.ac6.mcu.externaltools.arm-none.linux64_1.13.0.201701261201/tools/compiler/bin/../lib/gcc/arm-none-eabi/5.4.1/armv7e-m/fpu/libgcc.a(_dvmd_tls.o)
 .ARM.attributes
                0x00000875       0x34 /home/gs-ms/Ac6/SystemWorkbench/plugins/fr.ac6.mcu.externaltools.arm-none.linux64_1.13.0.201701261201/tools/compiler/bin/../lib/gcc/arm-none-eabi/5.4.1/../../../../arm-none-eabi/lib/armv7e-m/fpu/libc_nano.a(lib_a-init.o)
 .ARM.attributes
                0x000008a9       0x34 /home/gs-ms/Ac6/SystemWorkbench/plugins/fr.ac6.mcu.externaltools.arm-none.linux64_1.13.0.201701261201/tools/compiler/bin/../lib/gcc/arm-none-eabi/5.4.1/../../../../arm-none-eabi/lib/armv7e-m/fpu/libc_nano.a(lib_a-memcpy-stub.o)
 .ARM.attributes
                0x000008dd       0x34 /home/gs-ms/Ac6/SystemWorkbench/plugins/fr.ac6.mcu.externaltools.arm-none.linux64_1.13.0.201701261201/tools/compiler/bin/../lib/gcc/arm-none-eabi/5.4.1/../../../../arm-none-eabi/lib/armv7e-m/fpu/libc_nano.a(lib_a-memset.o)
 .ARM.attributes
                0x00000911       0x22 /home/gs-ms/Ac6/SystemWorkbench/plugins/fr.ac6.mcu.externaltools.arm-none.linux64_1.13.0.201701261201/tools/compiler/bin/../lib/gcc/arm-none-eabi/5.4.1/armv7e-m/fpu/crtn.o
OUTPUT(STM32_TEST.elf elf32-littlearm)

.debug_info     0x00000000    0x16416
 .debug_info    0x00000000      0x99e Drivers/STM32L4xx_HAL_Driver/Src/stm32l4xx_hal.o
 .debug_info    0x0000099e      0xd28 Drivers/STM32L4xx_HAL_Driver/Src/stm32l4xx_hal_cortex.o
 .debug_info    0x000016c6      0x73b Drivers/STM32L4xx_HAL_Driver/Src/stm32l4xx_hal_dma.o
 .debug_info    0x00001e01      0x7e1 Drivers/STM32L4xx_HAL_Driver/Src/stm32l4xx_hal_gpio.o
 .debug_info    0x000025e2      0x9fb Drivers/STM32L4xx_HAL_Driver/Src/stm32l4xx_hal_pwr_ex.o
 .debug_info    0x00002fdd      0xf22 Drivers/STM32L4xx_HAL_Driver/Src/stm32l4xx_hal_rcc.o
 .debug_info    0x00003eff     0x14e2 Drivers/STM32L4xx_HAL_Driver/Src/stm32l4xx_hal_rcc_ex.o
 .debug_info    0x000053e1      0x45a Drivers/STM32L4xx_HAL_Driver/Src/stm32l4xx_hal_rng.o
 .debug_info    0x0000583b     0x1576 Drivers/STM32L4xx_HAL_Driver/Src/stm32l4xx_hal_spi.o
 .debug_info    0x00006db1     0x2281 Drivers/STM32L4xx_HAL_Driver/Src/stm32l4xx_hal_tim.o
 .debug_info    0x00009032     0x112b Drivers/STM32L4xx_HAL_Driver/Src/stm32l4xx_hal_tim_ex.o
 .debug_info    0x0000a15d     0x1544 Drivers/STM32L4xx_HAL_Driver/Src/stm32l4xx_hal_uart.o
 .debug_info    0x0000b6a1      0x845 Drivers/STM32L4xx_HAL_Driver/Src/stm32l4xx_hal_uart_ex.o
 .debug_info    0x0000bee6      0x521 Src/dma.o
 .debug_info    0x0000c407      0x6a0 Src/gpio.o
 .debug_info    0x0000caa7     0x1070 Src/main.o
 .debug_info    0x0000db17      0x45a Src/rng.o
 .debug_info    0x0000df71      0xbef Src/spi.o
 .debug_info    0x0000eb60      0x53d Src/stm32l4xx_hal_msp.o
 .debug_info    0x0000f09d      0xc95 Src/stm32l4xx_it.o
 .debug_info    0x0000fd32      0x5ac Src/system_stm32l4xx.o
 .debug_info    0x000102de      0xb09 Src/tim.o
 .debug_info    0x00010de7      0xd83 Src/usart.o
 .debug_info    0x00011b6a     0x18d4 User_Drivers/Src/cc1101_routine.o
 .debug_info    0x0001343e      0x565 User_Drivers/Src/circular_queue.o
 .debug_info    0x000139a3      0x2df User_Drivers/Src/command_parser.o
 .debug_info    0x00013c82      0x616 User_Drivers/Src/link_layer.o
 .debug_info    0x00014298      0x5dd User_Drivers/Src/of_reed-solomon_gf_2_m_api.o
 .debug_info    0x00014875      0x8bc User_Drivers/Src/rs_work.o
 .debug_info    0x00015131      0x4af User_Drivers/Src/simple_link.o
 .debug_info    0x000155e0      0x78b User_Drivers/Src/galois_field_codes_utils/algebra_2_4.o
 .debug_info    0x00015d6b      0x637 User_Drivers/Src/galois_field_codes_utils/of_galois_field_code.o
 .debug_info    0x000163a2       0x74 startup/startup_stm32l476xx.o

.debug_abbrev   0x00000000     0x3851
 .debug_abbrev  0x00000000      0x1c1 Drivers/STM32L4xx_HAL_Driver/Src/stm32l4xx_hal.o
 .debug_abbrev  0x000001c1      0x2b0 Drivers/STM32L4xx_HAL_Driver/Src/stm32l4xx_hal_cortex.o
 .debug_abbrev  0x00000471      0x1b8 Drivers/STM32L4xx_HAL_Driver/Src/stm32l4xx_hal_dma.o
 .debug_abbrev  0x00000629      0x1af Drivers/STM32L4xx_HAL_Driver/Src/stm32l4xx_hal_gpio.o
 .debug_abbrev  0x000007d8      0x222 Drivers/STM32L4xx_HAL_Driver/Src/stm32l4xx_hal_pwr_ex.o
 .debug_abbrev  0x000009fa      0x28c Drivers/STM32L4xx_HAL_Driver/Src/stm32l4xx_hal_rcc.o
 .debug_abbrev  0x00000c86      0x27d Drivers/STM32L4xx_HAL_Driver/Src/stm32l4xx_hal_rcc_ex.o
 .debug_abbrev  0x00000f03      0x19f Drivers/STM32L4xx_HAL_Driver/Src/stm32l4xx_hal_rng.o
 .debug_abbrev  0x000010a2      0x202 Drivers/STM32L4xx_HAL_Driver/Src/stm32l4xx_hal_spi.o
 .debug_abbrev  0x000012a4      0x20b Drivers/STM32L4xx_HAL_Driver/Src/stm32l4xx_hal_tim.o
 .debug_abbrev  0x000014af      0x202 Drivers/STM32L4xx_HAL_Driver/Src/stm32l4xx_hal_tim_ex.o
 .debug_abbrev  0x000016b1      0x21e Drivers/STM32L4xx_HAL_Driver/Src/stm32l4xx_hal_uart.o
 .debug_abbrev  0x000018cf      0x1b8 Drivers/STM32L4xx_HAL_Driver/Src/stm32l4xx_hal_uart_ex.o
 .debug_abbrev  0x00001a87       0xdd Src/dma.o
 .debug_abbrev  0x00001b64      0x125 Src/gpio.o
 .debug_abbrev  0x00001c89      0x246 Src/main.o
 .debug_abbrev  0x00001ecf      0x131 Src/rng.o
 .debug_abbrev  0x00002000      0x1ac Src/spi.o
 .debug_abbrev  0x000021ac       0xe8 Src/stm32l4xx_hal_msp.o
 .debug_abbrev  0x00002294      0x176 Src/stm32l4xx_it.o
 .debug_abbrev  0x0000240a      0x125 Src/system_stm32l4xx.o
 .debug_abbrev  0x0000252f      0x169 Src/tim.o
 .debug_abbrev  0x00002698      0x19b Src/usart.o
 .debug_abbrev  0x00002833      0x32f User_Drivers/Src/cc1101_routine.o
 .debug_abbrev  0x00002b62      0x17b User_Drivers/Src/circular_queue.o
 .debug_abbrev  0x00002cdd      0x145 User_Drivers/Src/command_parser.o
 .debug_abbrev  0x00002e22      0x19b User_Drivers/Src/link_layer.o
 .debug_abbrev  0x00002fbd      0x1a6 User_Drivers/Src/of_reed-solomon_gf_2_m_api.o
 .debug_abbrev  0x00003163      0x1c6 User_Drivers/Src/rs_work.o
 .debug_abbrev  0x00003329      0x1ba User_Drivers/Src/simple_link.o
 .debug_abbrev  0x000034e3      0x1b1 User_Drivers/Src/galois_field_codes_utils/algebra_2_4.o
 .debug_abbrev  0x00003694      0x1ab User_Drivers/Src/galois_field_codes_utils/of_galois_field_code.o
 .debug_abbrev  0x0000383f       0x12 startup/startup_stm32l476xx.o

.debug_aranges  0x00000000     0x1568
 .debug_aranges
                0x00000000      0x100 Drivers/STM32L4xx_HAL_Driver/Src/stm32l4xx_hal.o
 .debug_aranges
                0x00000100      0x108 Drivers/STM32L4xx_HAL_Driver/Src/stm32l4xx_hal_cortex.o
 .debug_aranges
                0x00000208       0x80 Drivers/STM32L4xx_HAL_Driver/Src/stm32l4xx_hal_dma.o
 .debug_aranges
                0x00000288       0x58 Drivers/STM32L4xx_HAL_Driver/Src/stm32l4xx_hal_gpio.o
 .debug_aranges
                0x000002e0      0x148 Drivers/STM32L4xx_HAL_Driver/Src/stm32l4xx_hal_pwr_ex.o
 .debug_aranges
                0x00000428       0x88 Drivers/STM32L4xx_HAL_Driver/Src/stm32l4xx_hal_rcc.o
 .debug_aranges
                0x000004b0       0xb8 Drivers/STM32L4xx_HAL_Driver/Src/stm32l4xx_hal_rcc_ex.o
 .debug_aranges
                0x00000568       0x80 Drivers/STM32L4xx_HAL_Driver/Src/stm32l4xx_hal_rng.o
 .debug_aranges
                0x000005e8      0x1d8 Drivers/STM32L4xx_HAL_Driver/Src/stm32l4xx_hal_spi.o
 .debug_aranges
                0x000007c0      0x378 Drivers/STM32L4xx_HAL_Driver/Src/stm32l4xx_hal_tim.o
 .debug_aranges
                0x00000b38      0x150 Drivers/STM32L4xx_HAL_Driver/Src/stm32l4xx_hal_tim_ex.o
 .debug_aranges
                0x00000c88      0x1e8 Drivers/STM32L4xx_HAL_Driver/Src/stm32l4xx_hal_uart.o
 .debug_aranges
                0x00000e70       0x50 Drivers/STM32L4xx_HAL_Driver/Src/stm32l4xx_hal_uart_ex.o
 .debug_aranges
                0x00000ec0       0x20 Src/dma.o
 .debug_aranges
                0x00000ee0       0x20 Src/gpio.o
 .debug_aranges
                0x00000f00       0x30 Src/main.o
 .debug_aranges
                0x00000f30       0x30 Src/rng.o
 .debug_aranges
                0x00000f60       0x38 Src/spi.o
 .debug_aranges
                0x00000f98       0x20 Src/stm32l4xx_hal_msp.o
 .debug_aranges
                0x00000fb8       0x98 Src/stm32l4xx_it.o
 .debug_aranges
                0x00001050       0x28 Src/system_stm32l4xx.o
 .debug_aranges
                0x00001078       0x30 Src/tim.o
 .debug_aranges
                0x000010a8       0x50 Src/usart.o
 .debug_aranges
                0x000010f8      0x150 User_Drivers/Src/cc1101_routine.o
 .debug_aranges
                0x00001248       0x58 User_Drivers/Src/circular_queue.o
 .debug_aranges
                0x000012a0       0x50 User_Drivers/Src/command_parser.o
 .debug_aranges
                0x000012f0       0x40 User_Drivers/Src/link_layer.o
 .debug_aranges
                0x00001330       0x60 User_Drivers/Src/of_reed-solomon_gf_2_m_api.o
 .debug_aranges
                0x00001390       0xc8 User_Drivers/Src/rs_work.o
 .debug_aranges
                0x00001458       0x58 User_Drivers/Src/simple_link.o
 .debug_aranges
                0x000014b0       0x40 User_Drivers/Src/galois_field_codes_utils/algebra_2_4.o
 .debug_aranges
                0x000014f0       0x50 User_Drivers/Src/galois_field_codes_utils/of_galois_field_code.o
 .debug_aranges
                0x00001540       0x28 startup/startup_stm32l476xx.o

.debug_ranges   0x00000000     0x1378
 .debug_ranges  0x00000000       0xf0 Drivers/STM32L4xx_HAL_Driver/Src/stm32l4xx_hal.o
 .debug_ranges  0x000000f0       0xf8 Drivers/STM32L4xx_HAL_Driver/Src/stm32l4xx_hal_cortex.o
 .debug_ranges  0x000001e8       0x70 Drivers/STM32L4xx_HAL_Driver/Src/stm32l4xx_hal_dma.o
 .debug_ranges  0x00000258       0x48 Drivers/STM32L4xx_HAL_Driver/Src/stm32l4xx_hal_gpio.o
 .debug_ranges  0x000002a0      0x138 Drivers/STM32L4xx_HAL_Driver/Src/stm32l4xx_hal_pwr_ex.o
 .debug_ranges  0x000003d8       0x78 Drivers/STM32L4xx_HAL_Driver/Src/stm32l4xx_hal_rcc.o
 .debug_ranges  0x00000450       0xa8 Drivers/STM32L4xx_HAL_Driver/Src/stm32l4xx_hal_rcc_ex.o
 .debug_ranges  0x000004f8       0x70 Drivers/STM32L4xx_HAL_Driver/Src/stm32l4xx_hal_rng.o
 .debug_ranges  0x00000568      0x1c8 Drivers/STM32L4xx_HAL_Driver/Src/stm32l4xx_hal_spi.o
 .debug_ranges  0x00000730      0x368 Drivers/STM32L4xx_HAL_Driver/Src/stm32l4xx_hal_tim.o
 .debug_ranges  0x00000a98      0x140 Drivers/STM32L4xx_HAL_Driver/Src/stm32l4xx_hal_tim_ex.o
 .debug_ranges  0x00000bd8      0x1d8 Drivers/STM32L4xx_HAL_Driver/Src/stm32l4xx_hal_uart.o
 .debug_ranges  0x00000db0       0x40 Drivers/STM32L4xx_HAL_Driver/Src/stm32l4xx_hal_uart_ex.o
 .debug_ranges  0x00000df0       0x10 Src/dma.o
 .debug_ranges  0x00000e00       0x10 Src/gpio.o
 .debug_ranges  0x00000e10       0x20 Src/main.o
 .debug_ranges  0x00000e30       0x20 Src/rng.o
 .debug_ranges  0x00000e50       0x28 Src/spi.o
 .debug_ranges  0x00000e78       0x10 Src/stm32l4xx_hal_msp.o
 .debug_ranges  0x00000e88       0x88 Src/stm32l4xx_it.o
 .debug_ranges  0x00000f10       0x18 Src/system_stm32l4xx.o
 .debug_ranges  0x00000f28       0x20 Src/tim.o
 .debug_ranges  0x00000f48       0x40 Src/usart.o
 .debug_ranges  0x00000f88      0x140 User_Drivers/Src/cc1101_routine.o
 .debug_ranges  0x000010c8       0x48 User_Drivers/Src/circular_queue.o
 .debug_ranges  0x00001110       0x40 User_Drivers/Src/command_parser.o
 .debug_ranges  0x00001150       0x30 User_Drivers/Src/link_layer.o
 .debug_ranges  0x00001180       0x50 User_Drivers/Src/of_reed-solomon_gf_2_m_api.o
 .debug_ranges  0x000011d0       0xb8 User_Drivers/Src/rs_work.o
 .debug_ranges  0x00001288       0x48 User_Drivers/Src/simple_link.o
 .debug_ranges  0x000012d0       0x48 User_Drivers/Src/galois_field_codes_utils/algebra_2_4.o
 .debug_ranges  0x00001318       0x40 User_Drivers/Src/galois_field_codes_utils/of_galois_field_code.o
 .debug_ranges  0x00001358       0x20 startup/startup_stm32l476xx.o

.debug_macro    0x00000000    0x2b4f7
 .debug_macro   0x00000000      0x380 Drivers/STM32L4xx_HAL_Driver/Src/stm32l4xx_hal.o
 .debug_macro   0x00000380      0x89e Drivers/STM32L4xx_HAL_Driver/Src/stm32l4xx_hal.o
 .debug_macro   0x00000c1e       0x3a Drivers/STM32L4xx_HAL_Driver/Src/stm32l4xx_hal.o
 .debug_macro   0x00000c58       0xbf Drivers/STM32L4xx_HAL_Driver/Src/stm32l4xx_hal.o
 .debug_macro   0x00000d17       0x2e Drivers/STM32L4xx_HAL_Driver/Src/stm32l4xx_hal.o
 .debug_macro   0x00000d45       0x28 Drivers/STM32L4xx_HAL_Driver/Src/stm32l4xx_hal.o
 .debug_macro   0x00000d6d       0x22 Drivers/STM32L4xx_HAL_Driver/Src/stm32l4xx_hal.o
 .debug_macro   0x00000d8f       0x87 Drivers/STM32L4xx_HAL_Driver/Src/stm32l4xx_hal.o
 .debug_macro   0x00000e16       0x44 Drivers/STM32L4xx_HAL_Driver/Src/stm32l4xx_hal.o
 .debug_macro   0x00000e5a       0xfd Drivers/STM32L4xx_HAL_Driver/Src/stm32l4xx_hal.o
 .debug_macro   0x00000f57       0x5e Drivers/STM32L4xx_HAL_Driver/Src/stm32l4xx_hal.o
 .debug_macro   0x00000fb5      0x1df Drivers/STM32L4xx_HAL_Driver/Src/stm32l4xx_hal.o
 .debug_macro   0x00001194       0x35 Drivers/STM32L4xx_HAL_Driver/Src/stm32l4xx_hal.o
 .debug_macro   0x000011c9       0x50 Drivers/STM32L4xx_HAL_Driver/Src/stm32l4xx_hal.o
 .debug_macro   0x00001219      0xe66 Drivers/STM32L4xx_HAL_Driver/Src/stm32l4xx_hal.o
 .debug_macro   0x0000207f    0x1a184 Drivers/STM32L4xx_HAL_Driver/Src/stm32l4xx_hal.o
 .debug_macro   0x0001c203       0x43 Drivers/STM32L4xx_HAL_Driver/Src/stm32l4xx_hal.o
 .debug_macro   0x0001c246     0x36a1 Drivers/STM32L4xx_HAL_Driver/Src/stm32l4xx_hal.o
 .debug_macro   0x0001f8e7       0x52 Drivers/STM32L4xx_HAL_Driver/Src/stm32l4xx_hal.o
 .debug_macro   0x0001f939       0x35 Drivers/STM32L4xx_HAL_Driver/Src/stm32l4xx_hal.o
 .debug_macro   0x0001f96e       0x9c Drivers/STM32L4xx_HAL_Driver/Src/stm32l4xx_hal.o
 .debug_macro   0x0001fa0a       0x16 Drivers/STM32L4xx_HAL_Driver/Src/stm32l4xx_hal.o
 .debug_macro   0x0001fa20       0x97 Drivers/STM32L4xx_HAL_Driver/Src/stm32l4xx_hal.o
 .debug_macro   0x0001fab7      0x30d Drivers/STM32L4xx_HAL_Driver/Src/stm32l4xx_hal.o
 .debug_macro   0x0001fdc4       0xfd Drivers/STM32L4xx_HAL_Driver/Src/stm32l4xx_hal.o
 .debug_macro   0x0001fec1       0x10 Drivers/STM32L4xx_HAL_Driver/Src/stm32l4xx_hal.o
 .debug_macro   0x0001fed1       0x52 Drivers/STM32L4xx_HAL_Driver/Src/stm32l4xx_hal.o
 .debug_macro   0x0001ff23       0x1f Drivers/STM32L4xx_HAL_Driver/Src/stm32l4xx_hal.o
 .debug_macro   0x0001ff42       0x43 Drivers/STM32L4xx_HAL_Driver/Src/stm32l4xx_hal.o
 .debug_macro   0x0001ff85       0x20 Drivers/STM32L4xx_HAL_Driver/Src/stm32l4xx_hal.o
 .debug_macro   0x0001ffa5      0x187 Drivers/STM32L4xx_HAL_Driver/Src/stm32l4xx_hal.o
 .debug_macro   0x0002012c       0x10 Drivers/STM32L4xx_HAL_Driver/Src/stm32l4xx_hal.o
 .debug_macro   0x0002013c       0x1c Drivers/STM32L4xx_HAL_Driver/Src/stm32l4xx_hal.o
 .debug_macro   0x00020158       0x52 Drivers/STM32L4xx_HAL_Driver/Src/stm32l4xx_hal.o
 .debug_macro   0x000201aa       0x40 Drivers/STM32L4xx_HAL_Driver/Src/stm32l4xx_hal.o
 .debug_macro   0x000201ea       0x10 Drivers/STM32L4xx_HAL_Driver/Src/stm32l4xx_hal.o
 .debug_macro   0x000201fa       0x40 Drivers/STM32L4xx_HAL_Driver/Src/stm32l4xx_hal.o
 .debug_macro   0x0002023a       0xd7 Drivers/STM32L4xx_HAL_Driver/Src/stm32l4xx_hal.o
 .debug_macro   0x00020311       0x16 Drivers/STM32L4xx_HAL_Driver/Src/stm32l4xx_hal.o
 .debug_macro   0x00020327      0x18b Drivers/STM32L4xx_HAL_Driver/Src/stm32l4xx_hal.o
 .debug_macro   0x000204b2       0x50 Drivers/STM32L4xx_HAL_Driver/Src/stm32l4xx_hal.o
 .debug_macro   0x00020502     0x1566 Drivers/STM32L4xx_HAL_Driver/Src/stm32l4xx_hal.o
 .debug_macro   0x00021a68      0x59e Drivers/STM32L4xx_HAL_Driver/Src/stm32l4xx_hal.o
 .debug_macro   0x00022006      0x148 Drivers/STM32L4xx_HAL_Driver/Src/stm32l4xx_hal.o
 .debug_macro   0x0002214e      0x18b Drivers/STM32L4xx_HAL_Driver/Src/stm32l4xx_hal.o
 .debug_macro   0x000222d9      0x25d Drivers/STM32L4xx_HAL_Driver/Src/stm32l4xx_hal.o
 .debug_macro   0x00022536      0x23a Drivers/STM32L4xx_HAL_Driver/Src/stm32l4xx_hal.o
 .debug_macro   0x00022770      0x367 Drivers/STM32L4xx_HAL_Driver/Src/stm32l4xx_hal.o
 .debug_macro   0x00022ad7       0x10 Drivers/STM32L4xx_HAL_Driver/Src/stm32l4xx_hal.o
 .debug_macro   0x00022ae7       0xe4 Drivers/STM32L4xx_HAL_Driver/Src/stm32l4xx_hal.o
 .debug_macro   0x00022bcb      0x202 Drivers/STM32L4xx_HAL_Driver/Src/stm32l4xx_hal.o
 .debug_macro   0x00022dcd       0x61 Drivers/STM32L4xx_HAL_Driver/Src/stm32l4xx_hal.o
 .debug_macro   0x00022e2e       0x90 Drivers/STM32L4xx_HAL_Driver/Src/stm32l4xx_hal.o
 .debug_macro   0x00022ebe      0x126 Drivers/STM32L4xx_HAL_Driver/Src/stm32l4xx_hal.o
 .debug_macro   0x00022fe4      0x3dc Drivers/STM32L4xx_HAL_Driver/Src/stm32l4xx_hal.o
 .debug_macro   0x000233c0       0x6d Drivers/STM32L4xx_HAL_Driver/Src/stm32l4xx_hal.o
 .debug_macro   0x0002342d      0x2e2 Drivers/STM32L4xx_HAL_Driver/Src/stm32l4xx_hal.o
 .debug_macro   0x0002370f      0x9cd Drivers/STM32L4xx_HAL_Driver/Src/stm32l4xx_hal.o
 .debug_macro   0x000240dc      0x1e0 Drivers/STM32L4xx_HAL_Driver/Src/stm32l4xx_hal.o
 .debug_macro   0x000242bc      0x535 Drivers/STM32L4xx_HAL_Driver/Src/stm32l4xx_hal.o
 .debug_macro   0x000247f1       0x44 Drivers/STM32L4xx_HAL_Driver/Src/stm32l4xx_hal.o
 .debug_macro   0x00024835      0x320 Drivers/STM32L4xx_HAL_Driver/Src/stm32l4xx_hal.o
 .debug_macro   0x00024b55      0x332 Drivers/STM32L4xx_HAL_Driver/Src/stm32l4xx_hal_cortex.o
 .debug_macro   0x00024e87      0x332 Drivers/STM32L4xx_HAL_Driver/Src/stm32l4xx_hal_dma.o
 .debug_macro   0x000251b9      0x371 Drivers/STM32L4xx_HAL_Driver/Src/stm32l4xx_hal_gpio.o
 .debug_macro   0x0002552a      0x356 Drivers/STM32L4xx_HAL_Driver/Src/stm32l4xx_hal_pwr_ex.o
 .debug_macro   0x00025880      0x374 Drivers/STM32L4xx_HAL_Driver/Src/stm32l4xx_hal_rcc.o
 .debug_macro   0x00025bf4      0x368 Drivers/STM32L4xx_HAL_Driver/Src/stm32l4xx_hal_rcc_ex.o
 .debug_macro   0x00025f5c      0x338 Drivers/STM32L4xx_HAL_Driver/Src/stm32l4xx_hal_rng.o
 .debug_macro   0x00026294      0x33a Drivers/STM32L4xx_HAL_Driver/Src/stm32l4xx_hal_spi.o
 .debug_macro   0x000265ce      0x333 Drivers/STM32L4xx_HAL_Driver/Src/stm32l4xx_hal_tim.o
 .debug_macro   0x00026901      0x344 Drivers/STM32L4xx_HAL_Driver/Src/stm32l4xx_hal_tim_ex.o
 .debug_macro   0x00026c45      0x344 Drivers/STM32L4xx_HAL_Driver/Src/stm32l4xx_hal_uart.o
 .debug_macro   0x00026f89      0x332 Drivers/STM32L4xx_HAL_Driver/Src/stm32l4xx_hal_uart_ex.o
 .debug_macro   0x000272bb      0x33c Src/dma.o
 .debug_macro   0x000275f7      0x33c Src/gpio.o
 .debug_macro   0x00027933      0x466 Src/main.o
 .debug_macro   0x00027d99       0x22 Src/main.o
 .debug_macro   0x00027dbb       0x16 Src/main.o
 .debug_macro   0x00027dd1       0x35 Src/main.o
 .debug_macro   0x00027e06       0x16 Src/main.o
 .debug_macro   0x00027e1c       0x16 Src/main.o
 .debug_macro   0x00027e32       0x29 Src/main.o
 .debug_macro   0x00027e5b       0x4c Src/main.o
 .debug_macro   0x00027ea7       0x22 Src/main.o
 .debug_macro   0x00027ec9       0x28 Src/main.o
 .debug_macro   0x00027ef1       0x28 Src/main.o
 .debug_macro   0x00027f19      0x1e1 Src/main.o
 .debug_macro   0x000280fa      0x261 Src/main.o
 .debug_macro   0x0002835b       0x64 Src/main.o
 .debug_macro   0x000283bf       0x16 Src/main.o
 .debug_macro   0x000283d5      0x33c Src/rng.o
 .debug_macro   0x00028711      0x346 Src/spi.o
 .debug_macro   0x00028a57      0x332 Src/stm32l4xx_hal_msp.o
 .debug_macro   0x00028d89      0x33c Src/stm32l4xx_it.o
 .debug_macro   0x000290c5      0x339 Src/system_stm32l4xx.o
 .debug_macro   0x000293fe      0x33c Src/tim.o
 .debug_macro   0x0002973a      0x3cc Src/usart.o
 .debug_macro   0x00029b06      0x420 User_Drivers/Src/cc1101_routine.o
 .debug_macro   0x00029f26      0x174 User_Drivers/Src/cc1101_routine.o
 .debug_macro   0x0002a09a       0x10 User_Drivers/Src/cc1101_routine.o
 .debug_macro   0x0002a0aa       0x3b User_Drivers/Src/cc1101_routine.o
 .debug_macro   0x0002a0e5       0x1c User_Drivers/Src/cc1101_routine.o
 .debug_macro   0x0002a101      0x3a4 User_Drivers/Src/circular_queue.o
 .debug_macro   0x0002a4a5      0x3c1 User_Drivers/Src/command_parser.o
 .debug_macro   0x0002a866       0x58 User_Drivers/Src/command_parser.o
 .debug_macro   0x0002a8be      0x1f3 User_Drivers/Src/link_layer.o
 .debug_macro   0x0002aab1       0x4c User_Drivers/Src/link_layer.o
 .debug_macro   0x0002aafd       0x8d User_Drivers/Src/link_layer.o
 .debug_macro   0x0002ab8a       0x4a User_Drivers/Src/link_layer.o
 .debug_macro   0x0002abd4       0x10 User_Drivers/Src/link_layer.o
 .debug_macro   0x0002abe4       0x58 User_Drivers/Src/link_layer.o
 .debug_macro   0x0002ac3c       0x16 User_Drivers/Src/link_layer.o
 .debug_macro   0x0002ac52      0x165 User_Drivers/Src/of_reed-solomon_gf_2_m_api.o
 .debug_macro   0x0002adb7       0x1c User_Drivers/Src/of_reed-solomon_gf_2_m_api.o
 .debug_macro   0x0002add3      0x1ec User_Drivers/Src/rs_work.o
 .debug_macro   0x0002afbf      0x111 User_Drivers/Src/rs_work.o
 .debug_macro   0x0002b0d0      0x133 User_Drivers/Src/simple_link.o
 .debug_macro   0x0002b203       0x10 User_Drivers/Src/simple_link.o
 .debug_macro   0x0002b213      0x17f User_Drivers/Src/galois_field_codes_utils/algebra_2_4.o
 .debug_macro   0x0002b392      0x165 User_Drivers/Src/galois_field_codes_utils/of_galois_field_code.o

.debug_line     0x00000000    0x15858
 .debug_line    0x00000000      0xa75 Drivers/STM32L4xx_HAL_Driver/Src/stm32l4xx_hal.o
 .debug_line    0x00000a75      0xb26 Drivers/STM32L4xx_HAL_Driver/Src/stm32l4xx_hal_cortex.o
 .debug_line    0x0000159b      0xa65 Drivers/STM32L4xx_HAL_Driver/Src/stm32l4xx_hal_dma.o
 .debug_line    0x00002000      0xa0d Drivers/STM32L4xx_HAL_Driver/Src/stm32l4xx_hal_gpio.o
 .debug_line    0x00002a0d      0xc10 Drivers/STM32L4xx_HAL_Driver/Src/stm32l4xx_hal_pwr_ex.o
 .debug_line    0x0000361d      0xc3f Drivers/STM32L4xx_HAL_Driver/Src/stm32l4xx_hal_rcc.o
 .debug_line    0x0000425c     0x10a1 Drivers/STM32L4xx_HAL_Driver/Src/stm32l4xx_hal_rcc_ex.o
 .debug_line    0x000052fd      0x9c2 Drivers/STM32L4xx_HAL_Driver/Src/stm32l4xx_hal_rng.o
 .debug_line    0x00005cbf     0x1292 Drivers/STM32L4xx_HAL_Driver/Src/stm32l4xx_hal_spi.o
 .debug_line    0x00006f51     0x1b65 Drivers/STM32L4xx_HAL_Driver/Src/stm32l4xx_hal_tim.o
 .debug_line    0x00008ab6      0xe96 Drivers/STM32L4xx_HAL_Driver/Src/stm32l4xx_hal_tim_ex.o
 .debug_line    0x0000994c     0x12f5 Drivers/STM32L4xx_HAL_Driver/Src/stm32l4xx_hal_uart.o
 .debug_line    0x0000ac41      0x95b Drivers/STM32L4xx_HAL_Driver/Src/stm32l4xx_hal_uart_ex.o
 .debug_line    0x0000b59c      0x83e Src/dma.o
 .debug_line    0x0000bdda      0x850 Src/gpio.o
 .debug_line    0x0000c62a      0xa25 Src/main.o
 .debug_line    0x0000d04f      0x861 Src/rng.o
 .debug_line    0x0000d8b0      0x8aa Src/spi.o
 .debug_line    0x0000e15a      0x848 Src/stm32l4xx_hal_msp.o
 .debug_line    0x0000e9a2      0x963 Src/stm32l4xx_it.o
 .debug_line    0x0000f305      0x876 Src/system_stm32l4xx.o
 .debug_line    0x0000fb7b      0x870 Src/tim.o
 .debug_line    0x000103eb      0x9b9 Src/usart.o
 .debug_line    0x00010da4      0xea6 User_Drivers/Src/cc1101_routine.o
 .debug_line    0x00011c4a      0x99b User_Drivers/Src/circular_queue.o
 .debug_line    0x000125e5      0x9f5 User_Drivers/Src/command_parser.o
 .debug_line    0x00012fda      0x5b5 User_Drivers/Src/link_layer.o
 .debug_line    0x0001358f      0x650 User_Drivers/Src/of_reed-solomon_gf_2_m_api.o
 .debug_line    0x00013bdf      0x8d3 User_Drivers/Src/rs_work.o
 .debug_line    0x000144b2      0x502 User_Drivers/Src/simple_link.o
 .debug_line    0x000149b4      0x7c5 User_Drivers/Src/galois_field_codes_utils/algebra_2_4.o
 .debug_line    0x00015179      0x660 User_Drivers/Src/galois_field_codes_utils/of_galois_field_code.o
 .debug_line    0x000157d9       0x7f startup/startup_stm32l476xx.o

.debug_str      0x00000000    0xf1e46
 .debug_str     0x00000000    0xe9d65 Drivers/STM32L4xx_HAL_Driver/Src/stm32l4xx_hal.o
                              0xea1ad (size before relaxing)
 .debug_str     0x000e9d65      0x3b5 Drivers/STM32L4xx_HAL_Driver/Src/stm32l4xx_hal_cortex.o
                              0xe9ef1 (size before relaxing)
 .debug_str     0x000ea11a      0x3ea Drivers/STM32L4xx_HAL_Driver/Src/stm32l4xx_hal_dma.o
                              0xe994b (size before relaxing)
 .debug_str     0x000ea504      0x312 Drivers/STM32L4xx_HAL_Driver/Src/stm32l4xx_hal_gpio.o
                              0xe99a9 (size before relaxing)
 .debug_str     0x000ea816      0x497 Drivers/STM32L4xx_HAL_Driver/Src/stm32l4xx_hal_pwr_ex.o
                              0xe9bf2 (size before relaxing)
 .debug_str     0x000eacad      0x590 Drivers/STM32L4xx_HAL_Driver/Src/stm32l4xx_hal_rcc.o
                              0xe9d1f (size before relaxing)
 .debug_str     0x000eb23d      0x5ee Drivers/STM32L4xx_HAL_Driver/Src/stm32l4xx_hal_rcc_ex.o
                              0xe9e34 (size before relaxing)
 .debug_str     0x000eb82b      0x214 Drivers/STM32L4xx_HAL_Driver/Src/stm32l4xx_hal_rng.o
                              0xe9763 (size before relaxing)
 .debug_str     0x000eba3f      0x73a Drivers/STM32L4xx_HAL_Driver/Src/stm32l4xx_hal_spi.o
                              0xe9e98 (size before relaxing)
 .debug_str     0x000ec179      0xea4 Drivers/STM32L4xx_HAL_Driver/Src/stm32l4xx_hal_tim.o
                              0xea674 (size before relaxing)
 .debug_str     0x000ed01d      0x691 Drivers/STM32L4xx_HAL_Driver/Src/stm32l4xx_hal_tim_ex.o
                              0xea0a1 (size before relaxing)
 .debug_str     0x000ed6ae      0x9a8 Drivers/STM32L4xx_HAL_Driver/Src/stm32l4xx_hal_uart.o
                              0xea2ce (size before relaxing)
 .debug_str     0x000ee056      0x146 Drivers/STM32L4xx_HAL_Driver/Src/stm32l4xx_hal_uart_ex.o
                              0xe9b1c (size before relaxing)
 .debug_str     0x000ee19c       0x22 Src/dma.o
                              0xe9b0a (size before relaxing)
 .debug_str     0x000ee1be       0x25 Src/gpio.o
                              0xe9baf (size before relaxing)
 .debug_str     0x000ee1e3     0x1df8 Src/main.o
                              0xebcbe (size before relaxing)
 .debug_str     0x000effdb       0x23 Src/rng.o
                              0xe9761 (size before relaxing)
 .debug_str     0x000efffe       0x4b Src/spi.o
                              0xea005 (size before relaxing)
 .debug_str     0x000f0049       0x1b Src/stm32l4xx_hal_msp.o
                              0xe9b0f (size before relaxing)
 .debug_str     0x000f0064      0x16b Src/stm32l4xx_it.o
                              0xe9e6e (size before relaxing)
 .debug_str     0x000f01cf       0x50 Src/system_stm32l4xx.o
                              0xe971a (size before relaxing)
 .debug_str     0x000f021f       0x29 Src/tim.o
                              0xea01a (size before relaxing)
 .debug_str     0x000f0248       0x93 Src/usart.o
                              0xea327 (size before relaxing)
 .debug_str     0x000f02db      0x69e User_Drivers/Src/cc1101_routine.o
                              0xebd48 (size before relaxing)
 .debug_str     0x000f0979       0xa3 User_Drivers/Src/circular_queue.o
                              0xe9c5b (size before relaxing)
 .debug_str     0x000f0a1c       0xc3 User_Drivers/Src/command_parser.o
                              0xe992c (size before relaxing)
 .debug_str     0x000f0adf      0x169 User_Drivers/Src/link_layer.o
                               0x765f (size before relaxing)
 .debug_str     0x000f0c48      0x2d1 User_Drivers/Src/of_reed-solomon_gf_2_m_api.o
                               0x655a (size before relaxing)
 .debug_str     0x000f0f19      0xa32 User_Drivers/Src/rs_work.o
                               0x70da (size before relaxing)
 .debug_str     0x000f194b      0x154 User_Drivers/Src/simple_link.o
                               0x60d2 (size before relaxing)
 .debug_str     0x000f1a9f      0x2ae User_Drivers/Src/galois_field_codes_utils/algebra_2_4.o
                               0x65a5 (size before relaxing)
 .debug_str     0x000f1d4d       0xf9 User_Drivers/Src/galois_field_codes_utils/of_galois_field_code.o
                               0x645c (size before relaxing)

.comment        0x00000000       0x6e
 .comment       0x00000000       0x6e Drivers/STM32L4xx_HAL_Driver/Src/stm32l4xx_hal.o
                                 0x6f (size before relaxing)
 .comment       0x0000006e       0x6f Drivers/STM32L4xx_HAL_Driver/Src/stm32l4xx_hal_cortex.o
 .comment       0x0000006e       0x6f Drivers/STM32L4xx_HAL_Driver/Src/stm32l4xx_hal_dma.o
 .comment       0x0000006e       0x6f Drivers/STM32L4xx_HAL_Driver/Src/stm32l4xx_hal_gpio.o
 .comment       0x0000006e       0x6f Drivers/STM32L4xx_HAL_Driver/Src/stm32l4xx_hal_pwr_ex.o
 .comment       0x0000006e       0x6f Drivers/STM32L4xx_HAL_Driver/Src/stm32l4xx_hal_rcc.o
 .comment       0x0000006e       0x6f Drivers/STM32L4xx_HAL_Driver/Src/stm32l4xx_hal_rcc_ex.o
 .comment       0x0000006e       0x6f Drivers/STM32L4xx_HAL_Driver/Src/stm32l4xx_hal_rng.o
 .comment       0x0000006e       0x6f Drivers/STM32L4xx_HAL_Driver/Src/stm32l4xx_hal_spi.o
 .comment       0x0000006e       0x6f Drivers/STM32L4xx_HAL_Driver/Src/stm32l4xx_hal_tim.o
 .comment       0x0000006e       0x6f Drivers/STM32L4xx_HAL_Driver/Src/stm32l4xx_hal_tim_ex.o
 .comment       0x0000006e       0x6f Drivers/STM32L4xx_HAL_Driver/Src/stm32l4xx_hal_uart.o
 .comment       0x0000006e       0x6f Drivers/STM32L4xx_HAL_Driver/Src/stm32l4xx_hal_uart_ex.o
 .comment       0x0000006e       0x6f Src/dma.o
 .comment       0x0000006e       0x6f Src/gpio.o
 .comment       0x0000006e       0x6f Src/main.o
 .comment       0x0000006e       0x6f Src/rng.o
 .comment       0x0000006e       0x6f Src/spi.o
 .comment       0x0000006e       0x6f Src/stm32l4xx_hal_msp.o
 .comment       0x0000006e       0x6f Src/stm32l4xx_it.o
 .comment       0x0000006e       0x6f Src/system_stm32l4xx.o
 .comment       0x0000006e       0x6f Src/tim.o
 .comment       0x0000006e       0x6f Src/usart.o
 .comment       0x0000006e       0x6f User_Drivers/Src/cc1101_routine.o
 .comment       0x0000006e       0x6f User_Drivers/Src/circular_queue.o
 .comment       0x0000006e       0x6f User_Drivers/Src/command_parser.o
 .comment       0x0000006e       0x6f User_Drivers/Src/link_layer.o
 .comment       0x0000006e       0x6f User_Drivers/Src/of_reed-solomon_gf_2_m_api.o
 .comment       0x0000006e       0x6f User_Drivers/Src/rs_work.o
 .comment       0x0000006e       0x6f User_Drivers/Src/simple_link.o
 .comment       0x0000006e       0x6f User_Drivers/Src/galois_field_codes_utils/algebra_2_4.o
 .comment       0x0000006e       0x6f User_Drivers/Src/galois_field_codes_utils/of_galois_field_code.o

.debug_frame    0x00000000     0x56c8
 .debug_frame   0x00000000      0x3cc Drivers/STM32L4xx_HAL_Driver/Src/stm32l4xx_hal.o
 .debug_frame   0x000003cc      0x450 Drivers/STM32L4xx_HAL_Driver/Src/stm32l4xx_hal_cortex.o
 .debug_frame   0x0000081c      0x204 Drivers/STM32L4xx_HAL_Driver/Src/stm32l4xx_hal_dma.o
 .debug_frame   0x00000a20      0x14c Drivers/STM32L4xx_HAL_Driver/Src/stm32l4xx_hal_gpio.o
 .debug_frame   0x00000b6c      0x524 Drivers/STM32L4xx_HAL_Driver/Src/stm32l4xx_hal_pwr_ex.o
 .debug_frame   0x00001090      0x204 Drivers/STM32L4xx_HAL_Driver/Src/stm32l4xx_hal_rcc.o
 .debug_frame   0x00001294      0x2dc Drivers/STM32L4xx_HAL_Driver/Src/stm32l4xx_hal_rcc_ex.o
 .debug_frame   0x00001570      0x204 Drivers/STM32L4xx_HAL_Driver/Src/stm32l4xx_hal_rng.o
 .debug_frame   0x00001774      0x864 Drivers/STM32L4xx_HAL_Driver/Src/stm32l4xx_hal_spi.o
 .debug_frame   0x00001fd8     0x100c Drivers/STM32L4xx_HAL_Driver/Src/stm32l4xx_hal_tim.o
 .debug_frame   0x00002fe4      0x5c4 Drivers/STM32L4xx_HAL_Driver/Src/stm32l4xx_hal_tim_ex.o
 .debug_frame   0x000035a8      0x8b4 Drivers/STM32L4xx_HAL_Driver/Src/stm32l4xx_hal_uart.o
 .debug_frame   0x00003e5c      0x120 Drivers/STM32L4xx_HAL_Driver/Src/stm32l4xx_hal_uart_ex.o
 .debug_frame   0x00003f7c       0x34 Src/dma.o
 .debug_frame   0x00003fb0       0x34 Src/gpio.o
 .debug_frame   0x00003fe4       0x78 Src/main.o
 .debug_frame   0x0000405c       0x7c Src/rng.o
 .debug_frame   0x000040d8       0x9c Src/spi.o
 .debug_frame   0x00004174       0x34 Src/stm32l4xx_hal_msp.o
 .debug_frame   0x000041a8      0x1d0 Src/stm32l4xx_it.o
 .debug_frame   0x00004378       0x58 Src/system_stm32l4xx.o
 .debug_frame   0x000043d0       0x7c Src/tim.o
 .debug_frame   0x0000444c      0x100 Src/usart.o
 .debug_frame   0x0000454c      0x5a0 User_Drivers/Src/cc1101_routine.o
 .debug_frame   0x00004aec      0x144 User_Drivers/Src/circular_queue.o
 .debug_frame   0x00004c30       0xfc User_Drivers/Src/command_parser.o
 .debug_frame   0x00004d2c       0xd0 User_Drivers/Src/link_layer.o
 .debug_frame   0x00004dfc      0x168 User_Drivers/Src/of_reed-solomon_gf_2_m_api.o
 .debug_frame   0x00004f64      0x350 User_Drivers/Src/rs_work.o
 .debug_frame   0x000052b4      0x138 User_Drivers/Src/simple_link.o
 .debug_frame   0x000053ec       0xec User_Drivers/Src/galois_field_codes_utils/algebra_2_4.o
 .debug_frame   0x000054d8      0x11c User_Drivers/Src/galois_field_codes_utils/of_galois_field_code.o
 .debug_frame   0x000055f4       0x2c /home/gs-ms/Ac6/SystemWorkbench/plugins/fr.ac6.mcu.externaltools.arm-none.linux64_1.13.0.201701261201/tools/compiler/bin/../lib/gcc/arm-none-eabi/5.4.1/armv7e-m/fpu/libgcc.a(_aeabi_uldivmod.o)
 .debug_frame   0x00005620       0x34 /home/gs-ms/Ac6/SystemWorkbench/plugins/fr.ac6.mcu.externaltools.arm-none.linux64_1.13.0.201701261201/tools/compiler/bin/../lib/gcc/arm-none-eabi/5.4.1/armv7e-m/fpu/libgcc.a(_udivmoddi4.o)
 .debug_frame   0x00005654       0x2c /home/gs-ms/Ac6/SystemWorkbench/plugins/fr.ac6.mcu.externaltools.arm-none.linux64_1.13.0.201701261201/tools/compiler/bin/../lib/gcc/arm-none-eabi/5.4.1/../../../../arm-none-eabi/lib/armv7e-m/fpu/libc_nano.a(lib_a-init.o)
 .debug_frame   0x00005680       0x28 /home/gs-ms/Ac6/SystemWorkbench/plugins/fr.ac6.mcu.externaltools.arm-none.linux64_1.13.0.201701261201/tools/compiler/bin/../lib/gcc/arm-none-eabi/5.4.1/../../../../arm-none-eabi/lib/armv7e-m/fpu/libc_nano.a(lib_a-memcpy-stub.o)
 .debug_frame   0x000056a8       0x20 /home/gs-ms/Ac6/SystemWorkbench/plugins/fr.ac6.mcu.externaltools.arm-none.linux64_1.13.0.201701261201/tools/compiler/bin/../lib/gcc/arm-none-eabi/5.4.1/../../../../arm-none-eabi/lib/armv7e-m/fpu/libc_nano.a(lib_a-memset.o)

.stabstr        0x00000000      0x14d