Archive member included to satisfy reference by file (symbol)

/home/gs-ms/Ac6/SystemWorkbench/plugins/fr.ac6.mcu.externaltools.arm-none.linux64_1.13.0.201701261201/tools/compiler/bin/../lib/gcc/arm-none-eabi/5.4.1/armv7e-m/fpu/libgcc.a(_arm_addsubdf3.o)
                              User_Drivers/Src/cc1101_routine.o (__aeabi_dsub)
/home/gs-ms/Ac6/SystemWorkbench/plugins/fr.ac6.mcu.externaltools.arm-none.linux64_1.13.0.201701261201/tools/compiler/bin/../lib/gcc/arm-none-eabi/5.4.1/armv7e-m/fpu/libgcc.a(_arm_muldivdf3.o)
                              User_Drivers/Src/cc1101_routine.o (__aeabi_dmul)
/home/gs-ms/Ac6/SystemWorkbench/plugins/fr.ac6.mcu.externaltools.arm-none.linux64_1.13.0.201701261201/tools/compiler/bin/../lib/gcc/arm-none-eabi/5.4.1/armv7e-m/fpu/libgcc.a(_arm_fixunsdfsi.o)
                              User_Drivers/Src/cc1101_routine.o (__aeabi_d2uiz)
/home/gs-ms/Ac6/SystemWorkbench/plugins/fr.ac6.mcu.externaltools.arm-none.linux64_1.13.0.201701261201/tools/compiler/bin/../lib/gcc/arm-none-eabi/5.4.1/armv7e-m/fpu/libgcc.a(_arm_truncdfsf2.o)
                              User_Drivers/Src/cc1101_routine.o (__aeabi_d2f)
/home/gs-ms/Ac6/SystemWorkbench/plugins/fr.ac6.mcu.externaltools.arm-none.linux64_1.13.0.201701261201/tools/compiler/bin/../lib/gcc/arm-none-eabi/5.4.1/armv7e-m/fpu/libgcc.a(_aeabi_uldivmod.o)
                              Drivers/STM32L4xx_HAL_Driver/Src/stm32l4xx_hal_uart.o (__aeabi_uldivmod)
/home/gs-ms/Ac6/SystemWorkbench/plugins/fr.ac6.mcu.externaltools.arm-none.linux64_1.13.0.201701261201/tools/compiler/bin/../lib/gcc/arm-none-eabi/5.4.1/armv7e-m/fpu/libgcc.a(_udivmoddi4.o)
                              /home/gs-ms/Ac6/SystemWorkbench/plugins/fr.ac6.mcu.externaltools.arm-none.linux64_1.13.0.201701261201/tools/compiler/bin/../lib/gcc/arm-none-eabi/5.4.1/armv7e-m/fpu/libgcc.a(_aeabi_uldivmod.o) (__udivmoddi4)
/home/gs-ms/Ac6/SystemWorkbench/plugins/fr.ac6.mcu.externaltools.arm-none.linux64_1.13.0.201701261201/tools/compiler/bin/../lib/gcc/arm-none-eabi/5.4.1/armv7e-m/fpu/libgcc.a(_dvmd_tls.o)
                              /home/gs-ms/Ac6/SystemWorkbench/plugins/fr.ac6.mcu.externaltools.arm-none.linux64_1.13.0.201701261201/tools/compiler/bin/../lib/gcc/arm-none-eabi/5.4.1/armv7e-m/fpu/libgcc.a(_aeabi_uldivmod.o) (__aeabi_ldiv0)
/home/gs-ms/Ac6/SystemWorkbench/plugins/fr.ac6.mcu.externaltools.arm-none.linux64_1.13.0.201701261201/tools/compiler/bin/../lib/gcc/arm-none-eabi/5.4.1/../../../../arm-none-eabi/lib/armv7e-m/fpu/libc_nano.a(lib_a-exit.o)
                              /home/gs-ms/Ac6/SystemWorkbench/plugins/fr.ac6.mcu.externaltools.arm-none.linux64_1.13.0.201701261201/tools/compiler/bin/../lib/gcc/arm-none-eabi/5.4.1/../../../../arm-none-eabi/lib/armv7e-m/fpu/crt0.o (exit)
/home/gs-ms/Ac6/SystemWorkbench/plugins/fr.ac6.mcu.externaltools.arm-none.linux64_1.13.0.201701261201/tools/compiler/bin/../lib/gcc/arm-none-eabi/5.4.1/../../../../arm-none-eabi/lib/armv7e-m/fpu/libc_nano.a(lib_a-impure.o)
                              /home/gs-ms/Ac6/SystemWorkbench/plugins/fr.ac6.mcu.externaltools.arm-none.linux64_1.13.0.201701261201/tools/compiler/bin/../lib/gcc/arm-none-eabi/5.4.1/../../../../arm-none-eabi/lib/armv7e-m/fpu/libc_nano.a(lib_a-exit.o) (_global_impure_ptr)
/home/gs-ms/Ac6/SystemWorkbench/plugins/fr.ac6.mcu.externaltools.arm-none.linux64_1.13.0.201701261201/tools/compiler/bin/../lib/gcc/arm-none-eabi/5.4.1/../../../../arm-none-eabi/lib/armv7e-m/fpu/libc_nano.a(lib_a-init.o)
                              /home/gs-ms/Ac6/SystemWorkbench/plugins/fr.ac6.mcu.externaltools.arm-none.linux64_1.13.0.201701261201/tools/compiler/bin/../lib/gcc/arm-none-eabi/5.4.1/../../../../arm-none-eabi/lib/armv7e-m/fpu/crt0.o (__libc_init_array)
/home/gs-ms/Ac6/SystemWorkbench/plugins/fr.ac6.mcu.externaltools.arm-none.linux64_1.13.0.201701261201/tools/compiler/bin/../lib/gcc/arm-none-eabi/5.4.1/../../../../arm-none-eabi/lib/armv7e-m/fpu/libc_nano.a(lib_a-memcpy-stub.o)
                              User_Drivers/Src/cc1101_routine.o (memcpy)
/home/gs-ms/Ac6/SystemWorkbench/plugins/fr.ac6.mcu.externaltools.arm-none.linux64_1.13.0.201701261201/tools/compiler/bin/../lib/gcc/arm-none-eabi/5.4.1/../../../../arm-none-eabi/lib/armv7e-m/fpu/libc_nano.a(lib_a-memset.o)
                              /home/gs-ms/Ac6/SystemWorkbench/plugins/fr.ac6.mcu.externaltools.arm-none.linux64_1.13.0.201701261201/tools/compiler/bin/../lib/gcc/arm-none-eabi/5.4.1/../../../../arm-none-eabi/lib/armv7e-m/fpu/crt0.o (memset)
/home/gs-ms/Ac6/SystemWorkbench/plugins/fr.ac6.mcu.externaltools.arm-none.linux64_1.13.0.201701261201/tools/compiler/bin/../lib/gcc/arm-none-eabi/5.4.1/../../../../arm-none-eabi/lib/armv7e-m/fpu/libc_nano.a(lib_a-rand.o)
                              Src/main.o (rand)
/home/gs-ms/Ac6/SystemWorkbench/plugins/fr.ac6.mcu.externaltools.arm-none.linux64_1.13.0.201701261201/tools/compiler/bin/../lib/gcc/arm-none-eabi/5.4.1/../../../../arm-none-eabi/lib/armv7e-m/fpu/libc_nano.a(lib_a-sprintf.o)
[...]
Memory Configuration

Name             Origin             Length             Attributes
RAM              0x20000000         0x00018000         xrw
RAM2             0x10000000         0x00008000         xrw
FLASH            0x08000000         0x00100000         xr
*default*        0x00000000         0xffffffff

Linker script and memory map

LOAD /home/gs-ms/Ac6/SystemWorkbench/plugins/fr.ac6.mcu.externaltools.arm-none.linux64_1.13.0.201701261201/tools/compiler/bin/../lib/gcc/arm-none-eabi/5.4.1/armv7e-m/fpu/crti.o
LOAD /home/gs-ms/Ac6/SystemWorkbench/plugins/fr.ac6.mcu.externaltools.arm-none.linux64_1.13.0.201701261201/tools/compiler/bin/../lib/gcc/arm-none-eabi/5.4.1/armv7e-m/fpu/crtbegin.o
LOAD /home/gs-ms/Ac6/SystemWorkbench/plugins/fr.ac6.mcu.externaltools.arm-none.linux64_1.13.0.201701261201/tools/compiler/bin/../lib/gcc/arm-none-eabi/5.4.1/../../../../arm-none-eabi/lib/armv7e-m/fpu/crt0.o
LOAD Drivers/STM32L4xx_HAL_Driver/Src/stm32l4xx_hal.o
LOAD Drivers/STM32L4xx_HAL_Driver/Src/stm32l4xx_hal_cortex.o
LOAD Drivers/STM32L4xx_HAL_Driver/Src/stm32l4xx_hal_dma.o
LOAD Drivers/STM32L4xx_HAL_Driver/Src/stm32l4xx_hal_flash.o
LOAD Drivers/STM32L4xx_HAL_Driver/Src/stm32l4xx_hal_flash_ex.o
LOAD Drivers/STM32L4xx_HAL_Driver/Src/stm32l4xx_hal_flash_ramfunc.o
LOAD Drivers/STM32L4xx_HAL_Driver/Src/stm32l4xx_hal_gpio.o
LOAD Drivers/STM32L4xx_HAL_Driver/Src/stm32l4xx_hal_i2c.o
LOAD Drivers/STM32L4xx_HAL_Driver/Src/stm32l4xx_hal_i2c_ex.o
LOAD Drivers/STM32L4xx_HAL_Driver/Src/stm32l4xx_hal_iwdg.o
LOAD Drivers/STM32L4xx_HAL_Driver/Src/stm32l4xx_hal_pwr.o
LOAD Drivers/STM32L4xx_HAL_Driver/Src/stm32l4xx_hal_pwr_ex.o
LOAD Drivers/STM32L4xx_HAL_Driver/Src/stm32l4xx_hal_rcc.o
LOAD Drivers/STM32L4xx_HAL_Driver/Src/stm32l4xx_hal_rcc_ex.o
LOAD Drivers/STM32L4xx_HAL_Driver/Src/stm32l4xx_hal_rng.o
LOAD Drivers/STM32L4xx_HAL_Driver/Src/stm32l4xx_hal_spi.o
LOAD Drivers/STM32L4xx_HAL_Driver/Src/stm32l4xx_hal_spi_ex.o
LOAD Drivers/STM32L4xx_HAL_Driver/Src/stm32l4xx_hal_tim.o
LOAD Drivers/STM32L4xx_HAL_Driver/Src/stm32l4xx_hal_tim_ex.o
LOAD Drivers/STM32L4xx_HAL_Driver/Src/stm32l4xx_hal_uart.o
LOAD Drivers/STM32L4xx_HAL_Driver/Src/stm32l4xx_hal_uart_ex.o
LOAD Src/dma.o
LOAD Src/gpio.o
LOAD Src/iwdg.o
LOAD Src/main.o
LOAD Src/rng.o
LOAD Src/spi.o
LOAD Src/stm32l4xx_hal_msp.o
LOAD Src/stm32l4xx_it.o
LOAD Src/system_stm32l4xx.o
LOAD Src/tim.o
LOAD Src/usart.o
LOAD User_Drivers/Src/cc1101_routine.o
LOAD User_Drivers/Src/circular_queue.o
LOAD User_Drivers/Src/rs_work.o
LOAD startup/startup_stm32l476xx.o
START GROUP
LOAD /home/gs-ms/Ac6/SystemWorkbench/plugins/fr.ac6.mcu.externaltools.arm-none.linux64_1.13.0.201701261201/tools/compiler/bin/../lib/gcc/arm-none-eabi/5.4.1/armv7e-m/fpu/libgcc.a
LOAD /home/gs-ms/Ac6/SystemWorkbench/plugins/fr.ac6.mcu.externaltools.arm-none.linux64_1.13.0.201701261201/tools/compiler/bin/../lib/gcc/arm-none-eabi/5.4.1/../../../../arm-none-eabi/lib/armv7e-m/fpu/libc_nano.a
END GROUP
START GROUP
LOAD /home/gs-ms/Ac6/SystemWorkbench/plugins/fr.ac6.mcu.externaltools.arm-none.linux64_1.13.0.201701261201/tools/compiler/bin/../lib/gcc/arm-none-eabi/5.4.1/armv7e-m/fpu/libgcc.a
LOAD /home/gs-ms/Ac6/SystemWorkbench/plugins/fr.ac6.mcu.externaltools.arm-none.linux64_1.13.0.201701261201/tools/compiler/bin/../lib/gcc/arm-none-eabi/5.4.1/../../../../arm-none-eabi/lib/armv7e-m/fpu/libc_nano.a
LOAD /home/gs-ms/Ac6/SystemWorkbench/plugins/fr.ac6.mcu.externaltools.arm-none.linux64_1.13.0.201701261201/tools/compiler/bin/../lib/gcc/arm-none-eabi/5.4.1/../../../../arm-none-eabi/lib/armv7e-m/fpu/libnosys.a
END GROUP
START GROUP
LOAD /home/gs-ms/Ac6/SystemWorkbench/plugins/fr.ac6.mcu.externaltools.arm-none.linux64_1.13.0.201701261201/tools/compiler/bin/../lib/gcc/arm-none-eabi/5.4.1/armv7e-m/fpu/libgcc.a
LOAD /home/gs-ms/Ac6/SystemWorkbench/plugins/fr.ac6.mcu.externaltools.arm-none.linux64_1.13.0.201701261201/tools/compiler/bin/../lib/gcc/arm-none-eabi/5.4.1/../../../../arm-none-eabi/lib/armv7e-m/fpu/libc_nano.a
LOAD /home/gs-ms/Ac6/SystemWorkbench/plugins/fr.ac6.mcu.externaltools.arm-none.linux64_1.13.0.201701261201/tools/compiler/bin/../lib/gcc/arm-none-eabi/5.4.1/../../../../arm-none-eabi/lib/armv7e-m/fpu/libnosys.a
END GROUP
LOAD /home/gs-ms/Ac6/SystemWorkbench/plugins/fr.ac6.mcu.externaltools.arm-none.linux64_1.13.0.201701261201/tools/compiler/bin/../lib/gcc/arm-none-eabi/5.4.1/armv7e-m/fpu/crtend.o
LOAD /home/gs-ms/Ac6/SystemWorkbench/plugins/fr.ac6.mcu.externaltools.arm-none.linux64_1.13.0.201701261201/tools/compiler/bin/../lib/gcc/arm-none-eabi/5.4.1/armv7e-m/fpu/crtn.o
                0x20018000                _estack = 0x20018000
                0x00000200                _Min_Heap_Size = 0x200
                0x00000400                _Min_Stack_Size = 0x400

.isr_vector     0x08000000      0x188
                0x08000000                . = ALIGN (0x8)
 *(.isr_vector)
 .isr_vector    0x08000000      0x188 startup/startup_stm32l476xx.o
                0x08000000                g_pfnVectors
                0x08000188                . = ALIGN (0x8)

.text           0x08000190     0x7458
                0x08000190                . = ALIGN (0x8)
 *(.text)
 .text          0x08000190       0x5c /home/gs-ms/Ac6/SystemWorkbench/plugins/fr.ac6.mcu.externaltools.arm-none.linux64_1.13.0.201701261201/tools/compiler/bin/../lib/gcc/arm-none-eabi/5.4.1/armv7e-m/fpu/crtbegin.o
 .text          0x080001ec      0x370 /home/gs-ms/Ac6/SystemWorkbench/plugins/fr.ac6.mcu.externaltools.arm-none.linux64_1.13.0.201701261201/tools/compiler/bin/../lib/gcc/arm-none-eabi/5.4.1/armv7e-m/fpu/libgcc.a(_arm_addsubdf3.o)
                0x080001ec                __aeabi_drsub
                0x080001f4                __aeabi_dsub
                0x080001f4                __subdf3
                0x080001f8                __adddf3
                0x080001f8                __aeabi_dadd
                0x08000470                __aeabi_ui2d
                0x08000470                __floatunsidf
                0x08000490                __floatsidf
                0x08000490                __aeabi_i2d
                0x080004b4                __extendsfdf2
                0x080004b4                __aeabi_f2d
                0x080004f0                __aeabi_ul2d
                0x080004f0                __floatundidf
                0x08000500                __floatdidf
                0x08000500                __aeabi_l2d
 .text          0x0800055c      0x424 /home/gs-ms/Ac6/SystemWorkbench/plugins/fr.ac6.mcu.externaltools.arm-none.linux64_1.13.0.201701261201/tools/compiler/bin/../lib/gcc/arm-none-eabi/5.4.1/armv7e-m/fpu/libgcc.a(_arm_muldivdf3.o)
                0x0800055c                __aeabi_dmul
                0x0800055c                __muldf3
                0x080007b0                __aeabi_ddiv
                0x080007b0                __divdf3
 .text          0x08000980       0x40 /home/gs-ms/Ac6/SystemWorkbench/plugins/fr.ac6.mcu.externaltools.arm-none.linux64_1.13.0.201701261201/tools/compiler/bin/../lib/gcc/arm-none-eabi/5.4.1/armv7e-m/fpu/libgcc.a(_arm_fixunsdfsi.o)
                0x08000980                __fixunsdfsi
                0x08000980                __aeabi_d2uiz
 .text          0x080009c0       0xa0 /home/gs-ms/Ac6/SystemWorkbench/plugins/fr.ac6.mcu.externaltools.arm-none.linux64_1.13.0.201701261201/tools/compiler/bin/../lib/gcc/arm-none-eabi/5.4.1/armv7e-m/fpu/libgcc.a(_arm_truncdfsf2.o)
                0x080009c0                __aeabi_d2f
                0x080009c0                __truncdfsf2
 .text          0x08000a60       0x30 /home/gs-ms/Ac6/SystemWorkbench/plugins/fr.ac6.mcu.externaltools.arm-none.linux64_1.13.0.201701261201/tools/compiler/bin/../lib/gcc/arm-none-eabi/5.4.1/armv7e-m/fpu/libgcc.a(_aeabi_uldivmod.o)
                0x08000a60                __aeabi_uldivmod
 .text          0x08000a90      0x2e4 /home/gs-ms/Ac6/SystemWorkbench/plugins/fr.ac6.mcu.externaltools.arm-none.linux64_1.13.0.201701261201/tools/compiler/bin/../lib/gcc/arm-none-eabi/5.4.1/armv7e-m/fpu/libgcc.a(_udivmoddi4.o)
                0x08000a90                __udivmoddi4
 .text          0x08000d74        0x4 /home/gs-ms/Ac6/SystemWorkbench/plugins/fr.ac6.mcu.externaltools.arm-none.linux64_1.13.0.201701261201/tools/compiler/bin/../lib/gcc/arm-none-eabi/5.4.1/armv7e-m/fpu/libgcc.a(_dvmd_tls.o)
                0x08000d74                __aeabi_ldiv0
                0x08000d74                __aeabi_idiv0
 .text          0x08000d78       0x10 /home/gs-ms/Ac6/SystemWorkbench/plugins/fr.ac6.mcu.externaltools.arm-none.linux64_1.13.0.201701261201/tools/compiler/bin/../lib/gcc/arm-none-eabi/5.4.1/../../../../arm-none-eabi/lib/armv7e-m/fpu/libc_nano.a(lib_a-strlen.o)
                0x08000d78                strlen
 *fill*         0x08000d88        0x8 
 .text          0x08000d90       0xa0 /home/gs-ms/Ac6/SystemWorkbench/plugins/fr.ac6.mcu.externaltools.arm-none.linux64_1.13.0.201701261201/tools/compiler/bin/../lib/gcc/arm-none-eabi/5.4.1/../../../../arm-none-eabi/lib/armv7e-m/fpu/libc_nano.a(lib_a-memchr.o)
                0x08000d90                memchr
 .text          0x08000e30      0x110 /home/gs-ms/Ac6/SystemWorkbench/plugins/fr.ac6.mcu.externaltools.arm-none.linux64_1.13.0.201701261201/tools/compiler/bin/../lib/gcc/arm-none-eabi/5.4.1/armv7e-m/fpu/libgcc.a(_arm_cmpdf2.o)
                0x08000e30                __gtdf2
                0x08000e30                __gedf2
                0x08000e38                __ltdf2
                0x08000e38                __ledf2
                0x08000e40                __cmpdf2
                0x08000e40                __eqdf2
                0x08000e40                __nedf2
                0x08000ebc                __aeabi_cdrcmple
                0x08000ecc                __aeabi_cdcmple
                0x08000ecc                __aeabi_cdcmpeq
                0x08000edc                __aeabi_dcmpeq
                0x08000ef0                __aeabi_dcmplt
                0x08000f04                __aeabi_dcmple
                0x08000f18                __aeabi_dcmpge
                0x08000f2c                __aeabi_dcmpgt
 .text          0x08000f40       0x2c /home/gs-ms/Ac6/SystemWorkbench/plugins/fr.ac6.mcu.externaltools.arm-none.linux64_1.13.0.201701261201/tools/compiler/bin/../lib/gcc/arm-none-eabi/5.4.1/armv7e-m/fpu/libgcc.a(_arm_unorddf2.o)
                0x08000f40                __aeabi_dcmpun
                0x08000f40                __unorddf2
 *(.text*)
 .text.HAL_InitTick
                0x08000f6c       0x2c Drivers/STM32L4xx_HAL_Driver/Src/stm32l4xx_hal.o
                0x08000f6c                HAL_InitTick
 .text.HAL_Init
                0x08000f98       0x18 Drivers/STM32L4xx_HAL_Driver/Src/stm32l4xx_hal.o
                0x08000f98                HAL_Init
 .text.HAL_IncTick
                0x08000fb0       0x10 Drivers/STM32L4xx_HAL_Driver/Src/stm32l4xx_hal.o
                0x08000fb0                HAL_IncTick
 .text.HAL_GetTick
                0x08000fc0        0xc Drivers/STM32L4xx_HAL_Driver/Src/stm32l4xx_hal.o
                0x08000fc0                HAL_GetTick
 .text.HAL_Delay
                0x08000fcc       0x20 Drivers/STM32L4xx_HAL_Driver/Src/stm32l4xx_hal.o
                0x08000fcc                HAL_Delay
 .text.HAL_DBGMCU_EnableDBGSleepMode
                0x08000fec       0x10 Drivers/STM32L4xx_HAL_Driver/Src/stm32l4xx_hal.o
                0x08000fec                HAL_DBGMCU_EnableDBGSleepMode
 .text.HAL_DBGMCU_EnableDBGStopMode
                0x08000ffc       0x10 Drivers/STM32L4xx_HAL_Driver/Src/stm32l4xx_hal.o
                0x08000ffc                HAL_DBGMCU_EnableDBGStopMode
 .text.HAL_DBGMCU_EnableDBGStandbyMode
                0x0800100c       0x10 Drivers/STM32L4xx_HAL_Driver/Src/stm32l4xx_hal.o
                0x0800100c                HAL_DBGMCU_EnableDBGStandbyMode
 .text.HAL_NVIC_SetPriorityGrouping
                0x0800101c       0x24 Drivers/STM32L4xx_HAL_Driver/Src/stm32l4xx_hal_cortex.o
                0x0800101c                HAL_NVIC_SetPriorityGrouping
 .text.HAL_NVIC_SetPriority
                0x08001040       0x64 Drivers/STM32L4xx_HAL_Driver/Src/stm32l4xx_hal_cortex.o
                0x08001040                HAL_NVIC_SetPriority
 .text.HAL_NVIC_EnableIRQ
                0x080010a4       0x18 Drivers/STM32L4xx_HAL_Driver/Src/stm32l4xx_hal_cortex.o
                0x080010a4                HAL_NVIC_EnableIRQ
 .text.HAL_NVIC_DisableIRQ
                0x080010bc       0x1c Drivers/STM32L4xx_HAL_Driver/Src/stm32l4xx_hal_cortex.o
                0x080010bc                HAL_NVIC_DisableIRQ
 .text.HAL_SYSTICK_Config
                0x080010d8       0x2c Drivers/STM32L4xx_HAL_Driver/Src/stm32l4xx_hal_cortex.o
                0x080010d8                HAL_SYSTICK_Config
 .text.HAL_SYSTICK_CLKSourceConfig
                0x08001104       0x20 Drivers/STM32L4xx_HAL_Driver/Src/stm32l4xx_hal_cortex.o
                0x08001104                HAL_SYSTICK_CLKSourceConfig
 .text.HAL_SYSTICK_Callback
                0x08001124        0x4 Drivers/STM32L4xx_HAL_Driver/Src/stm32l4xx_hal_cortex.o
                0x08001124                HAL_SYSTICK_Callback
 .text.HAL_SYSTICK_IRQHandler
                0x08001128        0x8 Drivers/STM32L4xx_HAL_Driver/Src/stm32l4xx_hal_cortex.o
                0x08001128                HAL_SYSTICK_IRQHandler
 .text.DMA_SetConfig
                0x08001130       0x2c Drivers/STM32L4xx_HAL_Driver/Src/stm32l4xx_hal_dma.o
 .text.HAL_DMA_Init
                0x0800115c       0xf8 Drivers/STM32L4xx_HAL_Driver/Src/stm32l4xx_hal_dma.o
                0x0800115c                HAL_DMA_Init
 .text.HAL_DMA_Start_IT
                0x08001254       0x78 Drivers/STM32L4xx_HAL_Driver/Src/stm32l4xx_hal_dma.o
                0x08001254                HAL_DMA_Start_IT
 .text.HAL_DMA_Abort_IT
                0x080012cc       0x4c Drivers/STM32L4xx_HAL_Driver/Src/stm32l4xx_hal_dma.o
                0x080012cc                HAL_DMA_Abort_IT
 .text.HAL_DMA_IRQHandler
                0x08001318       0xb4 Drivers/STM32L4xx_HAL_Driver/Src/stm32l4xx_hal_dma.o
                0x08001318                HAL_DMA_IRQHandler
 .text.HAL_GPIO_Init
                0x080013cc      0x1cc Drivers/STM32L4xx_HAL_Driver/Src/stm32l4xx_hal_gpio.o
                0x080013cc                HAL_GPIO_Init
 .text.HAL_GPIO_ReadPin
                0x08001598       0x10 Drivers/STM32L4xx_HAL_Driver/Src/stm32l4xx_hal_gpio.o
                0x08001598                HAL_GPIO_ReadPin
 .text.HAL_GPIO_WritePin
                0x080015a8        0xc Drivers/STM32L4xx_HAL_Driver/Src/stm32l4xx_hal_gpio.o
                0x080015a8                HAL_GPIO_WritePin
 .text.HAL_GPIO_EXTI_IRQHandler
                0x080015b4       0x18 Drivers/STM32L4xx_HAL_Driver/Src/stm32l4xx_hal_gpio.o
                0x080015b4                HAL_GPIO_EXTI_IRQHandler
 .text.HAL_PWREx_GetVoltageRange
                0x080015cc       0x10 Drivers/STM32L4xx_HAL_Driver/Src/stm32l4xx_hal_pwr_ex.o
                0x080015cc                HAL_PWREx_GetVoltageRange
 .text.HAL_PWREx_ControlVoltageScaling
                0x080015dc       0x90 Drivers/STM32L4xx_HAL_Driver/Src/stm32l4xx_hal_pwr_ex.o
                0x080015dc                HAL_PWREx_ControlVoltageScaling
 .text.RCC_SetFlashLatencyFromMSIRange
                0x0800166c       0x90 Drivers/STM32L4xx_HAL_Driver/Src/stm32l4xx_hal_rcc.o
 .text.HAL_RCC_GetSysClockFreq
                0x080016fc      0x174 Drivers/STM32L4xx_HAL_Driver/Src/stm32l4xx_hal_rcc.o
                0x080016fc                HAL_RCC_GetSysClockFreq
 .text.HAL_RCC_OscConfig
                0x08001870      0x5c0 Drivers/STM32L4xx_HAL_Driver/Src/stm32l4xx_hal_rcc.o
                0x08001870                HAL_RCC_OscConfig
 .text.HAL_RCC_ClockConfig
                0x08001e30      0x1cc Drivers/STM32L4xx_HAL_Driver/Src/stm32l4xx_hal_rcc.o
                0x08001e30                HAL_RCC_ClockConfig
 .text.HAL_RCC_GetHCLKFreq
                0x08001ffc        0xc Drivers/STM32L4xx_HAL_Driver/Src/stm32l4xx_hal_rcc.o
                0x08001ffc                HAL_RCC_GetHCLKFreq
 .text.HAL_RCC_GetPCLK1Freq
                0x08002008       0x30 Drivers/STM32L4xx_HAL_Driver/Src/stm32l4xx_hal_rcc.o
                0x08002008                HAL_RCC_GetPCLK1Freq
 .text.HAL_RCC_GetPCLK2Freq
                0x08002038       0x30 Drivers/STM32L4xx_HAL_Driver/Src/stm32l4xx_hal_rcc.o
                0x08002038                HAL_RCC_GetPCLK2Freq
 .text.RCCEx_PLLSAI1_Config
                0x08002068      0x1f8 Drivers/STM32L4xx_HAL_Driver/Src/stm32l4xx_hal_rcc_ex.o
 .text.RCCEx_PLLSAI2_Config
                0x08002260      0x1b8 Drivers/STM32L4xx_HAL_Driver/Src/stm32l4xx_hal_rcc_ex.o
 .text.HAL_RCCEx_PeriphCLKConfig
                0x08002418      0x438 Drivers/STM32L4xx_HAL_Driver/Src/stm32l4xx_hal_rcc_ex.o
                0x08002418                HAL_RCCEx_PeriphCLKConfig
 .text.HAL_RNG_Init
                0x08002850       0x40 Drivers/STM32L4xx_HAL_Driver/Src/stm32l4xx_hal_rng.o
                0x08002850                HAL_RNG_Init
 .text.SPI_WaitFlagStateUntilTimeout
                0x08002890       0x90 Drivers/STM32L4xx_HAL_Driver/Src/stm32l4xx_hal_spi.o
 .text.SPI_WaitFifoStateUntilTimeout
                0x08002920       0x9c Drivers/STM32L4xx_HAL_Driver/Src/stm32l4xx_hal_spi.o
 .text.SPI_EndRxTxTransaction
                0x080029bc       0x68 Drivers/STM32L4xx_HAL_Driver/Src/stm32l4xx_hal_spi.o
 .text.HAL_SPI_Init
                0x08002a24       0xb4 Drivers/STM32L4xx_HAL_Driver/Src/stm32l4xx_hal_spi.o
                0x08002a24                HAL_SPI_Init
 .text.HAL_SPI_TransmitReceive
                0x08002ad8      0x2cc Drivers/STM32L4xx_HAL_Driver/Src/stm32l4xx_hal_spi.o
                0x08002ad8                HAL_SPI_TransmitReceive
 .text.HAL_SPI_ErrorCallback
                0x08002da4        0x4 Drivers/STM32L4xx_HAL_Driver/Src/stm32l4xx_hal_spi.o
                0x08002da4                HAL_SPI_ErrorCallback
 .text.HAL_SPI_IRQHandler
                0x08002da8      0x104 Drivers/STM32L4xx_HAL_Driver/Src/stm32l4xx_hal_spi.o
                0x08002da8                HAL_SPI_IRQHandler
 .text.SPI_DMAAbortOnError
                0x08002eac       0x14 Drivers/STM32L4xx_HAL_Driver/Src/stm32l4xx_hal_spi.o
 .text.TIM_TI1_ConfigInputStage
                0x08002ec0       0x28 Drivers/STM32L4xx_HAL_Driver/Src/stm32l4xx_hal_tim.o
 .text.TIM_TI2_ConfigInputStage
                0x08002ee8       0x28 Drivers/STM32L4xx_HAL_Driver/Src/stm32l4xx_hal_tim.o
 .text.TIM_ITRx_SetConfig
                0x08002f10       0x10 Drivers/STM32L4xx_HAL_Driver/Src/stm32l4xx_hal_tim.o
 .text.HAL_TIM_OC_DelayElapsedCallback
                0x08002f20        0x4 Drivers/STM32L4xx_HAL_Driver/Src/stm32l4xx_hal_tim.o
                0x08002f20                HAL_TIM_OC_DelayElapsedCallback
 .text.HAL_TIM_IC_CaptureCallback
                0x08002f24        0x4 Drivers/STM32L4xx_HAL_Driver/Src/stm32l4xx_hal_tim.o
                0x08002f24                HAL_TIM_IC_CaptureCallback
 .text.HAL_TIM_PWM_PulseFinishedCallback
                0x08002f28        0x4 Drivers/STM32L4xx_HAL_Driver/Src/stm32l4xx_hal_tim.o
                0x08002f28                HAL_TIM_PWM_PulseFinishedCallback
 .text.HAL_TIM_TriggerCallback
                0x08002f2c        0x4 Drivers/STM32L4xx_HAL_Driver/Src/stm32l4xx_hal_tim.o
                0x08002f2c                HAL_TIM_TriggerCallback
 .text.HAL_TIM_IRQHandler
                0x08002f30      0x174 Drivers/STM32L4xx_HAL_Driver/Src/stm32l4xx_hal_tim.o
                0x08002f30                HAL_TIM_IRQHandler
 .text.TIM_Base_SetConfig
                0x080030a4       0xc0 Drivers/STM32L4xx_HAL_Driver/Src/stm32l4xx_hal_tim.o
                0x080030a4                TIM_Base_SetConfig
 .text.HAL_TIM_Base_Init
                0x08003164       0x38 Drivers/STM32L4xx_HAL_Driver/Src/stm32l4xx_hal_tim.o
                0x08003164                HAL_TIM_Base_Init
 .text.TIM_ETR_SetConfig
                0x0800319c       0x1c Drivers/STM32L4xx_HAL_Driver/Src/stm32l4xx_hal_tim.o
                0x0800319c                TIM_ETR_SetConfig
 .text.HAL_TIM_ConfigClockSource
                0x080031b8      0x120 Drivers/STM32L4xx_HAL_Driver/Src/stm32l4xx_hal_tim.o
                0x080031b8                HAL_TIM_ConfigClockSource
 .text.HAL_TIMEx_MasterConfigSynchronization
                0x080032d8       0x58 Drivers/STM32L4xx_HAL_Driver/Src/stm32l4xx_hal_tim_ex.o
                0x080032d8                HAL_TIMEx_MasterConfigSynchronization
 .text.HAL_TIMEx_CommutationCallback
                0x08003330        0x4 Drivers/STM32L4xx_HAL_Driver/Src/stm32l4xx_hal_tim_ex.o
                0x08003330                HAL_TIMEx_CommutationCallback
 .text.HAL_TIMEx_BreakCallback
                0x08003334        0x4 Drivers/STM32L4xx_HAL_Driver/Src/stm32l4xx_hal_tim_ex.o
                0x08003334                HAL_TIMEx_BreakCallback
 .text.UART_EndTxTransfer
                0x08003338       0x14 Drivers/STM32L4xx_HAL_Driver/Src/stm32l4xx_hal_uart.o
 .text.UART_EndRxTransfer
                0x0800334c       0x1c Drivers/STM32L4xx_HAL_Driver/Src/stm32l4xx_hal_uart.o
 .text.UART_Transmit_IT
                0x08003368       0x6c Drivers/STM32L4xx_HAL_Driver/Src/stm32l4xx_hal_uart.o
 .text.HAL_UART_Transmit_DMA
                0x080033d4       0x90 Drivers/STM32L4xx_HAL_Driver/Src/stm32l4xx_hal_uart.o
                0x080033d4                HAL_UART_Transmit_DMA
 .text.HAL_UART_Receive_DMA
                0x08003464       0x9c Drivers/STM32L4xx_HAL_Driver/Src/stm32l4xx_hal_uart.o
                0x08003464                HAL_UART_Receive_DMA
 .text.HAL_UART_TxCpltCallback
                0x08003500        0x4 Drivers/STM32L4xx_HAL_Driver/Src/stm32l4xx_hal_uart.o
                0x08003500                HAL_UART_TxCpltCallback
 .text.UART_DMATransmitCplt
                0x08003504       0x34 Drivers/STM32L4xx_HAL_Driver/Src/stm32l4xx_hal_uart.o
 .text.UART_EndTransmit_IT
                0x08003538       0x1c Drivers/STM32L4xx_HAL_Driver/Src/stm32l4xx_hal_uart.o
 .text.HAL_UART_TxHalfCpltCallback
                0x08003554        0x4 Drivers/STM32L4xx_HAL_Driver/Src/stm32l4xx_hal_uart.o
                0x08003554                HAL_UART_TxHalfCpltCallback
 .text.UART_DMATxHalfCplt
                0x08003558        0xc Drivers/STM32L4xx_HAL_Driver/Src/stm32l4xx_hal_uart.o
 .text.UART_DMAReceiveCplt
                0x08003564       0x40 Drivers/STM32L4xx_HAL_Driver/Src/stm32l4xx_hal_uart.o
 .text.UART_Receive_IT
                0x080035a4       0x84 Drivers/STM32L4xx_HAL_Driver/Src/stm32l4xx_hal_uart.o
 .text.UART_DMARxHalfCplt
                0x08003628        0xc Drivers/STM32L4xx_HAL_Driver/Src/stm32l4xx_hal_uart.o
 .text.HAL_UART_ErrorCallback
                0x08003634        0x4 Drivers/STM32L4xx_HAL_Driver/Src/stm32l4xx_hal_uart.o
                0x08003634                HAL_UART_ErrorCallback
 .text.UART_DMAError
                0x08003638       0x54 Drivers/STM32L4xx_HAL_Driver/Src/stm32l4xx_hal_uart.o
 .text.HAL_UART_IRQHandler
                0x0800368c      0x15c Drivers/STM32L4xx_HAL_Driver/Src/stm32l4xx_hal_uart.o
                0x0800368c                HAL_UART_IRQHandler
 .text.UART_DMAAbortOnError
                0x080037e8       0x14 Drivers/STM32L4xx_HAL_Driver/Src/stm32l4xx_hal_uart.o
 .text.UART_SetConfig
                0x080037fc      0x3e4 Drivers/STM32L4xx_HAL_Driver/Src/stm32l4xx_hal_uart.o
                0x080037fc                UART_SetConfig
 .text.UART_AdvFeatureConfig
                0x08003be0       0xc8 Drivers/STM32L4xx_HAL_Driver/Src/stm32l4xx_hal_uart.o
                0x08003be0                UART_AdvFeatureConfig
 .text.UART_WaitOnFlagUntilTimeout
                0x08003ca8       0x68 Drivers/STM32L4xx_HAL_Driver/Src/stm32l4xx_hal_uart.o
                0x08003ca8                UART_WaitOnFlagUntilTimeout
 .text.UART_CheckIdleState
                0x08003d10       0x6c Drivers/STM32L4xx_HAL_Driver/Src/stm32l4xx_hal_uart.o
                0x08003d10                UART_CheckIdleState
 .text.HAL_UART_Init
                0x08003d7c       0x6c Drivers/STM32L4xx_HAL_Driver/Src/stm32l4xx_hal_uart.o
                0x08003d7c                HAL_UART_Init
 .text.HAL_UARTEx_WakeupCallback
                0x08003de8        0x4 Drivers/STM32L4xx_HAL_Driver/Src/stm32l4xx_hal_uart_ex.o
                0x08003de8                HAL_UARTEx_WakeupCallback
 .text.MX_DMA_Init
                0x08003dec       0x44 Src/dma.o
                0x08003dec                MX_DMA_Init
 .text.MX_GPIO_Init
                0x08003e30       0xb4 Src/gpio.o
                0x08003e30                MX_GPIO_Init
 .text.print_uart
                0x08003ee4       0x88 Src/main.o
                0x08003ee4                print_uart
 .text.Error_Handler
                0x08003f6c        0x4 Src/main.o
                0x08003f6c                Error_Handler
 .text.SystemClock_Config
                0x08003f70       0xc8 Src/main.o
                0x08003f70                SystemClock_Config
 .text.main     0x08004038      0x134 Src/main.o
                0x08004038                main
 .text.MX_RNG_Init
                0x0800416c       0x1c Src/rng.o
                0x0800416c                MX_RNG_Init
 .text.HAL_RNG_MspInit
                0x08004188       0x2c Src/rng.o
                0x08004188                HAL_RNG_MspInit
 .text.MX_SPI1_Init
                0x080041b4       0x4c Src/spi.o
                0x080041b4                MX_SPI1_Init
 .text.HAL_SPI_MspInit
                0x08004200       0x5c Src/spi.o
                0x08004200                HAL_SPI_MspInit
 .text.spi_transfer
                0x0800425c       0x78 Src/spi.o
                0x0800425c                spi_transfer
 .text.HAL_MspInit
                0x080042d4       0x90 Src/stm32l4xx_hal_msp.o
                0x080042d4                HAL_MspInit
 .text.NMI_Handler
                0x08004364        0x4 Src/stm32l4xx_it.o
                0x08004364                NMI_Handler
 .text.HardFault_Handler
                0x08004368        0x4 Src/stm32l4xx_it.o
                0x08004368                HardFault_Handler
 .text.MemManage_Handler
                0x0800436c        0x4 Src/stm32l4xx_it.o
                0x0800436c                MemManage_Handler
 .text.BusFault_Handler
                0x08004370        0x4 Src/stm32l4xx_it.o
                0x08004370                BusFault_Handler
 .text.UsageFault_Handler
                0x08004374        0x4 Src/stm32l4xx_it.o
                0x08004374                UsageFault_Handler
 .text.SVC_Handler
                0x08004378        0x4 Src/stm32l4xx_it.o
                0x08004378                SVC_Handler
 .text.DebugMon_Handler
                0x0800437c        0x4 Src/stm32l4xx_it.o
                0x0800437c                DebugMon_Handler
 .text.PendSV_Handler
                0x08004380        0x4 Src/stm32l4xx_it.o
                0x08004380                PendSV_Handler
 .text.SysTick_Handler
                0x08004384        0xc Src/stm32l4xx_it.o
                0x08004384                SysTick_Handler
 .text.EXTI0_IRQHandler
                0x08004390        0xc Src/stm32l4xx_it.o
                0x08004390                EXTI0_IRQHandler
 .text.DMA1_Channel4_IRQHandler
                0x0800439c       0x10 Src/stm32l4xx_it.o
                0x0800439c                DMA1_Channel4_IRQHandler
 .text.DMA1_Channel5_IRQHandler
                0x080043ac       0x10 Src/stm32l4xx_it.o
                0x080043ac                DMA1_Channel5_IRQHandler
 .text.EXTI9_5_IRQHandler
                0x080043bc        0xc Src/stm32l4xx_it.o
                0x080043bc                EXTI9_5_IRQHandler
 .text.TIM2_IRQHandler
                0x080043c8       0x10 Src/stm32l4xx_it.o
                0x080043c8                TIM2_IRQHandler
 .text.SPI1_IRQHandler
                0x080043d8       0x10 Src/stm32l4xx_it.o
                0x080043d8                SPI1_IRQHandler
 .text.USART1_IRQHandler
                0x080043e8       0x10 Src/stm32l4xx_it.o
                0x080043e8                USART1_IRQHandler
 .text.SystemInit
                0x080043f8       0x48 Src/system_stm32l4xx.o
                0x080043f8                SystemInit
 .text.MX_TIM2_Init
                0x08004440       0x5c Src/tim.o
                0x08004440                MX_TIM2_Init
 .text.HAL_TIM_Base_MspInit
                0x0800449c       0x3c Src/tim.o
                0x0800449c                HAL_TIM_Base_MspInit
 .text.MX_USART1_UART_Init
                0x080044d8       0x38 Src/usart.o
                0x080044d8                MX_USART1_UART_Init
 .text.HAL_UART_MspInit
                0x08004510       0xc8 Src/usart.o
                0x08004510                HAL_UART_MspInit
 .text.usart_init_rx
                0x080045d8       0x2c Src/usart.o
                0x080045d8                usart_init_rx
 .text.HAL_UART_RxCpltCallback
                0x08004604       0x14 Src/usart.o
                0x08004604                HAL_UART_RxCpltCallback
 .text.HAL_UART_RxHalfCpltCallback
                0x08004618       0x14 Src/usart.o
                0x08004618                HAL_UART_RxHalfCpltCallback
 .text.get_freq_word
                0x0800462c       0x10 User_Drivers/Src/cc1101_routine.o
 .text.get_if_word
                0x0800463c        0x8 User_Drivers/Src/cc1101_routine.o
 .text.get_offset_word
                0x08004644        0xc User_Drivers/Src/cc1101_routine.o
 .text.get_chanbw_words
                0x08004650       0x48 User_Drivers/Src/cc1101_routine.o
 .text.reset_parameters
                0x08004698       0x14 User_Drivers/Src/cc1101_routine.o
 .text.disable_IT
                0x080046ac       0x10 User_Drivers/Src/cc1101_routine.o
 .text.enable_IT
                0x080046bc       0x10 User_Drivers/Src/cc1101_routine.o
 .text.CC_SPIReadStatus
                0x080046cc       0x48 User_Drivers/Src/cc1101_routine.o
 .text.radio_csma
                0x08004714       0x24 User_Drivers/Src/cc1101_routine.o
 .text.CC_SPIStrobe
                0x08004738       0x38 User_Drivers/Src/cc1101_routine.o
 .text.radio_flush_fifos
                0x08004770       0x14 User_Drivers/Src/cc1101_routine.o
 .text.radio_turn_idle
                0x08004784       0x7c User_Drivers/Src/cc1101_routine.o
 .text.CC_SPIWriteReg
                0x08004800       0x38 User_Drivers/Src/cc1101_routine.o
 .text.radio_turn_rx_isr
                0x08004838       0xa8 User_Drivers/Src/cc1101_routine.o
 .text.radio_turn_rx
                0x080048e0        0x8 User_Drivers/Src/cc1101_routine.o
 .text.radio_turn_tx
                0x080048e8       0x7c User_Drivers/Src/cc1101_routine.o
 .text.CC_SPIWriteBurstReg
                0x08004964       0x54 User_Drivers/Src/cc1101_routine.o
 .text.CC_SPIReadBurstReg
                0x080049b8       0x60 User_Drivers/Src/cc1101_routine.o
 .text.CC_PowerupResetCCxxxx
                0x08004a18       0x44 User_Drivers/Src/cc1101_routine.o
 .text.radio_send_block
                0x08004a5c       0x8c User_Drivers/Src/cc1101_routine.o
 .text.get_rate_words
                0x08004ae8      0x150 User_Drivers/Src/cc1101_routine.o
 .text.cc1101_check
                0x08004c38       0x9c User_Drivers/Src/cc1101_routine.o
                0x08004c38                cc1101_check
 .text.gdo0_isr
                0x08004cd4      0x198 User_Drivers/Src/cc1101_routine.o
                0x08004cd4                gdo0_isr
 .text.gdo2_isr
                0x08004e6c       0xd4 User_Drivers/Src/cc1101_routine.o
                0x08004e6c                gdo2_isr
 .text.set_freq_parameters
                0x08004f40       0x24 User_Drivers/Src/cc1101_routine.o
                0x08004f40                set_freq_parameters
 .text.set_sync_parameters
                0x08004f64        0xc User_Drivers/Src/cc1101_routine.o
                0x08004f64                set_sync_parameters
 .text.set_packet_parameters
                0x08004f70        0x8 User_Drivers/Src/cc1101_routine.o
                0x08004f70                set_packet_parameters
 .text.set_modulation_parameters
                0x08004f78        0xc User_Drivers/Src/cc1101_routine.o
                0x08004f78                set_modulation_parameters
 .text.init_radio_config
                0x08004f84      0x230 User_Drivers/Src/cc1101_routine.o
                0x08004f84                init_radio_config
 .text.rssi_dbm
                0x080051b4       0x50 User_Drivers/Src/cc1101_routine.o
                0x080051b4                rssi_dbm
 .text.radio_send_packet
                0x08005204       0x60 User_Drivers/Src/cc1101_routine.o
                0x08005204                radio_send_packet
 .text.enable_isr_routine
                0x08005264       0x38 User_Drivers/Src/cc1101_routine.o
                0x08005264                enable_isr_routine
 .text.HAL_TIM_PeriodElapsedCallback
                0x0800529c        0x8 User_Drivers/Src/cc1101_routine.o
                0x0800529c                HAL_TIM_PeriodElapsedCallback
 .text.HAL_GPIO_EXTI_Callback
                0x080052a4       0x18 User_Drivers/Src/cc1101_routine.o
                0x080052a4                HAL_GPIO_EXTI_Callback
 .text.allocate_memory
                0x080052bc       0x24 User_Drivers/Src/circular_queue.o
 .text.queue_init
                0x080052e0       0x28 User_Drivers/Src/circular_queue.o
                0x080052e0                queue_init
 .text.is_full  0x08005308       0x1c User_Drivers/Src/circular_queue.o
                0x08005308                is_full
 .text.is_empty
                0x08005324       0x10 User_Drivers/Src/circular_queue.o
                0x08005324                is_empty
 .text.enqueue  0x08005334       0x40 User_Drivers/Src/circular_queue.o
                0x08005334                enqueue
 .text.dequeue  0x08005374       0x40 User_Drivers/Src/circular_queue.o
                0x08005374                dequeue
 .text.add_polys
                0x080053b4       0x20 User_Drivers/Src/rs_work.o
 .text.copy_poly
                0x080053d4       0x14 User_Drivers/Src/rs_work.o
 .text.zero_poly
                0x080053e8       0x14 User_Drivers/Src/rs_work.o
 .text.mul_z_poly
                0x080053fc       0x20 User_Drivers/Src/rs_work.o
 .text.init_exp_table
                0x0800541c       0xa0 User_Drivers/Src/rs_work.o
 .text.init_galois_tables
                0x080054bc        0x8 User_Drivers/Src/rs_work.o
 .text.gmult    0x080054c4       0x2c User_Drivers/Src/rs_work.o
 .text.mult_polys
                0x080054f0       0x9c User_Drivers/Src/rs_work.o
 .text.compute_modified_omega
                0x0800558c       0x40 User_Drivers/Src/rs_work.o
 .text.scale_poly
                0x080055cc       0x20 User_Drivers/Src/rs_work.o
 .text.init_gamma
                0x080055ec       0x5c User_Drivers/Src/rs_work.o
 .text.compute_discrepancy
                0x08005648       0x30 User_Drivers/Src/rs_work.o
 .text.ginv     0x08005678       0x18 User_Drivers/Src/rs_work.o
 .text.Modified_Berlekamp_Massey
                0x08005690       0xec User_Drivers/Src/rs_work.o
 .text.build_codeword
                0x0800577c       0x34 User_Drivers/Src/rs_work.o
 .text.decode_data
                0x080057b0       0x44 User_Drivers/Src/rs_work.o
 .text.check_syndrome
                0x080057f4       0x24 User_Drivers/Src/rs_work.o
 .text.compute_genpoly
                0x08005818       0x54 User_Drivers/Src/rs_work.o
 .text.initialize_ecc
                0x0800586c       0x14 User_Drivers/Src/rs_work.o
 .text.encode_data
                0x08005880       0xa4 User_Drivers/Src/rs_work.o
 .text.Find_Roots
                0x08005924       0x74 User_Drivers/Src/rs_work.o
 .text.correct_errors_erasures
                0x08005998      0x128 User_Drivers/Src/rs_work.o
 .text.encode_rs_message
                0x08005ac0       0x3c User_Drivers/Src/rs_work.o
                0x08005ac0                encode_rs_message
 .text.decode_rs_message
                0x08005afc       0x80 User_Drivers/Src/rs_work.o
                0x08005afc                decode_rs_message
 .text.Reset_Handler
                0x08005b7c       0x50 startup/startup_stm32l476xx.o
                0x08005b7c                Reset_Handler
 .text.Default_Handler
                0x08005bcc        0x2 startup/startup_stm32l476xx.o
                0x08005bcc                RTC_Alarm_IRQHandler
                0x08005bcc                EXTI2_IRQHandler
                0x08005bcc                TIM8_TRG_COM_IRQHandler
                0x08005bcc                TIM8_CC_IRQHandler
                0x08005bcc                TIM1_CC_IRQHandler
                0x08005bcc                TSC_IRQHandler
                0x08005bcc                TAMP_STAMP_IRQHandler
                0x08005bcc                EXTI3_IRQHandler
                0x08005bcc                LPTIM2_IRQHandler
                0x08005bcc                DFSDM1_FLT1_IRQHandler
                0x08005bcc                I2C3_ER_IRQHandler
                0x08005bcc                DFSDM1_FLT2_IRQHandler
                0x08005bcc                I2C2_EV_IRQHandler
                0x08005bcc                CAN1_RX0_IRQHandler
                0x08005bcc                FPU_IRQHandler
                0x08005bcc                TIM1_UP_TIM16_IRQHandler
                0x08005bcc                ADC1_2_IRQHandler
                0x08005bcc                TIM6_DAC_IRQHandler
                0x08005bcc                TIM8_UP_IRQHandler
                0x08005bcc                DMA2_Channel2_IRQHandler
                0x08005bcc                SAI2_IRQHandler
                0x08005bcc                DFSDM1_FLT3_IRQHandler
                0x08005bcc                USART3_IRQHandler
                0x08005bcc                DMA1_Channel7_IRQHandler
                0x08005bcc                CAN1_RX1_IRQHandler
                0x08005bcc                LCD_IRQHandler
                0x08005bcc                UART5_IRQHandler
                0x08005bcc                ADC3_IRQHandler
                0x08005bcc                TIM4_IRQHandler
                0x08005bcc                DMA2_Channel1_IRQHandler
                0x08005bcc                QUADSPI_IRQHandler
                0x08005bcc                I2C1_EV_IRQHandler
                0x08005bcc                DMA1_Channel6_IRQHandler
                0x08005bcc                UART4_IRQHandler
                0x08005bcc                DMA2_Channel4_IRQHandler
                0x08005bcc                TIM3_IRQHandler
                0x08005bcc                RCC_IRQHandler
                0x08005bcc                DMA1_Channel1_IRQHandler
                0x08005bcc                Default_Handler
                0x08005bcc                DMA2_Channel7_IRQHandler
                0x08005bcc                EXTI15_10_IRQHandler
                0x08005bcc                TIM7_IRQHandler
                0x08005bcc                SDMMC1_IRQHandler
                0x08005bcc                TIM5_IRQHandler
                0x08005bcc                I2C3_EV_IRQHandler
                0x08005bcc                RTC_WKUP_IRQHandler
                0x08005bcc                PVD_PVM_IRQHandler
                0x08005bcc                SPI2_IRQHandler
                0x08005bcc                CAN1_TX_IRQHandler
                0x08005bcc                DMA2_Channel5_IRQHandler
                0x08005bcc                EXTI4_IRQHandler
                0x08005bcc                RNG_IRQHandler
                0x08005bcc                TIM1_TRG_COM_TIM17_IRQHandler
                0x08005bcc                DMA1_Channel3_IRQHandler
                0x08005bcc                COMP_IRQHandler
                0x08005bcc                WWDG_IRQHandler
                0x08005bcc                LPUART1_IRQHandler
                0x08005bcc                DMA2_Channel6_IRQHandler
                0x08005bcc                EXTI1_IRQHandler
                0x08005bcc                USART2_IRQHandler
                0x08005bcc                DFSDM1_FLT0_IRQHandler
                0x08005bcc                I2C2_ER_IRQHandler
                0x08005bcc                DMA1_Channel2_IRQHandler
                0x08005bcc                TIM8_BRK_IRQHandler
                0x08005bcc                CAN1_SCE_IRQHandler
                0x08005bcc                FLASH_IRQHandler
                0x08005bcc                OTG_FS_IRQHandler
                0x08005bcc                SPI3_IRQHandler
                0x08005bcc                I2C1_ER_IRQHandler
                0x08005bcc                FMC_IRQHandler
                0x08005bcc                SWPMI1_IRQHandler
                0x08005bcc                LPTIM1_IRQHandler
                0x08005bcc                SAI1_IRQHandler
                0x08005bcc                DMA2_Channel3_IRQHandler
                0x08005bcc                TIM1_BRK_TIM15_IRQHandler
 *fill*         0x08005bce        0x2 
 .text.__libc_init_array
                0x08005bd0       0x4c /home/gs-ms/Ac6/SystemWorkbench/plugins/fr.ac6.mcu.externaltools.arm-none.linux64_1.13.0.201701261201/tools/compiler/bin/../lib/gcc/arm-none-eabi/5.4.1/../../../../arm-none-eabi/lib/armv7e-m/fpu/libc_nano.a(lib_a-init.o)
                0x08005bd0                __libc_init_array
 .text.memcpy   0x08005c1c       0x16 /home/gs-ms/Ac6/SystemWorkbench/plugins/fr.ac6.mcu.externaltools.arm-none.linux64_1.13.0.201701261201/tools/compiler/bin/../lib/gcc/arm-none-eabi/5.4.1/../../../../arm-none-eabi/lib/armv7e-m/fpu/libc_nano.a(lib_a-memcpy-stub.o)
                0x08005c1c                memcpy
 .text.memset   0x08005c32       0x10 /home/gs-ms/Ac6/SystemWorkbench/plugins/fr.ac6.mcu.externaltools.arm-none.linux64_1.13.0.201701261201/tools/compiler/bin/../lib/gcc/arm-none-eabi/5.4.1/../../../../arm-none-eabi/lib/armv7e-m/fpu/libc_nano.a(lib_a-memset.o)
                0x08005c32                memset
 *fill*         0x08005c42        0x2 
 .text.rand     0x08005c44       0x74 /home/gs-ms/Ac6/SystemWorkbench/plugins/fr.ac6.mcu.externaltools.arm-none.linux64_1.13.0.201701261201/tools/compiler/bin/../lib/gcc/arm-none-eabi/5.4.1/../../../../arm-none-eabi/lib/armv7e-m/fpu/libc_nano.a(lib_a-rand.o)
                0x08005c44                rand
 .text.sprintf  0x08005cb8       0x48 /home/gs-ms/Ac6/SystemWorkbench/plugins/fr.ac6.mcu.externaltools.arm-none.linux64_1.13.0.201701261201/tools/compiler/bin/../lib/gcc/arm-none-eabi/5.4.1/../../../../arm-none-eabi/lib/armv7e-m/fpu/libc_nano.a(lib_a-sprintf.o)
                0x08005cb8                sprintf
                0x08005cb8                siprintf
 .text.sscanf   0x08005d00       0x54 /home/gs-ms/Ac6/SystemWorkbench/plugins/fr.ac6.mcu.externaltools.arm-none.linux64_1.13.0.201701261201/tools/compiler/bin/../lib/gcc/arm-none-eabi/5.4.1/../../../../arm-none-eabi/lib/armv7e-m/fpu/libc_nano.a(lib_a-sscanf.o)
                0x08005d00                sscanf
                0x08005d00                siscanf
 .text.__seofread
                0x08005d54        0x4 /home/gs-ms/Ac6/SystemWorkbench/plugins/fr.ac6.mcu.externaltools.arm-none.linux64_1.13.0.201701261201/tools/compiler/bin/../lib/gcc/arm-none-eabi/5.4.1/../../../../arm-none-eabi/lib/armv7e-m/fpu/libc_nano.a(lib_a-stdio.o)
                0x08005d54                __seofread
 .text._vsprintf_r
                0x08005d58       0x30 /home/gs-ms/Ac6/SystemWorkbench/plugins/fr.ac6.mcu.externaltools.arm-none.linux64_1.13.0.201701261201/tools/compiler/bin/../lib/gcc/arm-none-eabi/5.4.1/../../../../arm-none-eabi/lib/armv7e-m/fpu/libc_nano.a(lib_a-vsprintf.o)
                0x08005d58                _vsiprintf_r
                0x08005d58                _vsprintf_r
 .text.vsprintf
                0x08005d88       0x14 /home/gs-ms/Ac6/SystemWorkbench/plugins/fr.ac6.mcu.externaltools.arm-none.linux64_1.13.0.201701261201/tools/compiler/bin/../lib/gcc/arm-none-eabi/5.4.1/../../../../arm-none-eabi/lib/armv7e-m/fpu/libc_nano.a(lib_a-vsprintf.o)
                0x08005d88                vsprintf
                0x08005d88                vsiprintf
 .text.malloc   0x08005d9c       0x10 /home/gs-ms/Ac6/SystemWorkbench/plugins/fr.ac6.mcu.externaltools.arm-none.linux64_1.13.0.201701261201/tools/compiler/bin/../lib/gcc/arm-none-eabi/5.4.1/../../../../arm-none-eabi/lib/armv7e-m/fpu/libc_nano.a(lib_a-malloc.o)
                0x08005d9c                malloc
 .text._free_r  0x08005dac       0x9c /home/gs-ms/Ac6/SystemWorkbench/plugins/fr.ac6.mcu.externaltools.arm-none.linux64_1.13.0.201701261201/tools/compiler/bin/../lib/gcc/arm-none-eabi/5.4.1/../../../../arm-none-eabi/lib/armv7e-m/fpu/libc_nano.a(lib_a-nano-freer.o)
                0x08005dac                _free_r
 .text._malloc_r
                0x08005e48       0xbc /home/gs-ms/Ac6/SystemWorkbench/plugins/fr.ac6.mcu.externaltools.arm-none.linux64_1.13.0.201701261201/tools/compiler/bin/../lib/gcc/arm-none-eabi/5.4.1/../../../../arm-none-eabi/lib/armv7e-m/fpu/libc_nano.a(lib_a-nano-mallocr.o)
                0x08005e48                _malloc_r
 .text.__ssputs_r
                0x08005f04       0xb2 /home/gs-ms/Ac6/SystemWorkbench/plugins/fr.ac6.mcu.externaltools.arm-none.linux64_1.13.0.201701261201/tools/compiler/bin/../lib/gcc/arm-none-eabi/5.4.1/../../../../arm-none-eabi/lib/armv7e-m/fpu/libc_nano.a(lib_a-nano-svfprintf.o)
                0x08005f04                __ssputs_r
 *fill*         0x08005fb6        0x2 
 .text._svfprintf_r
                0x08005fb8      0x1e8 /home/gs-ms/Ac6/SystemWorkbench/plugins/fr.ac6.mcu.externaltools.arm-none.linux64_1.13.0.201701261201/tools/compiler/bin/../lib/gcc/arm-none-eabi/5.4.1/../../../../arm-none-eabi/lib/armv7e-m/fpu/libc_nano.a(lib_a-nano-svfprintf.o)
                0x08005fb8                _svfprintf_r
                0x08005fb8                _svfiprintf_r
 .text._sungetc_r
                0x080061a0       0x7c /home/gs-ms/Ac6/SystemWorkbench/plugins/fr.ac6.mcu.externaltools.arm-none.linux64_1.13.0.201701261201/tools/compiler/bin/../lib/gcc/arm-none-eabi/5.4.1/../../../../arm-none-eabi/lib/armv7e-m/fpu/libc_nano.a(lib_a-nano-svfscanf.o)
                0x080061a0                _sungetc_r
 .text.__ssrefill_r
                0x0800621c       0x3a /home/gs-ms/Ac6/SystemWorkbench/plugins/fr.ac6.mcu.externaltools.arm-none.linux64_1.13.0.201701261201/tools/compiler/bin/../lib/gcc/arm-none-eabi/5.4.1/../../../../arm-none-eabi/lib/armv7e-m/fpu/libc_nano.a(lib_a-nano-svfscanf.o)
                0x0800621c                __ssrefill_r
 *fill*         0x08006256        0x2 
 .text.__ssvfscanf_r
                0x08006258      0x2b0 /home/gs-ms/Ac6/SystemWorkbench/plugins/fr.ac6.mcu.externaltools.arm-none.linux64_1.13.0.201701261201/tools/compiler/bin/../lib/gcc/arm-none-eabi/5.4.1/../../../../arm-none-eabi/lib/armv7e-m/fpu/libc_nano.a(lib_a-nano-svfscanf.o)
                0x08006258                __ssvfscanf_r
                0x08006258                __ssvfiscanf_r
 .text._printf_common
                0x08006508       0xec /home/gs-ms/Ac6/SystemWorkbench/plugins/fr.ac6.mcu.externaltools.arm-none.linux64_1.13.0.201701261201/tools/compiler/bin/../lib/gcc/arm-none-eabi/5.4.1/../../../../arm-none-eabi/lib/armv7e-m/fpu/libc_nano.a(lib_a-nano-vfprintf_i.o)
                0x08006508                _printf_common
 .text._printf_i
                0x080065f4      0x24c /home/gs-ms/Ac6/SystemWorkbench/plugins/fr.ac6.mcu.externaltools.arm-none.linux64_1.13.0.201701261201/tools/compiler/bin/../lib/gcc/arm-none-eabi/5.4.1/../../../../arm-none-eabi/lib/armv7e-m/fpu/libc_nano.a(lib_a-nano-vfprintf_i.o)
                0x080065f4                _printf_i
 .text._scanf_chars
                0x08006840       0xce /home/gs-ms/Ac6/SystemWorkbench/plugins/fr.ac6.mcu.externaltools.arm-none.linux64_1.13.0.201701261201/tools/compiler/bin/../lib/gcc/arm-none-eabi/5.4.1/../../../../arm-none-eabi/lib/armv7e-m/fpu/libc_nano.a(lib_a-nano-vfscanf_i.o)
                0x08006840                _scanf_chars
 *fill*         0x0800690e        0x2 
 .text._scanf_i
                0x08006910      0x1e4 /home/gs-ms/Ac6/SystemWorkbench/plugins/fr.ac6.mcu.externaltools.arm-none.linux64_1.13.0.201701261201/tools/compiler/bin/../lib/gcc/arm-none-eabi/5.4.1/../../../../arm-none-eabi/lib/armv7e-m/fpu/libc_nano.a(lib_a-nano-vfscanf_i.o)
                0x08006910                _scanf_i
 .text._sbrk_r  0x08006af4       0x20 /home/gs-ms/Ac6/SystemWorkbench/plugins/fr.ac6.mcu.externaltools.arm-none.linux64_1.13.0.201701261201/tools/compiler/bin/../lib/gcc/arm-none-eabi/5.4.1/../../../../arm-none-eabi/lib/armv7e-m/fpu/libc_nano.a(lib_a-sbrkr.o)
                0x08006af4                _sbrk_r
 .text.__sccl   0x08006b14       0x62 /home/gs-ms/Ac6/SystemWorkbench/plugins/fr.ac6.mcu.externaltools.arm-none.linux64_1.13.0.201701261201/tools/compiler/bin/../lib/gcc/arm-none-eabi/5.4.1/../../../../arm-none-eabi/lib/armv7e-m/fpu/libc_nano.a(lib_a-sccl.o)
                0x08006b14                __sccl
 .text._strtol_l.isra.0
                0x08006b76      0x110 /home/gs-ms/Ac6/SystemWorkbench/plugins/fr.ac6.mcu.externaltools.arm-none.linux64_1.13.0.201701261201/tools/compiler/bin/../lib/gcc/arm-none-eabi/5.4.1/../../../../arm-none-eabi/lib/armv7e-m/fpu/libc_nano.a(lib_a-strtol.o)
 *fill*         0x08006c86        0x2 
 .text._strtol_r
                0x08006c88       0x24 /home/gs-ms/Ac6/SystemWorkbench/plugins/fr.ac6.mcu.externaltools.arm-none.linux64_1.13.0.201701261201/tools/compiler/bin/../lib/gcc/arm-none-eabi/5.4.1/../../../../arm-none-eabi/lib/armv7e-m/fpu/libc_nano.a(lib_a-strtol.o)
                0x08006c88                _strtol_r
 .text._strtoul_l.isra.0
                0x08006cac      0x102 /home/gs-ms/Ac6/SystemWorkbench/plugins/fr.ac6.mcu.externaltools.arm-none.linux64_1.13.0.201701261201/tools/compiler/bin/../lib/gcc/arm-none-eabi/5.4.1/../../../../arm-none-eabi/lib/armv7e-m/fpu/libc_nano.a(lib_a-strtoul.o)
 *fill*         0x08006dae        0x2 
 .text._strtoul_r
                0x08006db0       0x24 /home/gs-ms/Ac6/SystemWorkbench/plugins/fr.ac6.mcu.externaltools.arm-none.linux64_1.13.0.201701261201/tools/compiler/bin/../lib/gcc/arm-none-eabi/5.4.1/../../../../arm-none-eabi/lib/armv7e-m/fpu/libc_nano.a(lib_a-strtoul.o)
                0x08006db0                _strtoul_r
 .text.__submore
                0x08006dd4       0x76 /home/gs-ms/Ac6/SystemWorkbench/plugins/fr.ac6.mcu.externaltools.arm-none.linux64_1.13.0.201701261201/tools/compiler/bin/../lib/gcc/arm-none-eabi/5.4.1/../../../../arm-none-eabi/lib/armv7e-m/fpu/libc_nano.a(lib_a-ungetc.o)
                0x08006dd4                __submore
 *fill*         0x08006e4a        0x2 
 .text.__get_current_locale
                0x08006e4c       0x18 /home/gs-ms/Ac6/SystemWorkbench/plugins/fr.ac6.mcu.externaltools.arm-none.linux64_1.13.0.201701261201/tools/compiler/bin/../lib/gcc/arm-none-eabi/5.4.1/../../../../arm-none-eabi/lib/armv7e-m/fpu/libc_nano.a(lib_a-locale.o)
 .text.__locale_ctype_ptr_l
                0x08006e64        0x6 /home/gs-ms/Ac6/SystemWorkbench/plugins/fr.ac6.mcu.externaltools.arm-none.linux64_1.13.0.201701261201/tools/compiler/bin/../lib/gcc/arm-none-eabi/5.4.1/../../../../arm-none-eabi/lib/armv7e-m/fpu/libc_nano.a(lib_a-locale.o)
                0x08006e64                __locale_ctype_ptr_l
 *fill*         0x08006e6a        0x2 
 .text.__locale_ctype_ptr
                0x08006e6c       0x14 /home/gs-ms/Ac6/SystemWorkbench/plugins/fr.ac6.mcu.externaltools.arm-none.linux64_1.13.0.201701261201/tools/compiler/bin/../lib/gcc/arm-none-eabi/5.4.1/../../../../arm-none-eabi/lib/armv7e-m/fpu/libc_nano.a(lib_a-locale.o)
                0x08006e6c                __locale_ctype_ptr
 .text.__ascii_mbtowc
                0x08006e80       0x24 /home/gs-ms/Ac6/SystemWorkbench/plugins/fr.ac6.mcu.externaltools.arm-none.linux64_1.13.0.201701261201/tools/compiler/bin/../lib/gcc/arm-none-eabi/5.4.1/../../../../arm-none-eabi/lib/armv7e-m/fpu/libc_nano.a(lib_a-mbtowc_r.o)
                0x08006e80                __ascii_mbtowc
 .text.memmove  0x08006ea4       0x36 /home/gs-ms/Ac6/SystemWorkbench/plugins/fr.ac6.mcu.externaltools.arm-none.linux64_1.13.0.201701261201/tools/compiler/bin/../lib/gcc/arm-none-eabi/5.4.1/../../../../arm-none-eabi/lib/armv7e-m/fpu/libc_nano.a(lib_a-memmove.o)
                0x08006ea4                memmove
 .text.__malloc_lock
                0x08006eda        0x2 /home/gs-ms/Ac6/SystemWorkbench/plugins/fr.ac6.mcu.externaltools.arm-none.linux64_1.13.0.201701261201/tools/compiler/bin/../lib/gcc/arm-none-eabi/5.4.1/../../../../arm-none-eabi/lib/armv7e-m/fpu/libc_nano.a(lib_a-mlock.o)
                0x08006eda                __malloc_lock
 .text.__malloc_unlock
                0x08006edc        0x2 /home/gs-ms/Ac6/SystemWorkbench/plugins/fr.ac6.mcu.externaltools.arm-none.linux64_1.13.0.201701261201/tools/compiler/bin/../lib/gcc/arm-none-eabi/5.4.1/../../../../arm-none-eabi/lib/armv7e-m/fpu/libc_nano.a(lib_a-mlock.o)
                0x08006edc                __malloc_unlock
 .text._realloc_r
                0x08006ede       0x4c /home/gs-ms/Ac6/SystemWorkbench/plugins/fr.ac6.mcu.externaltools.arm-none.linux64_1.13.0.201701261201/tools/compiler/bin/../lib/gcc/arm-none-eabi/5.4.1/../../../../arm-none-eabi/lib/armv7e-m/fpu/libc_nano.a(lib_a-nano-reallocr.o)
                0x08006ede                _realloc_r
 .text.__ascii_wctomb
                0x08006f2a       0x1a /home/gs-ms/Ac6/SystemWorkbench/plugins/fr.ac6.mcu.externaltools.arm-none.linux64_1.13.0.201701261201/tools/compiler/bin/../lib/gcc/arm-none-eabi/5.4.1/../../../../arm-none-eabi/lib/armv7e-m/fpu/libc_nano.a(lib_a-wctomb_r.o)
                0x08006f2a                __ascii_wctomb
 .text._malloc_usable_size_r
                0x08006f44       0x14 /home/gs-ms/Ac6/SystemWorkbench/plugins/fr.ac6.mcu.externaltools.arm-none.linux64_1.13.0.201701261201/tools/compiler/bin/../lib/gcc/arm-none-eabi/5.4.1/../../../../arm-none-eabi/lib/armv7e-m/fpu/libc_nano.a(lib_a-nano-msizer.o)
                0x08006f44                _malloc_usable_size_r
 .text._sbrk    0x08006f58       0x1c /home/gs-ms/Ac6/SystemWorkbench/plugins/fr.ac6.mcu.externaltools.arm-none.linux64_1.13.0.201701261201/tools/compiler/bin/../lib/gcc/arm-none-eabi/5.4.1/../../../../arm-none-eabi/lib/armv7e-m/fpu/libnosys.a(sbrk.o)
                0x08006f58                _sbrk
 *fill*         0x08006f74        0x4 
 .text.floor    0x08006f78      0x120 /home/gs-ms/Ac6/SystemWorkbench/plugins/fr.ac6.mcu.externaltools.arm-none.linux64_1.13.0.201701261201/tools/compiler/bin/../lib/gcc/arm-none-eabi/5.4.1/../../../../arm-none-eabi/lib/armv7e-m/fpu/libm.a(lib_a-s_floor.o)
                0x08006f78                floor
 .text.log      0x08007098      0x110 /home/gs-ms/Ac6/SystemWorkbench/plugins/fr.ac6.mcu.externaltools.arm-none.linux64_1.13.0.201701261201/tools/compiler/bin/../lib/gcc/arm-none-eabi/5.4.1/../../../../arm-none-eabi/lib/armv7e-m/fpu/libm.a(lib_a-w_log.o)
                0x08007098                log
 .text.__ieee754_log
                0x080071a8      0x408 /home/gs-ms/Ac6/SystemWorkbench/plugins/fr.ac6.mcu.externaltools.arm-none.linux64_1.13.0.201701261201/tools/compiler/bin/../lib/gcc/arm-none-eabi/5.4.1/../../../../arm-none-eabi/lib/armv7e-m/fpu/libm.a(lib_a-e_log.o)
                0x080071a8                __ieee754_log
 .text.matherr  0x080075b0        0x4 /home/gs-ms/Ac6/SystemWorkbench/plugins/fr.ac6.mcu.externaltools.arm-none.linux64_1.13.0.201701261201/tools/compiler/bin/../lib/gcc/arm-none-eabi/5.4.1/../../../../arm-none-eabi/lib/armv7e-m/fpu/libm.a(lib_a-s_matherr.o)
                0x080075b0                matherr
 *fill*         0x080075b4        0x4 
 .text.nan      0x080075b8       0x10 /home/gs-ms/Ac6/SystemWorkbench/plugins/fr.ac6.mcu.externaltools.arm-none.linux64_1.13.0.201701261201/tools/compiler/bin/../lib/gcc/arm-none-eabi/5.4.1/../../../../arm-none-eabi/lib/armv7e-m/fpu/libm.a(lib_a-s_nan.o)
                0x080075b8                nan
 *(.glue_7)
 .glue_7        0x080075c8        0x0 linker stubs
 *(.glue_7t)
 .glue_7t       0x080075c8        0x0 linker stubs
 *(.eh_frame)
 .eh_frame      0x080075c8        0x0 /home/gs-ms/Ac6/SystemWorkbench/plugins/fr.ac6.mcu.externaltools.arm-none.linux64_1.13.0.201701261201/tools/compiler/bin/../lib/gcc/arm-none-eabi/5.4.1/armv7e-m/fpu/crtbegin.o
 *(.init)
 .init          0x080075c8        0x4 /home/gs-ms/Ac6/SystemWorkbench/plugins/fr.ac6.mcu.externaltools.arm-none.linux64_1.13.0.201701261201/tools/compiler/bin/../lib/gcc/arm-none-eabi/5.4.1/armv7e-m/fpu/crti.o
                0x080075c8                _init
 .init          0x080075cc        0x8 /home/gs-ms/Ac6/SystemWorkbench/plugins/fr.ac6.mcu.externaltools.arm-none.linux64_1.13.0.201701261201/tools/compiler/bin/../lib/gcc/arm-none-eabi/5.4.1/armv7e-m/fpu/crtn.o
 *(.fini)
 .fini          0x080075d4        0x4 /home/gs-ms/Ac6/SystemWorkbench/plugins/fr.ac6.mcu.externaltools.arm-none.linux64_1.13.0.201701261201/tools/compiler/bin/../lib/gcc/arm-none-eabi/5.4.1/armv7e-m/fpu/crti.o
                0x080075d4                _fini
 .fini          0x080075d8        0x8 /home/gs-ms/Ac6/SystemWorkbench/plugins/fr.ac6.mcu.externaltools.arm-none.linux64_1.13.0.201701261201/tools/compiler/bin/../lib/gcc/arm-none-eabi/5.4.1/armv7e-m/fpu/crtn.o
 .fini.__stub   0x080075e0        0x8 linker stubs
                0x080075e8                . = ALIGN (0x8)
                0x080075e8                _etext = .

.vfp11_veneer   0x080075e8        0x0
 .vfp11_veneer  0x080075e8        0x0 linker stubs

.v4_bx          0x080075e8        0x0
 .v4_bx         0x080075e8        0x0 linker stubs

.iplt           0x080075e8        0x0
 .iplt          0x080075e8        0x0 /home/gs-ms/Ac6/SystemWorkbench/plugins/fr.ac6.mcu.externaltools.arm-none.linux64_1.13.0.201701261201/tools/compiler/bin/../lib/gcc/arm-none-eabi/5.4.1/armv7e-m/fpu/crtbegin.o

.rodata         0x080075e8      0x2e0
                0x080075e8                . = ALIGN (0x8)
 *(.rodata)
 .rodata        0x080075e8       0x48 Src/system_stm32l4xx.o
                0x080075e8                MSIRangeTable
                0x08007618                AHBPrescTable
                0x08007628                APBPrescTable
 .rodata        0x08007630       0x7c User_Drivers/Src/cc1101_routine.o
 .rodata        0x080076ac        0xc /home/gs-ms/Ac6/SystemWorkbench/plugins/fr.ac6.mcu.externaltools.arm-none.linux64_1.13.0.201701261201/tools/compiler/bin/../lib/gcc/arm-none-eabi/5.4.1/../../../../arm-none-eabi/lib/armv7e-m/fpu/libc_nano.a(lib_a-nano-vfscanf_i.o)
 *(.rodata*)
 .rodata.str1.4
                0x080076b8       0x50 Src/main.o
 .rodata.str1.1
                0x08007708       0x11 /home/gs-ms/Ac6/SystemWorkbench/plugins/fr.ac6.mcu.externaltools.arm-none.linux64_1.13.0.201701261201/tools/compiler/bin/../lib/gcc/arm-none-eabi/5.4.1/../../../../arm-none-eabi/lib/armv7e-m/fpu/libc_nano.a(lib_a-nano-svfprintf.o)
 .rodata.str1.1
                0x08007719        0x4 /home/gs-ms/Ac6/SystemWorkbench/plugins/fr.ac6.mcu.externaltools.arm-none.linux64_1.13.0.201701261201/tools/compiler/bin/../lib/gcc/arm-none-eabi/5.4.1/../../../../arm-none-eabi/lib/armv7e-m/fpu/libc_nano.a(lib_a-nano-svfscanf.o)
 .rodata.str1.1
                0x08007719       0x22 /home/gs-ms/Ac6/SystemWorkbench/plugins/fr.ac6.mcu.externaltools.arm-none.linux64_1.13.0.201701261201/tools/compiler/bin/../lib/gcc/arm-none-eabi/5.4.1/../../../../arm-none-eabi/lib/armv7e-m/fpu/libc_nano.a(lib_a-nano-vfprintf_i.o)
 .rodata.str1.1
                0x0800773b       0x1b /home/gs-ms/Ac6/SystemWorkbench/plugins/fr.ac6.mcu.externaltools.arm-none.linux64_1.13.0.201701261201/tools/compiler/bin/../lib/gcc/arm-none-eabi/5.4.1/../../../../arm-none-eabi/lib/armv7e-m/fpu/libc_nano.a(lib_a-nano-vfscanf_i.o)
 *fill*         0x08007756        0x2 
 .rodata.__sf_fake_stdin
                0x08007758       0x20 /home/gs-ms/Ac6/SystemWorkbench/plugins/fr.ac6.mcu.externaltools.arm-none.linux64_1.13.0.201701261201/tools/compiler/bin/../lib/gcc/arm-none-eabi/5.4.1/../../../../arm-none-eabi/lib/armv7e-m/fpu/libc_nano.a(lib_a-findfp.o)
                0x08007758                __sf_fake_stdin
 .rodata.__sf_fake_stdout
                0x08007778       0x20 /home/gs-ms/Ac6/SystemWorkbench/plugins/fr.ac6.mcu.externaltools.arm-none.linux64_1.13.0.201701261201/tools/compiler/bin/../lib/gcc/arm-none-eabi/5.4.1/../../../../arm-none-eabi/lib/armv7e-m/fpu/libc_nano.a(lib_a-findfp.o)
                0x08007778                __sf_fake_stdout
 .rodata.__sf_fake_stderr
                0x08007798       0x20 /home/gs-ms/Ac6/SystemWorkbench/plugins/fr.ac6.mcu.externaltools.arm-none.linux64_1.13.0.201701261201/tools/compiler/bin/../lib/gcc/arm-none-eabi/5.4.1/../../../../arm-none-eabi/lib/armv7e-m/fpu/libc_nano.a(lib_a-findfp.o)
                0x08007798                __sf_fake_stderr
 .rodata.str1.1
                0x080077b8        0xa /home/gs-ms/Ac6/SystemWorkbench/plugins/fr.ac6.mcu.externaltools.arm-none.linux64_1.13.0.201701261201/tools/compiler/bin/../lib/gcc/arm-none-eabi/5.4.1/../../../../arm-none-eabi/lib/armv7e-m/fpu/libc_nano.a(lib_a-locale.o)
                                  0xb (size before relaxing)
 .rodata._ctype_
                0x080077c2      0x101 /home/gs-ms/Ac6/SystemWorkbench/plugins/fr.ac6.mcu.externaltools.arm-none.linux64_1.13.0.201701261201/tools/compiler/bin/../lib/gcc/arm-none-eabi/5.4.1/../../../../arm-none-eabi/lib/armv7e-m/fpu/libc_nano.a(lib_a-ctype_.o)
                0x080077c2                _ctype_
 *fill*         0x080078c3        0x1 
 .rodata.str1.4
                0x080078c4        0x4 /home/gs-ms/Ac6/SystemWorkbench/plugins/fr.ac6.mcu.externaltools.arm-none.linux64_1.13.0.201701261201/tools/compiler/bin/../lib/gcc/arm-none-eabi/5.4.1/../../../../arm-none-eabi/lib/armv7e-m/fpu/libm.a(lib_a-w_log.o)
                                  0x5 (size before relaxing)
                0x080078c8                . = ALIGN (0x8)

.ARM.extab      0x080078c8        0x0
                0x080078c8                . = ALIGN (0x8)
 *(.ARM.extab* .gnu.linkonce.armextab.*)
                0x080078c8                . = ALIGN (0x8)

.ARM            0x080078c8        0x8
                0x080078c8                . = ALIGN (0x8)
                0x080078c8                __exidx_start = .
 *(.ARM.exidx*)
 .ARM.exidx     0x080078c8        0x8 /home/gs-ms/Ac6/SystemWorkbench/plugins/fr.ac6.mcu.externaltools.arm-none.linux64_1.13.0.201701261201/tools/compiler/bin/../lib/gcc/arm-none-eabi/5.4.1/armv7e-m/fpu/libgcc.a(_udivmoddi4.o)
                0x080078d0                __exidx_end = .
                0x080078d0                . = ALIGN (0x8)

.rel.dyn        0x080078d0        0x0
 .rel.iplt      0x080078d0        0x0 /home/gs-ms/Ac6/SystemWorkbench/plugins/fr.ac6.mcu.externaltools.arm-none.linux64_1.13.0.201701261201/tools/compiler/bin/../lib/gcc/arm-none-eabi/5.4.1/armv7e-m/fpu/crtbegin.o

.preinit_array  0x080078d0        0x0
                0x080078d0                . = ALIGN (0x8)
                0x080078d0                PROVIDE (__preinit_array_start, .)
 *(.preinit_array*)
                0x080078d0                PROVIDE (__preinit_array_end, .)
                0x080078d0                . = ALIGN (0x8)

.init_array     0x080078d0        0x8
                0x080078d0                . = ALIGN (0x8)
                0x080078d0                PROVIDE (__init_array_start, .)
 *(SORT(.init_array.*))
 *(.init_array*)
 .init_array    0x080078d0        0x4 /home/gs-ms/Ac6/SystemWorkbench/plugins/fr.ac6.mcu.externaltools.arm-none.linux64_1.13.0.201701261201/tools/compiler/bin/../lib/gcc/arm-none-eabi/5.4.1/armv7e-m/fpu/crtbegin.o
                0x080078d4                PROVIDE (__init_array_end, .)
                0x080078d8                . = ALIGN (0x8)
 *fill*         0x080078d4        0x4 

.fini_array     0x080078d8        0x8
                0x080078d8                . = ALIGN (0x8)
                [!provide]                PROVIDE (__fini_array_start, .)
 *(SORT(.fini_array.*))
 *(.fini_array*)
 .fini_array    0x080078d8        0x4 /home/gs-ms/Ac6/SystemWorkbench/plugins/fr.ac6.mcu.externaltools.arm-none.linux64_1.13.0.201701261201/tools/compiler/bin/../lib/gcc/arm-none-eabi/5.4.1/armv7e-m/fpu/crtbegin.o
                [!provide]                PROVIDE (__fini_array_end, .)
                0x080078e0                . = ALIGN (0x8)
 *fill*         0x080078dc        0x4 
                0x080078e0                _sidata = LOADADDR (.data)

.data           0x20000000      0x1d8 load address 0x080078e0
                0x20000000                . = ALIGN (0x8)
                0x20000000                _sdata = .
 *(.data)
 .data          0x20000000        0x4 Src/system_stm32l4xx.o
                0x20000000                SystemCoreClock
 *(.data*)
 .data.impure_data
                0x20000004       0x60 /home/gs-ms/Ac6/SystemWorkbench/plugins/fr.ac6.mcu.externaltools.arm-none.linux64_1.13.0.201701261201/tools/compiler/bin/../lib/gcc/arm-none-eabi/5.4.1/../../../../arm-none-eabi/lib/armv7e-m/fpu/libc_nano.a(lib_a-impure.o)
 .data._impure_ptr
                0x20000064        0x4 /home/gs-ms/Ac6/SystemWorkbench/plugins/fr.ac6.mcu.externaltools.arm-none.linux64_1.13.0.201701261201/tools/compiler/bin/../lib/gcc/arm-none-eabi/5.4.1/../../../../arm-none-eabi/lib/armv7e-m/fpu/libc_nano.a(lib_a-impure.o)
                0x20000064                _impure_ptr
 .data.__global_locale
                0x20000068      0x16c /home/gs-ms/Ac6/SystemWorkbench/plugins/fr.ac6.mcu.externaltools.arm-none.linux64_1.13.0.201701261201/tools/compiler/bin/../lib/gcc/arm-none-eabi/5.4.1/../../../../arm-none-eabi/lib/armv7e-m/fpu/libc_nano.a(lib_a-locale.o)
                0x20000068                __global_locale
 .data.__fdlib_version
                0x200001d4        0x1 /home/gs-ms/Ac6/SystemWorkbench/plugins/fr.ac6.mcu.externaltools.arm-none.linux64_1.13.0.201701261201/tools/compiler/bin/../lib/gcc/arm-none-eabi/5.4.1/../../../../arm-none-eabi/lib/armv7e-m/fpu/libm.a(lib_a-s_lib_ver.o)
                0x200001d4                __fdlib_version
                0x200001d8                . = ALIGN (0x8)
 *fill*         0x200001d5        0x3 
                0x200001d8                _edata = .

.jcr            0x200001d8        0x0 load address 0x08007ab8
 .jcr           0x200001d8        0x0 /home/gs-ms/Ac6/SystemWorkbench/plugins/fr.ac6.mcu.externaltools.arm-none.linux64_1.13.0.201701261201/tools/compiler/bin/../lib/gcc/arm-none-eabi/5.4.1/armv7e-m/fpu/crtbegin.o

.igot.plt       0x200001d8        0x0 load address 0x08007ab8
 .igot.plt      0x200001d8        0x0 /home/gs-ms/Ac6/SystemWorkbench/plugins/fr.ac6.mcu.externaltools.arm-none.linux64_1.13.0.201701261201/tools/compiler/bin/../lib/gcc/arm-none-eabi/5.4.1/armv7e-m/fpu/crtbegin.o
                0x200001d8                . = ALIGN (0x4)

.bss            0x200001d8     0xc088 load address 0x08007ab8
                0x200001d8                _sbss = .
                0x200001d8                __bss_start__ = _sbss
 *(.bss)
 .bss           0x200001d8       0x1c /home/gs-ms/Ac6/SystemWorkbench/plugins/fr.ac6.mcu.externaltools.arm-none.linux64_1.13.0.201701261201/tools/compiler/bin/../lib/gcc/arm-none-eabi/5.4.1/armv7e-m/fpu/crtbegin.o
 .bss           0x200001f4       0xe1 Src/main.o
 *fill*         0x200002d5        0x3 
 .bss           0x200002d8        0x2 Src/usart.o
 *fill*         0x200002da        0x2 
 .bss           0x200002dc      0x178 User_Drivers/Src/cc1101_routine.o
                0x200002de                error_cnt
                0x200002e0                spi_error_cnt
 .bss           0x20000454     0xa004 User_Drivers/Src/circular_queue.o
 .bss           0x2000a458     0x1a0c User_Drivers/Src/rs_work.o
 *(.bss*)
 .bss.__malloc_sbrk_start
                0x2000be64        0x4 /home/gs-ms/Ac6/SystemWorkbench/plugins/fr.ac6.mcu.externaltools.arm-none.linux64_1.13.0.201701261201/tools/compiler/bin/../lib/gcc/arm-none-eabi/5.4.1/../../../../arm-none-eabi/lib/armv7e-m/fpu/libc_nano.a(lib_a-nano-mallocr.o)
                0x2000be64                __malloc_sbrk_start
 .bss.__malloc_free_list
                0x2000be68        0x4 /home/gs-ms/Ac6/SystemWorkbench/plugins/fr.ac6.mcu.externaltools.arm-none.linux64_1.13.0.201701261201/tools/compiler/bin/../lib/gcc/arm-none-eabi/5.4.1/../../../../arm-none-eabi/lib/armv7e-m/fpu/libc_nano.a(lib_a-nano-mallocr.o)
                0x2000be68                __malloc_free_list
 .bss.heap_end.4169
                0x2000be6c        0x4 /home/gs-ms/Ac6/SystemWorkbench/plugins/fr.ac6.mcu.externaltools.arm-none.linux64_1.13.0.201701261201/tools/compiler/bin/../lib/gcc/arm-none-eabi/5.4.1/../../../../arm-none-eabi/lib/armv7e-m/fpu/libnosys.a(sbrk.o)
 *(COMMON)
 COMMON         0x2000be70        0x4 Drivers/STM32L4xx_HAL_Driver/Src/stm32l4xx_hal.o
                0x2000be70                uwTick
 COMMON         0x2000be74        0xc Src/rng.o
                0x2000be74                hrng
 COMMON         0x2000be80       0x64 Src/spi.o
                0x2000be80                hspi1
 COMMON         0x2000bee4       0x3c Src/tim.o
                0x2000bee4                htim2
 COMMON         0x2000bf20      0x110 Src/usart.o
                0x2000bf20                hdma_usart1_tx
                0x2000bf68                hdma_usart1_rx
                0x2000bfb0                huart1
                0x2000c020                circ_buff
 COMMON         0x2000c030      0x22c User_Drivers/Src/cc1101_routine.o
                0x2000c030                __errno
                0x2000c034                circular_cc1101_queue
                0x2000c044                radio_int_data
 COMMON         0x2000c25c        0x4 /home/gs-ms/Ac6/SystemWorkbench/plugins/fr.ac6.mcu.externaltools.arm-none.linux64_1.13.0.201701261201/tools/compiler/bin/../lib/gcc/arm-none-eabi/5.4.1/../../../../arm-none-eabi/lib/armv7e-m/fpu/libc_nano.a(lib_a-reent.o)
                0x2000c25c                errno
                0x2000c260                . = ALIGN (0x4)
                0x2000c260                _ebss = .
                0x2000c260                __bss_end__ = _ebss

._user_heap_stack
                0x2000c260      0x600 load address 0x08007ab8
                0x2000c260                . = ALIGN (0x8)
                0x2000c260                PROVIDE (end, .)
                [!provide]                PROVIDE (_end, .)
                0x2000c460                . = (. + _Min_Heap_Size)
 *fill*         0x2000c260      0x200 
                0x2000c860                . = (. + _Min_Stack_Size)
 *fill*         0x2000c460      0x400 
                0x2000c860                . = ALIGN (0x8)

/DISCARD/
 libc.a(*)
 libm.a(*)
 libgcc.a(*)

.ARM.attributes
                0x00000000       0x30
 *(.ARM.attributes)
 .ARM.attributes
                0x00000000       0x22 /home/gs-ms/Ac6/SystemWorkbench/plugins/fr.ac6.mcu.externaltools.arm-none.linux64_1.13.0.201701261201/tools/compiler/bin/../lib/gcc/arm-none-eabi/5.4.1/armv7e-m/fpu/crti.o
 .ARM.attributes
                0x00000022       0x34 /home/gs-ms/Ac6/SystemWorkbench/plugins/fr.ac6.mcu.externaltools.arm-none.linux64_1.13.0.201701261201/tools/compiler/bin/../lib/gcc/arm-none-eabi/5.4.1/armv7e-m/fpu/crtbegin.o
 .ARM.attributes
                0x00000056       0x39 Drivers/STM32L4xx_HAL_Driver/Src/stm32l4xx_hal.o
 .ARM.attributes
                0x0000008f       0x39 Drivers/STM32L4xx_HAL_Driver/Src/stm32l4xx_hal_cortex.o
 .ARM.attributes
                0x000000c8       0x39 Drivers/STM32L4xx_HAL_Driver/Src/stm32l4xx_hal_dma.o
 .ARM.attributes
                0x00000101       0x39 Drivers/STM32L4xx_HAL_Driver/Src/stm32l4xx_hal_gpio.o
 .ARM.attributes
                0x0000013a       0x39 Drivers/STM32L4xx_HAL_Driver/Src/stm32l4xx_hal_pwr_ex.o
 .ARM.attributes
                0x00000173       0x39 Drivers/STM32L4xx_HAL_Driver/Src/stm32l4xx_hal_rcc.o
 .ARM.attributes
                0x000001ac       0x39 Drivers/STM32L4xx_HAL_Driver/Src/stm32l4xx_hal_rcc_ex.o
 .ARM.attributes
                0x000001e5       0x39 Drivers/STM32L4xx_HAL_Driver/Src/stm32l4xx_hal_rng.o
 .ARM.attributes
                0x0000021e       0x39 Drivers/STM32L4xx_HAL_Driver/Src/stm32l4xx_hal_spi.o
 .ARM.attributes
                0x00000257       0x39 Drivers/STM32L4xx_HAL_Driver/Src/stm32l4xx_hal_tim.o
 .ARM.attributes
                0x00000290       0x39 Drivers/STM32L4xx_HAL_Driver/Src/stm32l4xx_hal_tim_ex.o
 .ARM.attributes
                0x000002c9       0x39 Drivers/STM32L4xx_HAL_Driver/Src/stm32l4xx_hal_uart.o
 .ARM.attributes
                0x00000302       0x39 Drivers/STM32L4xx_HAL_Driver/Src/stm32l4xx_hal_uart_ex.o
 .ARM.attributes
                0x0000033b       0x39 Src/dma.o
 .ARM.attributes
                0x00000374       0x39 Src/gpio.o
 .ARM.attributes
                0x000003ad       0x39 Src/main.o
 .ARM.attributes
                0x000003e6       0x39 Src/rng.o
 .ARM.attributes
                0x0000041f       0x39 Src/spi.o
 .ARM.attributes
                0x00000458       0x39 Src/stm32l4xx_hal_msp.o
 .ARM.attributes
                0x00000491       0x39 Src/stm32l4xx_it.o
 .ARM.attributes
                0x000004ca       0x39 Src/system_stm32l4xx.o
 .ARM.attributes
                0x00000503       0x39 Src/tim.o
 .ARM.attributes
                0x0000053c       0x39 Src/usart.o
 .ARM.attributes
                0x00000575       0x39 User_Drivers/Src/cc1101_routine.o
 .ARM.attributes
                0x000005ae       0x39 User_Drivers/Src/circular_queue.o
 .ARM.attributes
                0x000005e7       0x39 User_Drivers/Src/rs_work.o
 .ARM.attributes
                0x00000620       0x21 startup/startup_stm32l476xx.o
 .ARM.attributes
                0x00000641       0x22 /home/gs-ms/Ac6/SystemWorkbench/plugins/fr.ac6.mcu.externaltools.arm-none.linux64_1.13.0.201701261201/tools/compiler/bin/../lib/gcc/arm-none-eabi/5.4.1/armv7e-m/fpu/libgcc.a(_arm_addsubdf3.o)
 .ARM.attributes
                0x00000663       0x22 /home/gs-ms/Ac6/SystemWorkbench/plugins/fr.ac6.mcu.externaltools.arm-none.linux64_1.13.0.201701261201/tools/compiler/bin/../lib/gcc/arm-none-eabi/5.4.1/armv7e-m/fpu/libgcc.a(_arm_muldivdf3.o)
 .ARM.attributes
                0x00000685       0x22 /home/gs-ms/Ac6/SystemWorkbench/plugins/fr.ac6.mcu.externaltools.arm-none.linux64_1.13.0.201701261201/tools/compiler/bin/../lib/gcc/arm-none-eabi/5.4.1/armv7e-m/fpu/libgcc.a(_arm_fixunsdfsi.o)
 .ARM.attributes
                0x000006a7       0x22 /home/gs-ms/Ac6/SystemWorkbench/plugins/fr.ac6.mcu.externaltools.arm-none.linux64_1.13.0.201701261201/tools/compiler/bin/../lib/gcc/arm-none-eabi/5.4.1/armv7e-m/fpu/libgcc.a(_arm_truncdfsf2.o)
 .ARM.attributes
                0x000006c9       0x22 /home/gs-ms/Ac6/SystemWorkbench/plugins/fr.ac6.mcu.externaltools.arm-none.linux64_1.13.0.201701261201/tools/compiler/bin/../lib/gcc/arm-none-eabi/5.4.1/armv7e-m/fpu/libgcc.a(_aeabi_uldivmod.o)
 .ARM.attributes
                0x000006eb       0x34 /home/gs-ms/Ac6/SystemWorkbench/plugins/fr.ac6.mcu.externaltools.arm-none.linux64_1.13.0.201701261201/tools/compiler/bin/../lib/gcc/arm-none-eabi/5.4.1/armv7e-m/fpu/libgcc.a(_udivmoddi4.o)
 .ARM.attributes
                0x0000071f       0x22 /home/gs-ms/Ac6/SystemWorkbench/plugins/fr.ac6.mcu.externaltools.arm-none.linux64_1.13.0.201701261201/tools/compiler/bin/../lib/gcc/arm-none-eabi/5.4.1/armv7e-m/fpu/libgcc.a(_dvmd_tls.o)
 .ARM.attributes
                0x00000741       0x34 /home/gs-ms/Ac6/SystemWorkbench/plugins/fr.ac6.mcu.externaltools.arm-none.linux64_1.13.0.201701261201/tools/compiler/bin/../lib/gcc/arm-none-eabi/5.4.1/../../../../arm-none-eabi/lib/armv7e-m/fpu/libc_nano.a(lib_a-impure.o)
 .ARM.attributes
                0x00000775       0x34 /home/gs-ms/Ac6/SystemWorkbench/plugins/fr.ac6.mcu.externaltools.arm-none.linux64_1.13.0.201701261201/tools/compiler/bin/../lib/gcc/arm-none-eabi/5.4.1/../../../../arm-none-eabi/lib/armv7e-m/fpu/libc_nano.a(lib_a-init.o)
 .ARM.attributes
                0x000007a9       0x34 /home/gs-ms/Ac6/SystemWorkbench/plugins/fr.ac6.mcu.externaltools.arm-none.linux64_1.13.0.201701261201/tools/compiler/bin/../lib/gcc/arm-none-eabi/5.4.1/../../../../arm-none-eabi/lib/armv7e-m/fpu/libc_nano.a(lib_a-memcpy-stub.o)
 .ARM.attributes
                0x000007dd       0x34 /home/gs-ms/Ac6/SystemWorkbench/plugins/fr.ac6.mcu.externaltools.arm-none.linux64_1.13.0.201701261201/tools/compiler/bin/../lib/gcc/arm-none-eabi/5.4.1/../../../../arm-none-eabi/lib/armv7e-m/fpu/libc_nano.a(lib_a-memset.o)
 .ARM.attributes
                0x00000811       0x34 /home/gs-ms/Ac6/SystemWorkbench/plugins/fr.ac6.mcu.externaltools.arm-none.linux64_1.13.0.201701261201/tools/compiler/bin/../lib/gcc/arm-none-eabi/5.4.1/../../../../arm-none-eabi/lib/armv7e-m/fpu/libc_nano.a(lib_a-rand.o)
 .ARM.attributes
                0x00000845       0x34 /home/gs-ms/Ac6/SystemWorkbench/plugins/fr.ac6.mcu.externaltools.arm-none.linux64_1.13.0.201701261201/tools/compiler/bin/../lib/gcc/arm-none-eabi/5.4.1/../../../../arm-none-eabi/lib/armv7e-m/fpu/libc_nano.a(lib_a-sprintf.o)
 .ARM.attributes
                0x00000879       0x34 /home/gs-ms/Ac6/SystemWorkbench/plugins/fr.ac6.mcu.externaltools.arm-none.linux64_1.13.0.201701261201/tools/compiler/bin/../lib/gcc/arm-none-eabi/5.4.1/../../../../arm-none-eabi/lib/armv7e-m/fpu/libc_nano.a(lib_a-sscanf.o)
 .ARM.attributes
                0x000008ad       0x34 /home/gs-ms/Ac6/SystemWorkbench/plugins/fr.ac6.mcu.externaltools.arm-none.linux64_1.13.0.201701261201/tools/compiler/bin/../lib/gcc/arm-none-eabi/5.4.1/../../../../arm-none-eabi/lib/armv7e-m/fpu/libc_nano.a(lib_a-stdio.o)
 .ARM.attributes
                0x000008e1       0x1b /home/gs-ms/Ac6/SystemWorkbench/plugins/fr.ac6.mcu.externaltools.arm-none.linux64_1.13.0.201701261201/tools/compiler/bin/../lib/gcc/arm-none-eabi/5.4.1/../../../../arm-none-eabi/lib/armv7e-m/fpu/libc_nano.a(lib_a-strlen.o)
 .ARM.attributes
                0x000008fc       0x34 /home/gs-ms/Ac6/SystemWorkbench/plugins/fr.ac6.mcu.externaltools.arm-none.linux64_1.13.0.201701261201/tools/compiler/bin/../lib/gcc/arm-none-eabi/5.4.1/../../../../arm-none-eabi/lib/armv7e-m/fpu/libc_nano.a(lib_a-vsprintf.o)
 .ARM.attributes
                0x00000930       0x34 /home/gs-ms/Ac6/SystemWorkbench/plugins/fr.ac6.mcu.externaltools.arm-none.linux64_1.13.0.201701261201/tools/compiler/bin/../lib/gcc/arm-none-eabi/5.4.1/../../../../arm-none-eabi/lib/armv7e-m/fpu/libc_nano.a(lib_a-malloc.o)
 .ARM.attributes
                0x00000964       0x34 /home/gs-ms/Ac6/SystemWorkbench/plugins/fr.ac6.mcu.externaltools.arm-none.linux64_1.13.0.201701261201/tools/compiler/bin/../lib/gcc/arm-none-eabi/5.4.1/../../../../arm-none-eabi/lib/armv7e-m/fpu/libc_nano.a(lib_a-nano-freer.o)
 .ARM.attributes
                0x00000998       0x34 /home/gs-ms/Ac6/SystemWorkbench/plugins/fr.ac6.mcu.externaltools.arm-none.linux64_1.13.0.201701261201/tools/compiler/bin/../lib/gcc/arm-none-eabi/5.4.1/../../../../arm-none-eabi/lib/armv7e-m/fpu/libc_nano.a(lib_a-nano-mallocr.o)
 .ARM.attributes
                0x000009cc       0x34 /home/gs-ms/Ac6/SystemWorkbench/plugins/fr.ac6.mcu.externaltools.arm-none.linux64_1.13.0.201701261201/tools/compiler/bin/../lib/gcc/arm-none-eabi/5.4.1/../../../../arm-none-eabi/lib/armv7e-m/fpu/libc_nano.a(lib_a-nano-svfprintf.o)
 .ARM.attributes
                0x00000a00       0x34 /home/gs-ms/Ac6/SystemWorkbench/plugins/fr.ac6.mcu.externaltools.arm-none.linux64_1.13.0.201701261201/tools/compiler/bin/../lib/gcc/arm-none-eabi/5.4.1/../../../../arm-none-eabi/lib/armv7e-m/fpu/libc_nano.a(lib_a-nano-svfscanf.o)
 .ARM.attributes
                0x00000a34       0x34 /home/gs-ms/Ac6/SystemWorkbench/plugins/fr.ac6.mcu.externaltools.arm-none.linux64_1.13.0.201701261201/tools/compiler/bin/../lib/gcc/arm-none-eabi/5.4.1/../../../../arm-none-eabi/lib/armv7e-m/fpu/libc_nano.a(lib_a-nano-vfprintf_i.o)
 .ARM.attributes
                0x00000a68       0x34 /home/gs-ms/Ac6/SystemWorkbench/plugins/fr.ac6.mcu.externaltools.arm-none.linux64_1.13.0.201701261201/tools/compiler/bin/../lib/gcc/arm-none-eabi/5.4.1/../../../../arm-none-eabi/lib/armv7e-m/fpu/libc_nano.a(lib_a-nano-vfscanf_i.o)
 .ARM.attributes
                0x00000a9c       0x34 /home/gs-ms/Ac6/SystemWorkbench/plugins/fr.ac6.mcu.externaltools.arm-none.linux64_1.13.0.201701261201/tools/compiler/bin/../lib/gcc/arm-none-eabi/5.4.1/../../../../arm-none-eabi/lib/armv7e-m/fpu/libc_nano.a(lib_a-reent.o)
 .ARM.attributes
                0x00000ad0       0x34 /home/gs-ms/Ac6/SystemWorkbench/plugins/fr.ac6.mcu.externaltools.arm-none.linux64_1.13.0.201701261201/tools/compiler/bin/../lib/gcc/arm-none-eabi/5.4.1/../../../../arm-none-eabi/lib/armv7e-m/fpu/libc_nano.a(lib_a-sbrkr.o)
 .ARM.attributes
                0x00000b04       0x34 /home/gs-ms/Ac6/SystemWorkbench/plugins/fr.ac6.mcu.externaltools.arm-none.linux64_1.13.0.201701261201/tools/compiler/bin/../lib/gcc/arm-none-eabi/5.4.1/../../../../arm-none-eabi/lib/armv7e-m/fpu/libc_nano.a(lib_a-sccl.o)
 .ARM.attributes
                0x00000b38       0x34 /home/gs-ms/Ac6/SystemWorkbench/plugins/fr.ac6.mcu.externaltools.arm-none.linux64_1.13.0.201701261201/tools/compiler/bin/../lib/gcc/arm-none-eabi/5.4.1/../../../../arm-none-eabi/lib/armv7e-m/fpu/libc_nano.a(lib_a-strtol.o)
 .ARM.attributes
                0x00000b6c       0x34 /home/gs-ms/Ac6/SystemWorkbench/plugins/fr.ac6.mcu.externaltools.arm-none.linux64_1.13.0.201701261201/tools/compiler/bin/../lib/gcc/arm-none-eabi/5.4.1/../../../../arm-none-eabi/lib/armv7e-m/fpu/libc_nano.a(lib_a-strtoul.o)
 .ARM.attributes
                0x00000ba0       0x34 /home/gs-ms/Ac6/SystemWorkbench/plugins/fr.ac6.mcu.externaltools.arm-none.linux64_1.13.0.201701261201/tools/compiler/bin/../lib/gcc/arm-none-eabi/5.4.1/../../../../arm-none-eabi/lib/armv7e-m/fpu/libc_nano.a(lib_a-ungetc.o)
 .ARM.attributes
                0x00000bd4       0x34 /home/gs-ms/Ac6/SystemWorkbench/plugins/fr.ac6.mcu.externaltools.arm-none.linux64_1.13.0.201701261201/tools/compiler/bin/../lib/gcc/arm-none-eabi/5.4.1/../../../../arm-none-eabi/lib/armv7e-m/fpu/libc_nano.a(lib_a-findfp.o)
 .ARM.attributes
                0x00000c08       0x34 /home/gs-ms/Ac6/SystemWorkbench/plugins/fr.ac6.mcu.externaltools.arm-none.linux64_1.13.0.201701261201/tools/compiler/bin/../lib/gcc/arm-none-eabi/5.4.1/../../../../arm-none-eabi/lib/armv7e-m/fpu/libc_nano.a(lib_a-locale.o)
 .ARM.attributes
                0x00000c3c       0x34 /home/gs-ms/Ac6/SystemWorkbench/plugins/fr.ac6.mcu.externaltools.arm-none.linux64_1.13.0.201701261201/tools/compiler/bin/../lib/gcc/arm-none-eabi/5.4.1/../../../../arm-none-eabi/lib/armv7e-m/fpu/libc_nano.a(lib_a-mbtowc_r.o)
 .ARM.attributes
                0x00000c70       0x20 /home/gs-ms/Ac6/SystemWorkbench/plugins/fr.ac6.mcu.externaltools.arm-none.linux64_1.13.0.201701261201/tools/compiler/bin/../lib/gcc/arm-none-eabi/5.4.1/../../../../arm-none-eabi/lib/armv7e-m/fpu/libc_nano.a(lib_a-memchr.o)
 .ARM.attributes
                0x00000c90       0x34 /home/gs-ms/Ac6/SystemWorkbench/plugins/fr.ac6.mcu.externaltools.arm-none.linux64_1.13.0.201701261201/tools/compiler/bin/../lib/gcc/arm-none-eabi/5.4.1/../../../../arm-none-eabi/lib/armv7e-m/fpu/libc_nano.a(lib_a-memmove.o)
 .ARM.attributes
                0x00000cc4       0x34 /home/gs-ms/Ac6/SystemWorkbench/plugins/fr.ac6.mcu.externaltools.arm-none.linux64_1.13.0.201701261201/tools/compiler/bin/../lib/gcc/arm-none-eabi/5.4.1/../../../../arm-none-eabi/lib/armv7e-m/fpu/libc_nano.a(lib_a-mlock.o)
 .ARM.attributes
                0x00000cf8       0x34 /home/gs-ms/Ac6/SystemWorkbench/plugins/fr.ac6.mcu.externaltools.arm-none.linux64_1.13.0.201701261201/tools/compiler/bin/../lib/gcc/arm-none-eabi/5.4.1/../../../../arm-none-eabi/lib/armv7e-m/fpu/libc_nano.a(lib_a-nano-reallocr.o)
 .ARM.attributes
                0x00000d2c       0x34 /home/gs-ms/Ac6/SystemWorkbench/plugins/fr.ac6.mcu.externaltools.arm-none.linux64_1.13.0.201701261201/tools/compiler/bin/../lib/gcc/arm-none-eabi/5.4.1/../../../../arm-none-eabi/lib/armv7e-m/fpu/libc_nano.a(lib_a-wctomb_r.o)
 .ARM.attributes
                0x00000d60       0x34 /home/gs-ms/Ac6/SystemWorkbench/plugins/fr.ac6.mcu.externaltools.arm-none.linux64_1.13.0.201701261201/tools/compiler/bin/../lib/gcc/arm-none-eabi/5.4.1/../../../../arm-none-eabi/lib/armv7e-m/fpu/libc_nano.a(lib_a-ctype_.o)
 .ARM.attributes
                0x00000d94       0x34 /home/gs-ms/Ac6/SystemWorkbench/plugins/fr.ac6.mcu.externaltools.arm-none.linux64_1.13.0.201701261201/tools/compiler/bin/../lib/gcc/arm-none-eabi/5.4.1/../../../../arm-none-eabi/lib/armv7e-m/fpu/libc_nano.a(lib_a-nano-msizer.o)
 .ARM.attributes
                0x00000dc8       0x34 /home/gs-ms/Ac6/SystemWorkbench/plugins/fr.ac6.mcu.externaltools.arm-none.linux64_1.13.0.201701261201/tools/compiler/bin/../lib/gcc/arm-none-eabi/5.4.1/../../../../arm-none-eabi/lib/armv7e-m/fpu/libnosys.a(sbrk.o)
 .ARM.attributes
                0x00000dfc       0x22 /home/gs-ms/Ac6/SystemWorkbench/plugins/fr.ac6.mcu.externaltools.arm-none.linux64_1.13.0.201701261201/tools/compiler/bin/../lib/gcc/arm-none-eabi/5.4.1/armv7e-m/fpu/crtn.o
OUTPUT(STM32_TEST.elf elf32-littlearm)

.debug_info     0x00000000    0x18fca
 .debug_info    0x00000000      0xa52 Drivers/STM32L4xx_HAL_Driver/Src/stm32l4xx_hal.o
 .debug_info    0x00000a52      0xe97 Drivers/STM32L4xx_HAL_Driver/Src/stm32l4xx_hal_cortex.o
 .debug_info    0x000018e9      0x7f9 Drivers/STM32L4xx_HAL_Driver/Src/stm32l4xx_hal_dma.o
 .debug_info    0x000020e2      0x7e8 Drivers/STM32L4xx_HAL_Driver/Src/stm32l4xx_hal_gpio.o
 .debug_info    0x000028ca      0xa43 Drivers/STM32L4xx_HAL_Driver/Src/stm32l4xx_hal_pwr_ex.o
 .debug_info    0x0000330d     0x1105 Drivers/STM32L4xx_HAL_Driver/Src/stm32l4xx_hal_rcc.o
 .debug_info    0x00004412     0x17e3 Drivers/STM32L4xx_HAL_Driver/Src/stm32l4xx_hal_rcc_ex.o
 .debug_info    0x00005bf5      0x4db Drivers/STM32L4xx_HAL_Driver/Src/stm32l4xx_hal_rng.o
 .debug_info    0x000060d0     0x1d97 Drivers/STM32L4xx_HAL_Driver/Src/stm32l4xx_hal_spi.o
 .debug_info    0x00007e67     0x2f2a Drivers/STM32L4xx_HAL_Driver/Src/stm32l4xx_hal_tim.o
 .debug_info    0x0000ad91     0x147b Drivers/STM32L4xx_HAL_Driver/Src/stm32l4xx_hal_tim_ex.o
 .debug_info    0x0000c20c     0x1af8 Drivers/STM32L4xx_HAL_Driver/Src/stm32l4xx_hal_uart.o
 .debug_info    0x0000dd04      0x937 Drivers/STM32L4xx_HAL_Driver/Src/stm32l4xx_hal_uart_ex.o
 .debug_info    0x0000e63b      0x599 Src/dma.o
 .debug_info    0x0000ebd4      0x7a1 Src/gpio.o
 .debug_info    0x0000f375     0x15f9 Src/main.o
 .debug_info    0x0001096e      0x493 Src/rng.o
 .debug_info    0x00010e01      0xdb5 Src/spi.o
 .debug_info    0x00011bb6      0x63a Src/stm32l4xx_hal_msp.o
 .debug_info    0x000121f0      0xd6f Src/stm32l4xx_it.o
 .debug_info    0x00012f5f      0x5b2 Src/system_stm32l4xx.o
 .debug_info    0x00013511      0xc09 Src/tim.o
 .debug_info    0x0001411a      0xf29 Src/usart.o
 .debug_info    0x00015043     0x26a2 User_Drivers/Src/cc1101_routine.o
 .debug_info    0x000176e5      0x30e User_Drivers/Src/circular_queue.o
 .debug_info    0x000179f3     0x1563 User_Drivers/Src/rs_work.o
 .debug_info    0x00018f56       0x74 startup/startup_stm32l476xx.o

.debug_abbrev   0x00000000     0x34a9
 .debug_abbrev  0x00000000      0x1f8 Drivers/STM32L4xx_HAL_Driver/Src/stm32l4xx_hal.o
 .debug_abbrev  0x000001f8      0x2e2 Drivers/STM32L4xx_HAL_Driver/Src/stm32l4xx_hal_cortex.o
 .debug_abbrev  0x000004da      0x201 Drivers/STM32L4xx_HAL_Driver/Src/stm32l4xx_hal_dma.o
 .debug_abbrev  0x000006db      0x1cd Drivers/STM32L4xx_HAL_Driver/Src/stm32l4xx_hal_gpio.o
 .debug_abbrev  0x000008a8      0x235 Drivers/STM32L4xx_HAL_Driver/Src/stm32l4xx_hal_pwr_ex.o
 .debug_abbrev  0x00000add      0x2ae Drivers/STM32L4xx_HAL_Driver/Src/stm32l4xx_hal_rcc.o
 .debug_abbrev  0x00000d8b      0x2a7 Drivers/STM32L4xx_HAL_Driver/Src/stm32l4xx_hal_rcc_ex.o
 .debug_abbrev  0x00001032      0x1c7 Drivers/STM32L4xx_HAL_Driver/Src/stm32l4xx_hal_rng.o
 .debug_abbrev  0x000011f9      0x22c Drivers/STM32L4xx_HAL_Driver/Src/stm32l4xx_hal_spi.o
 .debug_abbrev  0x00001425      0x21b Drivers/STM32L4xx_HAL_Driver/Src/stm32l4xx_hal_tim.o
 .debug_abbrev  0x00001640      0x21b Drivers/STM32L4xx_HAL_Driver/Src/stm32l4xx_hal_tim_ex.o
 .debug_abbrev  0x0000185b      0x25b Drivers/STM32L4xx_HAL_Driver/Src/stm32l4xx_hal_uart.o
 .debug_abbrev  0x00001ab6      0x1eb Drivers/STM32L4xx_HAL_Driver/Src/stm32l4xx_hal_uart_ex.o
 .debug_abbrev  0x00001ca1      0x114 Src/dma.o
 .debug_abbrev  0x00001db5      0x151 Src/gpio.o
 .debug_abbrev  0x00001f06      0x26f Src/main.o
 .debug_abbrev  0x00002175      0x14e Src/rng.o
 .debug_abbrev  0x000022c3      0x1f6 Src/spi.o
 .debug_abbrev  0x000024b9      0x114 Src/stm32l4xx_hal_msp.o
 .debug_abbrev  0x000025cd      0x1c8 Src/stm32l4xx_it.o
 .debug_abbrev  0x00002795      0x125 Src/system_stm32l4xx.o
 .debug_abbrev  0x000028ba      0x1bc Src/tim.o
 .debug_abbrev  0x00002a76      0x1bc Src/usart.o
 .debug_abbrev  0x00002c32      0x3c8 User_Drivers/Src/cc1101_routine.o
 .debug_abbrev  0x00002ffa      0x146 User_Drivers/Src/circular_queue.o
 .debug_abbrev  0x00003140      0x357 User_Drivers/Src/rs_work.o
 .debug_abbrev  0x00003497       0x12 startup/startup_stm32l476xx.o

.debug_loc      0x00000000     0xd92f
 .debug_loc     0x00000000      0x103 Drivers/STM32L4xx_HAL_Driver/Src/stm32l4xx_hal.o
 .debug_loc     0x00000103      0x527 Drivers/STM32L4xx_HAL_Driver/Src/stm32l4xx_hal_cortex.o
 .debug_loc     0x0000062a      0x6d9 Drivers/STM32L4xx_HAL_Driver/Src/stm32l4xx_hal_dma.o
 .debug_loc     0x00000d03      0x30a Drivers/STM32L4xx_HAL_Driver/Src/stm32l4xx_hal_gpio.o
 .debug_loc     0x0000100d      0x8f5 Drivers/STM32L4xx_HAL_Driver/Src/stm32l4xx_hal_pwr_ex.o
 .debug_loc     0x00001902      0x802 Drivers/STM32L4xx_HAL_Driver/Src/stm32l4xx_hal_rcc.o
 .debug_loc     0x00002104     0x1ed3 Drivers/STM32L4xx_HAL_Driver/Src/stm32l4xx_hal_rcc_ex.o
 .debug_loc     0x00003fd7      0x2df Drivers/STM32L4xx_HAL_Driver/Src/stm32l4xx_hal_rng.o
 .debug_loc     0x000042b6     0x194a Drivers/STM32L4xx_HAL_Driver/Src/stm32l4xx_hal_spi.o
 .debug_loc     0x00005c00     0x34c3 Drivers/STM32L4xx_HAL_Driver/Src/stm32l4xx_hal_tim.o
 .debug_loc     0x000090c3     0x1431 Drivers/STM32L4xx_HAL_Driver/Src/stm32l4xx_hal_tim_ex.o
 .debug_loc     0x0000a4f4     0x15fb Drivers/STM32L4xx_HAL_Driver/Src/stm32l4xx_hal_uart.o
 .debug_loc     0x0000baef      0x2ac Drivers/STM32L4xx_HAL_Driver/Src/stm32l4xx_hal_uart_ex.o
 .debug_loc     0x0000bd9b       0x5f Src/main.o
 .debug_loc     0x0000bdfa       0xe5 Src/spi.o
 .debug_loc     0x0000bedf      0x171 Src/system_stm32l4xx.o
 .debug_loc     0x0000c050       0x4d Src/tim.o
 .debug_loc     0x0000c09d       0x94 Src/usart.o
 .debug_loc     0x0000c131      0x9d6 User_Drivers/Src/cc1101_routine.o
 .debug_loc     0x0000cb07      0x1d0 User_Drivers/Src/circular_queue.o
 .debug_loc     0x0000ccd7      0xc58 User_Drivers/Src/rs_work.o

.debug_aranges  0x00000000     0x1310
 .debug_aranges
                0x00000000      0x100 Drivers/STM32L4xx_HAL_Driver/Src/stm32l4xx_hal.o
 .debug_aranges
                0x00000100       0x98 Drivers/STM32L4xx_HAL_Driver/Src/stm32l4xx_hal_cortex.o
 .debug_aranges
                0x00000198       0x80 Drivers/STM32L4xx_HAL_Driver/Src/stm32l4xx_hal_dma.o
 .debug_aranges
                0x00000218       0x58 Drivers/STM32L4xx_HAL_Driver/Src/stm32l4xx_hal_gpio.o
 .debug_aranges
                0x00000270      0x148 Drivers/STM32L4xx_HAL_Driver/Src/stm32l4xx_hal_pwr_ex.o
 .debug_aranges
                0x000003b8       0x88 Drivers/STM32L4xx_HAL_Driver/Src/stm32l4xx_hal_rcc.o
 .debug_aranges
                0x00000440       0xb8 Drivers/STM32L4xx_HAL_Driver/Src/stm32l4xx_hal_rcc_ex.o
 .debug_aranges
                0x000004f8       0x80 Drivers/STM32L4xx_HAL_Driver/Src/stm32l4xx_hal_rng.o
 .debug_aranges
                0x00000578      0x1d8 Drivers/STM32L4xx_HAL_Driver/Src/stm32l4xx_hal_spi.o
 .debug_aranges
                0x00000750      0x378 Drivers/STM32L4xx_HAL_Driver/Src/stm32l4xx_hal_tim.o
 .debug_aranges
                0x00000ac8      0x150 Drivers/STM32L4xx_HAL_Driver/Src/stm32l4xx_hal_tim_ex.o
 .debug_aranges
                0x00000c18      0x1e8 Drivers/STM32L4xx_HAL_Driver/Src/stm32l4xx_hal_uart.o
 .debug_aranges
                0x00000e00       0x50 Drivers/STM32L4xx_HAL_Driver/Src/stm32l4xx_hal_uart_ex.o
 .debug_aranges
                0x00000e50       0x20 Src/dma.o
 .debug_aranges
                0x00000e70       0x20 Src/gpio.o
 .debug_aranges
                0x00000e90       0x38 Src/main.o
 .debug_aranges
                0x00000ec8       0x30 Src/rng.o
 .debug_aranges
                0x00000ef8       0x38 Src/spi.o
 .debug_aranges
                0x00000f30       0x20 Src/stm32l4xx_hal_msp.o
 .debug_aranges
                0x00000f50       0x98 Src/stm32l4xx_it.o
 .debug_aranges
                0x00000fe8       0x28 Src/system_stm32l4xx.o
 .debug_aranges
                0x00001010       0x30 Src/tim.o
 .debug_aranges
                0x00001040       0x48 Src/usart.o
 .debug_aranges
                0x00001088      0x140 User_Drivers/Src/cc1101_routine.o
 .debug_aranges
                0x000011c8       0x48 User_Drivers/Src/circular_queue.o
 .debug_aranges
                0x00001210       0xd8 User_Drivers/Src/rs_work.o
 .debug_aranges
                0x000012e8       0x28 startup/startup_stm32l476xx.o

.debug_ranges   0x00000000     0x1180
 .debug_ranges  0x00000000       0xf0 Drivers/STM32L4xx_HAL_Driver/Src/stm32l4xx_hal.o
 .debug_ranges  0x000000f0       0x88 Drivers/STM32L4xx_HAL_Driver/Src/stm32l4xx_hal_cortex.o
 .debug_ranges  0x00000178       0x70 Drivers/STM32L4xx_HAL_Driver/Src/stm32l4xx_hal_dma.o
 .debug_ranges  0x000001e8       0x48 Drivers/STM32L4xx_HAL_Driver/Src/stm32l4xx_hal_gpio.o
 .debug_ranges  0x00000230      0x138 Drivers/STM32L4xx_HAL_Driver/Src/stm32l4xx_hal_pwr_ex.o
 .debug_ranges  0x00000368       0x90 Drivers/STM32L4xx_HAL_Driver/Src/stm32l4xx_hal_rcc.o
 .debug_ranges  0x000003f8       0xa8 Drivers/STM32L4xx_HAL_Driver/Src/stm32l4xx_hal_rcc_ex.o
 .debug_ranges  0x000004a0       0x70 Drivers/STM32L4xx_HAL_Driver/Src/stm32l4xx_hal_rng.o
 .debug_ranges  0x00000510      0x1c8 Drivers/STM32L4xx_HAL_Driver/Src/stm32l4xx_hal_spi.o
 .debug_ranges  0x000006d8      0x368 Drivers/STM32L4xx_HAL_Driver/Src/stm32l4xx_hal_tim.o
 .debug_ranges  0x00000a40      0x140 Drivers/STM32L4xx_HAL_Driver/Src/stm32l4xx_hal_tim_ex.o
 .debug_ranges  0x00000b80      0x1d8 Drivers/STM32L4xx_HAL_Driver/Src/stm32l4xx_hal_uart.o
 .debug_ranges  0x00000d58       0x40 Drivers/STM32L4xx_HAL_Driver/Src/stm32l4xx_hal_uart_ex.o
 .debug_ranges  0x00000d98       0x10 Src/dma.o